Archive member included because of file (symbol)

/home/nrikee/devkitPro/libnds/lib/libmm9.a(mm_comms.o)
                              main.o (mmStart)
/home/nrikee/devkitPro/libnds/lib/libmm9.a(mm_main9.o)
                              /home/nrikee/devkitPro/libnds/lib/libmm9.a(mm_comms.o) (mmCallback)
/home/nrikee/devkitPro/libnds/lib/libmm9.a(mm_memory.o)
                              main.o (mmLoad)
/home/nrikee/devkitPro/libnds/lib/libmm9.a(mm_soundbank.o)
                              /home/nrikee/devkitPro/libnds/lib/libmm9.a(mm_main9.o) (mmSoundBankInMemory)
/home/nrikee/devkitPro/libnds/lib/libmm9.a(mm_flusher.o)
                              /home/nrikee/devkitPro/libnds/lib/libmm9.a(mm_memory.o) (mmFlushBank)
/home/nrikee/devkitPro/libnds/lib/libnds9.a(background.o)
                              main.o (bgState)
/home/nrikee/devkitPro/libnds/lib/libnds9.a(console.o)
                              main.o (consoleInit)
/home/nrikee/devkitPro/libnds/lib/libnds9.a(decompress.o)
                              main.o (decompress)
/home/nrikee/devkitPro/libnds/lib/libnds9.a(keys.o)
                              main.o (scanKeys)
/home/nrikee/devkitPro/libnds/lib/libnds9.a(touch.o)
                              main.o (touchRead)
/home/nrikee/devkitPro/libnds/lib/libnds9.a(trig.o)
                              /home/nrikee/devkitPro/libnds/lib/libnds9.a(background.o) (sinLerp)
/home/nrikee/devkitPro/libnds/lib/libnds9.a(initSystem.o)
                              /home/nrikee/devkitPro/devkitARM/bin/../lib/gcc/arm-none-eabi/4.9.2/../../../../arm-none-eabi/lib/ds_arm9_crt0.o (initSystem)
/home/nrikee/devkitPro/libnds/lib/libnds9.a(fifosystem.o)
                              /home/nrikee/devkitPro/libnds/lib/libmm9.a(mm_comms.o) (fifoSetValue32Handler)
/home/nrikee/devkitPro/libnds/lib/libnds9.a(interrupts.o)
                              /home/nrikee/devkitPro/libnds/lib/libnds9.a(fifosystem.o) (irqSet)
/home/nrikee/devkitPro/libnds/lib/libnds9.a(libnds_exit.arm.o)
                              /home/nrikee/devkitPro/devkitARM/bin/../lib/gcc/arm-none-eabi/4.9.2/../../../../arm-none-eabi/lib/ds_arm9_crt0.o (__libnds_exit)
/home/nrikee/devkitPro/libnds/lib/libnds9.a(syscalls.o)
                              /home/nrikee/devkitPro/libnds/lib/libnds9.a(decompress.o) (swiDecompressLZSSVram)
/home/nrikee/devkitPro/libnds/lib/libnds9.a(timers.o)
                              main.o (timerStart)
/home/nrikee/devkitPro/libnds/lib/libnds9.a(mpu_setup.o)
                              /home/nrikee/devkitPro/devkitARM/bin/../lib/gcc/arm-none-eabi/4.9.2/../../../../arm-none-eabi/lib/ds_arm9_crt0.o (__libnds_mpu_setup)
/home/nrikee/devkitPro/libnds/lib/libnds9.a(biosCalls.o)
                              /home/nrikee/devkitPro/libnds/lib/libnds9.a(fifosystem.o) (swiIntrWait)
/home/nrikee/devkitPro/libnds/lib/libnds9.a(debugprint.o)
                              /home/nrikee/devkitPro/libnds/lib/libnds9.a(console.o) (nocashWrite)
/home/nrikee/devkitPro/libnds/lib/libnds9.a(interruptDispatcher.o)
                              /home/nrikee/devkitPro/libnds/lib/libnds9.a(interrupts.o) (IntrMain)
/home/nrikee/devkitPro/libnds/lib/libnds9.a(swiSoftReset.o)
                              /home/nrikee/devkitPro/libnds/lib/libnds9.a(fifosystem.o) (swiSoftReset)
/home/nrikee/devkitPro/libnds/lib/libnds9.a(default_font.bin.o)
                              /home/nrikee/devkitPro/libnds/lib/libnds9.a(console.o) (default_font_bin)
/home/nrikee/devkitPro/libnds/lib/libnds9.a(system.o)
                              /home/nrikee/devkitPro/libnds/lib/libnds9.a(initSystem.o) (systemValueHandler)
/home/nrikee/devkitPro/libnds/lib/libnds9.a(video.o)
                              /home/nrikee/devkitPro/libnds/lib/libnds9.a(initSystem.o) (vramDefault)
/home/nrikee/devkitPro/devkitARM/bin/../lib/gcc/arm-none-eabi/4.9.2/libgcc.a(_divsi3.o)
                              main.o (__aeabi_idivmod)
/home/nrikee/devkitPro/devkitARM/bin/../lib/gcc/arm-none-eabi/4.9.2/libgcc.a(_dvmd_tls.o)
                              /home/nrikee/devkitPro/devkitARM/bin/../lib/gcc/arm-none-eabi/4.9.2/libgcc.a(_divsi3.o) (__aeabi_idiv0)
/home/nrikee/devkitPro/devkitARM/bin/../lib/gcc/arm-none-eabi/4.9.2/../../../../arm-none-eabi/lib/libg.a(lib_a-bsearch.o)
                              /home/nrikee/devkitPro/libnds/lib/libnds9.a(trig.o) (bsearch)
/home/nrikee/devkitPro/devkitARM/bin/../lib/gcc/arm-none-eabi/4.9.2/../../../../arm-none-eabi/lib/libg.a(lib_a-fclose.o)
                              /home/nrikee/devkitPro/libnds/lib/libmm9.a(mm_main9.o) (fclose)
/home/nrikee/devkitPro/devkitARM/bin/../lib/gcc/arm-none-eabi/4.9.2/../../../../arm-none-eabi/lib/libg.a(lib_a-fflush.o)
                              /home/nrikee/devkitPro/devkitARM/bin/../lib/gcc/arm-none-eabi/4.9.2/../../../../arm-none-eabi/lib/libg.a(lib_a-fclose.o) (_fflush_r)
/home/nrikee/devkitPro/devkitARM/bin/../lib/gcc/arm-none-eabi/4.9.2/../../../../arm-none-eabi/lib/libg.a(lib_a-findfp.o)
[...]
Memory Configuration

Name             Origin             Length             Attributes
rom              0x0000000008000000 0x0000000002000000
ewram            0x0000000002000000 0x00000000003ff000
dtcm             0x000000000b000000 0x0000000000004000
vectors          0x0000000001000000 0x0000000000000100
itcm             0x0000000001000100 0x0000000000007f00
*default*        0x0000000000000000 0xffffffffffffffff

Linker script and memory map

                0x0000000001000000                __vectors_start = ORIGIN (vectors)
                0x0000000001000100                __itcm_start = ORIGIN (itcm)
                0x00000000023ff000                __ewram_end = (ORIGIN (ewram) + 0x3ff000)
                0x00000000023ff000                __eheap_end = (ORIGIN (ewram) + 0x3ff000)
                0x000000000b000000                __dtcm_start = ORIGIN (dtcm)
                0x000000000b004000                __dtcm_top = (ORIGIN (dtcm) + 0x4000)
                0x000000000b003ff8                __irq_flags = (__dtcm_top - 0x8)
                0x000000000b003ffc                __irq_vector = (__dtcm_top - 0x4)
                0x000000000b003f00                __sp_svc = (__dtcm_top - 0x100)
                0x000000000b003e00                __sp_irq = (__sp_svc - 0x100)
                0x000000000b003d00                __sp_usr = (__sp_irq - 0x100)

.init           0x0000000002000000      0x248
                0x0000000002000000                __text_start = .
 *(.init)
 .init          0x0000000002000000      0x230 /home/nrikee/devkitPro/devkitARM/bin/../lib/gcc/arm-none-eabi/4.9.2/../../../../arm-none-eabi/lib/ds_arm9_crt0.o
                0x0000000002000000                _start
 .init          0x0000000002000230        0xc /home/nrikee/devkitPro/devkitARM/bin/../lib/gcc/arm-none-eabi/4.9.2/crti.o
                0x0000000002000230                _init
 .init          0x000000000200023c        0xc /home/nrikee/devkitPro/devkitARM/bin/../lib/gcc/arm-none-eabi/4.9.2/crtn.o
                0x0000000002000248                . = ALIGN (0x4)

.plt
 *(.plt)

.text           0x0000000002000250    0x15d38
 *(EXCLUDE_FILE(*.itcm*) .text)
 .text          0x0000000002000250        0x0 /home/nrikee/devkitPro/devkitARM/bin/../lib/gcc/arm-none-eabi/4.9.2/../../../../arm-none-eabi/lib/ds_arm9_crt0.o
 .text          0x0000000002000250        0x0 /home/nrikee/devkitPro/devkitARM/bin/../lib/gcc/arm-none-eabi/4.9.2/crti.o
 .text          0x0000000002000250      0x108 /home/nrikee/devkitPro/devkitARM/bin/../lib/gcc/arm-none-eabi/4.9.2/crtbegin.o
 .text          0x0000000002000358        0x0 soundbank.bin.o
 .text          0x0000000002000358        0x0 blue.o
 .text          0x0000000002000358        0x0 chromeP2.o
 .text          0x0000000002000358        0x0 green.o
 .text          0x0000000002000358        0x0 menu.o
 .text          0x0000000002000358        0x0 portada.o
 .text          0x0000000002000358        0x0 red.o
 .text          0x0000000002000358        0x0 topscreen.o
 .text          0x0000000002000358        0x0 yellow.o
 .text          0x0000000002000358      0x5e4 main.o
                0x0000000002000358                updateTimer
                0x00000000020003e4                initSol
                0x0000000002000408                sleep
                0x0000000002000470                changeTimer
                0x0000000002000518                randint
                0x0000000002000584                randchar
                0x00000000020005c4                appendSol
                0x0000000002000688                loadBG
                0x000000000200074c                confirm
                0x0000000002000768                selection
 .text          0x000000000200093c       0xf0 mainMenu.o
                0x000000000200093c                loadMenu
 .text          0x0000000002000a2c      0x24c /home/nrikee/devkitPro/libnds/lib/libmm9.a(mm_comms.o)
                0x0000000002000a2c                mmSetupComms
                0x0000000002000a7e                mmSendBank
                0x0000000002000a88                mmLockChannels
                0x0000000002000a8e                mmUnlockChannels
                0x0000000002000a94                mmStart
                0x0000000002000a9e                mmPause
                0x0000000002000aa2                mmResume
                0x0000000002000aa6                mmStop
                0x0000000002000aaa                mmPosition
                0x0000000002000aae                mmJingle
                0x0000000002000ab2                mmSetModuleVolume
                0x0000000002000ab6                mmSetJingleVolume
                0x0000000002000aba                mmSetModuleTempo
                0x0000000002000abe                mmSetModulePitch
                0x0000000002000ac2                mmSetEffectsVolume
                0x0000000002000ac6                mmSelectMode
                0x0000000002000aca                mmStreamBegin
                0x0000000002000ade                mmStreamEnd
                0x0000000002000b34                mmEffect
                0x0000000002000b58                mmEffectVolume
                0x0000000002000b5c                mmEffectPanning
                0x0000000002000b60                mmEffectRate
                0x0000000002000b6a                mmEffectScaleRate
                0x0000000002000b74                mmEffectRelease
                0x0000000002000b7a                mmEffectCancel
                0x0000000002000b80                mmEffectEx
                0x0000000002000bbe                mmEffectCancelAll
                0x0000000002000bc2                mmReverbEnable
                0x0000000002000bc6                mmReverbDisable
                0x0000000002000bca                mmReverbConfigure
                0x0000000002000c26                mmReverbStart
                0x0000000002000c2a                mmReverbStop
 .text          0x0000000002000c78      0x108 /home/nrikee/devkitPro/libnds/lib/libmm9.a(mm_main9.o)
                0x0000000002000c78                mmActive
                0x0000000002000c7e                mmSetEventHandler
                0x0000000002000c84                mmInit
                0x0000000002000cae                mmInitDefault
                0x0000000002000cf8                mmInitDefaultMem
                0x0000000002000d1a                mmSuspendIRQ_t
                0x0000000002000d38                mmRestoreIRQ_t
 .text          0x0000000002000d80      0x120 /home/nrikee/devkitPro/libnds/lib/libmm9.a(mm_memory.o)
                0x0000000002000d80                mmLoad
                0x0000000002000dd0                mmUnload
                0x0000000002000e28                mmLoadEffect
                0x0000000002000e60                mmUnloadEffect
 .text          0x0000000002000ea0      0x100 /home/nrikee/devkitPro/libnds/lib/libmm9.a(mm_soundbank.o)
                0x0000000002000ea0                mmSoundBankInMemory
                0x0000000002000ea8                mmSoundBankInFiles
                0x0000000002000eba                mmSetCustomSoundBankHandler
                0x0000000002000ee6                mmsHandleFileOp
 .text          0x0000000002000fa0       0x3c /home/nrikee/devkitPro/libnds/lib/libmm9.a(mm_flusher.o)
                0x0000000002000fa0                mmFlushBank
 .text          0x0000000002000fdc      0x3bc /home/nrikee/devkitPro/libnds/lib/libnds9.a(background.o)
                0x0000000002000fdc                bgIsText
                0x0000000002000fe8                checkIfText
                0x0000000002001040                bgUpdate
                0x0000000002001134                bgInit_call
                0x000000000200125c                bgInitSub_call
 .text          0x0000000002001398     0x116c /home/nrikee/devkitPro/libnds/lib/libnds9.a(console.o)
                0x0000000002001604                nocash_write
                0x000000000200167c                con_write
                0x0000000002001bb0                consoleGetDefault
                0x0000000002001bbc                consoleLoadFont
                0x0000000002001f24                consoleInit
                0x0000000002002150                consoleSelect
                0x0000000002002160                consoleSetFont
                0x0000000002002180                consoleDebugInit
                0x00000000020021d4                consoleDemoInit
                0x00000000020023dc                consolePrintChar
                0x00000000020024d4                consoleClear
                0x00000000020024e4                consoleSetWindow
 .text          0x0000000002002504       0x84 /home/nrikee/devkitPro/libnds/lib/libnds9.a(decompress.o)
                0x0000000002002504                getHeader
                0x0000000002002508                readByte
                0x000000000200250c                decompress
                0x000000000200254c                decompressStream
 .text          0x0000000002002588       0xf4 /home/nrikee/devkitPro/libnds/lib/libnds9.a(keys.o)
                0x0000000002002588                scanKeys
                0x00000000020025f4                keysHeld
                0x0000000002002600                keysDown
                0x0000000002002610                keysDownRepeat
                0x0000000002002620                keysSetRepeat
                0x0000000002002638                keysUp
                0x0000000002002648                keysCurrent
 .text          0x000000000200267c       0x48 /home/nrikee/devkitPro/libnds/lib/libnds9.a(touch.o)
                0x000000000200267c                touchRead
                0x00000000020026a0                touchReadXY
 .text          0x00000000020026c4      0x3a8 /home/nrikee/devkitPro/libnds/lib/libnds9.a(trig.o)
                0x00000000020026c4                asinComp
                0x00000000020026e8                sinLutLookup
                0x0000000002002720                sinLerp
                0x00000000020027b0                cosLerp
                0x000000000200286c                tanLutLookup
                0x00000000020028a4                tanLerp
                0x000000000200294c                asinLerp
                0x00000000020029c8                acosLerp
                0x0000000002002a44                atanComp
 .text          0x0000000002002a6c      0x19c /home/nrikee/devkitPro/libnds/lib/libnds9.a(initSystem.o)
                0x0000000002002a6c                initSystem
 .text          0x0000000002002c08      0xcb8 /home/nrikee/devkitPro/libnds/lib/libnds9.a(fifosystem.o)
                0x0000000002002ecc                fifoSetValue32Handler
                0x0000000002002f40                fifoSendAddress
                0x0000000002002f6c                fifoSendValue32
                0x0000000002002fa8                fifoSendDatamsg
                0x000000000200301c                fifoGetAddress
                0x0000000002003088                fifoSetAddressHandler
                0x00000000020030fc                fifoGetValue32
                0x0000000002003110                fifoGetDatamsg
                0x00000000020035c4                fifoSetDatamsgHandler
                0x0000000002003658                fifoCheckAddress
                0x000000000200367c                fifoCheckDatamsg
                0x00000000020036a0                fifoCheckDatamsgLength
                0x00000000020036d0                fifoCheckValue32
                0x00000000020036f4                fifoInit
 .text          0x00000000020038c0      0x244 /home/nrikee/devkitPro/libnds/lib/libnds9.a(interrupts.o)
                0x00000000020038c0                irqDummy
                0x00000000020038c4                irqSet
                0x0000000002003930                irqInit
                0x000000000200397c                irqInitHandler
                0x00000000020039ac                irqEnable
                0x0000000002003a10                irqDisable
                0x0000000002003a74                irqClear
 .text          0x0000000002003b04       0x5c /home/nrikee/devkitPro/libnds/lib/libnds9.a(libnds_exit.arm.o)
                0x0000000002003b04                systemErrorExit
                0x0000000002003b08                __libnds_exit
 .text          0x0000000002003b60       0x1c /home/nrikee/devkitPro/libnds/lib/libnds9.a(syscalls.o)
                0x0000000002003b60                swiDecompressLZSSVram
 .text          0x0000000002003b7c      0x1b4 /home/nrikee/devkitPro/libnds/lib/libnds9.a(timers.o)
                0x0000000002003b7c                timerStart
                0x0000000002003bc4                timerElapsed
                0x0000000002003bf4                timerPause
                0x0000000002003c34                timerStop
                0x0000000002003c70                cpuStartTiming
                0x0000000002003cac                cpuGetTiming
                0x0000000002003ce8                cpuEndTiming
 .text          0x0000000002003d30      0x1b4 /home/nrikee/devkitPro/libnds/lib/libnds9.a(mpu_setup.o)
                0x0000000002003d30                __libnds_mpu_setup
                0x0000000002003e70                memCached
                0x0000000002003e88                memUncached
 *fill*         0x0000000002003ee4        0xc ff
 .text          0x0000000002003ef0       0x70 /home/nrikee/devkitPro/libnds/lib/libnds9.a(biosCalls.o)
                0x0000000002003ef0                swiDelay
                0x0000000002003ef4                swiIntrWait
                0x0000000002003ef8                swiWaitForVBlank
                0x0000000002003efc                swiSleep
                0x0000000002003f00                swiChangeSoundBias
                0x0000000002003f04                swiDivide
                0x0000000002003f08                swiRemainder
                0x0000000002003f0e                swiDivMod
                0x0000000002003f1a                swiCopy
                0x0000000002003f1e                swiFastCopy
                0x0000000002003f22                swiSqrt
                0x0000000002003f26                swiCRC16
                0x0000000002003f2a                swiIsDebugger
                0x0000000002003f2e                swiUnpackBits
                0x0000000002003f32                swiDecompressLZSSWram
                0x0000000002003f36                swiDecompressLZSSVramNTR
                0x0000000002003f3a                swiDecompressLZSSVramTWL
                0x0000000002003f3e                swiDecompressHuffman
                0x0000000002003f42                swiDecompressRLEWram
                0x0000000002003f46                swiDecompressRLEVram
                0x0000000002003f4a                swiWaitForIRQ
                0x0000000002003f4e                swiDecodeDelta8
                0x0000000002003f52                swiDecodeDelta16
                0x0000000002003f56                swiSetHaltCR
 .text          0x0000000002003f60       0xa4 /home/nrikee/devkitPro/libnds/lib/libnds9.a(debugprint.o)
                0x0000000002003f60                nocashWrite
                0x0000000002003f62                nocashMessage
 .text          0x0000000002004004        0x0 /home/nrikee/devkitPro/libnds/lib/libnds9.a(interruptDispatcher.o)
 *fill*         0x0000000002004004        0xc ff
 .text          0x0000000002004010       0x30 /home/nrikee/devkitPro/libnds/lib/libnds9.a(swiSoftReset.o)
                0x0000000002004010                swiSoftReset
 .text          0x0000000002004040        0x0 /home/nrikee/devkitPro/libnds/lib/libnds9.a(default_font.bin.o)
 .text          0x0000000002004040      0x140 /home/nrikee/devkitPro/libnds/lib/libnds9.a(system.o)
                0x0000000002004040                setSDcallback
                0x000000000200404c                systemValueHandler
                0x0000000002004094                systemMsgHandler
                0x00000000020040e4                systemSleep
                0x00000000020040fc                powerOn
                0x0000000002004128                powerOff
                0x0000000002004150                ledBlink
                0x0000000002004160                getBatteryLevel
 .text          0x0000000002004180      0x1f8 /home/nrikee/devkitPro/libnds/lib/libnds9.a(video.o)
                0x0000000002004180                vramSetPrimaryBanks
                0x00000000020041c4                vramSetMainBanks
                0x0000000002004208                vramSetBanks_EFG
                0x0000000002004240                vramRestorePrimaryBanks
                0x000000000200424c                vramRestoreMainBanks
                0x0000000002004258                vramRestoreBanks_EFG
                0x0000000002004264                setBrightness
                0x00000000020042a4                vramDefault
 .text          0x0000000002004378      0x148 /home/nrikee/devkitPro/devkitARM/bin/../lib/gcc/arm-none-eabi/4.9.2/libgcc.a(_divsi3.o)
                0x0000000002004378                __aeabi_idiv
                0x0000000002004378                __divsi3
                0x00000000020044a0                __aeabi_idivmod
 .text          0x00000000020044c0        0x4 /home/nrikee/devkitPro/devkitARM/bin/../lib/gcc/arm-none-eabi/4.9.2/libgcc.a(_dvmd_tls.o)
                0x00000000020044c0                __aeabi_ldiv0
                0x00000000020044c0                __aeabi_idiv0
 .text          0x00000000020044c4       0x84 /home/nrikee/devkitPro/devkitARM/bin/../lib/gcc/arm-none-eabi/4.9.2/../../../../arm-none-eabi/lib/libg.a(lib_a-bsearch.o)
                0x00000000020044c4                bsearch
 .text          0x0000000002004548      0x110 /home/nrikee/devkitPro/devkitARM/bin/../lib/gcc/arm-none-eabi/4.9.2/../../../../arm-none-eabi/lib/libg.a(lib_a-fclose.o)
                0x0000000002004548                _fclose_r
                0x0000000002004644                fclose
 .text          0x0000000002004658      0x2d0 /home/nrikee/devkitPro/devkitARM/bin/../lib/gcc/arm-none-eabi/4.9.2/../../../../arm-none-eabi/lib/libg.a(lib_a-fflush.o)
                0x0000000002004658                __sflush_r
                0x0000000002004898                _fflush_r
                0x00000000020048ec                fflush
 .text          0x0000000002004928      0x350 /home/nrikee/devkitPro/devkitARM/bin/../lib/gcc/arm-none-eabi/4.9.2/../../../../arm-none-eabi/lib/libg.a(lib_a-findfp.o)
                0x0000000002004938                _cleanup_r
                0x0000000002004ab0                __sfmoreglue
                0x0000000002004b00                __sfp
                0x0000000002004bec                _cleanup
                0x0000000002004c10                __sinit
                0x0000000002004c20                __sfp_lock_acquire
                0x0000000002004c24                __sfp_lock_release
                0x0000000002004c28                __sinit_lock_acquire
                0x0000000002004c2c                __sinit_lock_release
                0x0000000002004c30                __fp_lock_all
                0x0000000002004c54                __fp_unlock_all
 .text          0x0000000002004c78      0x114 /home/nrikee/devkitPro/devkitARM/bin/../lib/gcc/arm-none-eabi/4.9.2/../../../../arm-none-eabi/lib/libg.a(lib_a-fopen.o)
                0x0000000002004c78                _fopen_r
                0x0000000002004d74                fopen
 .text          0x0000000002004d8c      0x270 /home/nrikee/devkitPro/devkitARM/bin/../lib/gcc/arm-none-eabi/4.9.2/../../../../arm-none-eabi/lib/libg.a(lib_a-fread.o)
                0x0000000002004d8c                _fread_r
                0x0000000002004fbc                fread
 .text          0x0000000002004ffc      0x3bc /home/nrikee/devkitPro/devkitARM/bin/../lib/gcc/arm-none-eabi/4.9.2/../../../../arm-none-eabi/lib/libg.a(lib_a-freer.o)
                0x0000000002004ffc                _malloc_trim_r
                0x00000000020050fc                _free_r
 .text          0x00000000020053b8       0x3c /home/nrikee/devkitPro/devkitARM/bin/../lib/gcc/arm-none-eabi/4.9.2/../../../../arm-none-eabi/lib/libg.a(lib_a-fseek.o)
                0x00000000020053b8                _fseek_r
                0x00000000020053c8                fseek
 .text          0x00000000020053f4      0x4a8 /home/nrikee/devkitPro/devkitARM/bin/../lib/gcc/arm-none-eabi/4.9.2/../../../../arm-none-eabi/lib/libg.a(lib_a-fseeko.o)
                0x00000000020053f4                _fseeko_r
                0x0000000002005874                fseeko
 .text          0x000000000200589c      0x110 /home/nrikee/devkitPro/devkitARM/bin/../lib/gcc/arm-none-eabi/4.9.2/../../../../arm-none-eabi/lib/libg.a(lib_a-fwalk.o)
                0x000000000200589c                _fwalk
                0x0000000002005920                _fwalk_reent
 .text          0x00000000020059ac        0x0 /home/nrikee/devkitPro/devkitARM/bin/../lib/gcc/arm-none-eabi/4.9.2/../../../../arm-none-eabi/lib/libg.a(lib_a-impure.o)
 .text          0x00000000020059ac       0x80 /home/nrikee/devkitPro/devkitARM/bin/../lib/gcc/arm-none-eabi/4.9.2/../../../../arm-none-eabi/lib/libg.a(lib_a-init.o)
                0x00000000020059ac                __libc_init_array
 .text          0x0000000002005a2c       0x74 /home/nrikee/devkitPro/devkitARM/bin/../lib/gcc/arm-none-eabi/4.9.2/../../../../arm-none-eabi/lib/libg.a(lib_a-iprintf.o)
                0x0000000002005a2c                iprintf
                0x0000000002005a6c                _iprintf_r
 .text          0x0000000002005aa0      0x168 /home/nrikee/devkitPro/devkitARM/bin/../lib/gcc/arm-none-eabi/4.9.2/../../../../arm-none-eabi/lib/libg.a(lib_a-makebuf.o)
                0x0000000002005aa0                __smakebuf_r
 .text          0x0000000002005c08       0x40 /home/nrikee/devkitPro/devkitARM/bin/../lib/gcc/arm-none-eabi/4.9.2/../../../../arm-none-eabi/lib/libg.a(lib_a-malloc.o)
                0x0000000002005c08                malloc
                0x0000000002005c28                free
 .text          0x0000000002005c48      0x724 /home/nrikee/devkitPro/devkitARM/bin/../lib/gcc/arm-none-eabi/4.9.2/../../../../arm-none-eabi/lib/libg.a(lib_a-mallocr.o)
                0x0000000002005c48                _malloc_r
 .text          0x000000000200636c       0xf0 /home/nrikee/devkitPro/devkitARM/bin/../lib/gcc/arm-none-eabi/4.9.2/../../../../arm-none-eabi/lib/libg.a(lib_a-memcpy-stub.o)
                0x000000000200636c                memcpy
 .text          0x000000000200645c       0xf4 /home/nrikee/devkitPro/devkitARM/bin/../lib/gcc/arm-none-eabi/4.9.2/../../../../arm-none-eabi/lib/libg.a(lib_a-memset.o)
                0x000000000200645c                memset
 .text          0x0000000002006550        0x8 /home/nrikee/devkitPro/devkitARM/bin/../lib/gcc/arm-none-eabi/4.9.2/../../../../arm-none-eabi/lib/libg.a(lib_a-mlock.o)
                0x0000000002006550                __malloc_lock
                0x0000000002006554                __malloc_unlock
 .text          0x0000000002006558       0x70 /home/nrikee/devkitPro/devkitARM/bin/../lib/gcc/arm-none-eabi/4.9.2/../../../../arm-none-eabi/lib/libg.a(lib_a-rand.o)
                0x0000000002006558                srand
                0x0000000002006574                rand
 .text          0x00000000020065c8      0x20c /home/nrikee/devkitPro/devkitARM/bin/../lib/gcc/arm-none-eabi/4.9.2/../../../../arm-none-eabi/lib/libg.a(lib_a-refill.o)
                0x00000000020065f4                __srefill_r
 .text          0x00000000020067d4      0x174 /home/nrikee/devkitPro/devkitARM/bin/../lib/gcc/arm-none-eabi/4.9.2/../../../../arm-none-eabi/lib/libg.a(lib_a-setvbuf.o)
                0x00000000020067d4                setvbuf
 .text          0x0000000002006948      0x100 /home/nrikee/devkitPro/devkitARM/bin/../lib/gcc/arm-none-eabi/4.9.2/../../../../arm-none-eabi/lib/libg.a(lib_a-siscanf.o)
                0x0000000002006948                siscanf
                0x00000000020069c8                _siscanf_r
 .text          0x0000000002006a48       0xd8 /home/nrikee/devkitPro/devkitARM/bin/../lib/gcc/arm-none-eabi/4.9.2/../../../../arm-none-eabi/lib/libg.a(lib_a-stdio.o)
                0x0000000002006a48                __sread
                0x0000000002006a7c                __seofread
                0x0000000002006a84                __swrite
                0x0000000002006adc                __sseek
                0x0000000002006b0c                __sclose
 .text          0x0000000002006b20       0x60 /home/nrikee/devkitPro/devkitARM/bin/../lib/gcc/arm-none-eabi/4.9.2/../../../../arm-none-eabi/lib/libg.a(lib_a-strlen.o)
                0x0000000002006b20                strlen
 .text          0x0000000002006b80     0x237c /home/nrikee/devkitPro/devkitARM/bin/../lib/gcc/arm-none-eabi/4.9.2/../../../../arm-none-eabi/lib/libg.a(lib_a-svfiscanf.o)
                0x0000000002006b80                _sungetc_r
                0x0000000002006c74                __ssrefill_r
                0x0000000002006ce0                _sfread_r
                0x0000000002006db8                __ssvfiscanf_r
 .text          0x0000000002008efc      0x24c /home/nrikee/devkitPro/devkitARM/bin/../lib/gcc/arm-none-eabi/4.9.2/../../../../arm-none-eabi/lib/libg.a(lib_a-ungetc.o)
                0x0000000002008efc                __submore
                0x0000000002008fac                _ungetc_r
                0x0000000002009130                ungetc
 .text          0x0000000002009148     0x3c00 /home/nrikee/devkitPro/devkitARM/bin/../lib/gcc/arm-none-eabi/4.9.2/../../../../arm-none-eabi/lib/libg.a(lib_a-vfiprintf.o)
                0x0000000002009a54                __sprint_r
                0x0000000002009a6c                _vfiprintf_r
                0x000000000200cc74                vfiprintf
 .text          0x000000000200cd48      0x138 /home/nrikee/devkitPro/devkitARM/bin/../lib/gcc/arm-none-eabi/4.9.2/../../../../arm-none-eabi/lib/libg.a(lib_a-wcrtomb.o)
                0x000000000200cd48                _wcrtomb_r
                0x000000000200cde0                wcrtomb
 .text          0x000000000200ce80       0x60 /home/nrikee/devkitPro/devkitARM/bin/../lib/gcc/arm-none-eabi/4.9.2/../../../../arm-none-eabi/lib/libg.a(lib_a-wcsrtombs.o)
                0x000000000200ce80                _wcsrtombs_r
                0x000000000200cea4                wcsrtombs
 .text          0x000000000200cee0      0x3cc /home/nrikee/devkitPro/devkitARM/bin/../lib/gcc/arm-none-eabi/4.9.2/../../../../arm-none-eabi/lib/libg.a(lib_a-wctomb_r.o)
                0x000000000200cee0                __utf8_wctomb
                0x000000000200cff4                _wctomb_r
                0x000000000200d044                __ascii_wctomb
                0x000000000200d06c                __sjis_wctomb
                0x000000000200d0f8                __eucjp_wctomb
                0x000000000200d1cc                __jis_wctomb
 .text          0x000000000200d2ac      0x160 /home/nrikee/devkitPro/devkitARM/bin/../lib/gcc/arm-none-eabi/4.9.2/../../../../arm-none-eabi/lib/libg.a(lib_a-wsetup.o)
                0x000000000200d2ac                __swsetup_r
 .text          0x000000000200d40c       0x18 /home/nrikee/devkitPro/devkitARM/bin/../lib/gcc/arm-none-eabi/4.9.2/../../../../arm-none-eabi/lib/libg.a(lib_a-ctype_.o)
                0x000000000200d40c                __set_ctype
 .text          0x000000000200d424       0xb8 /home/nrikee/devkitPro/devkitARM/bin/../lib/gcc/arm-none-eabi/4.9.2/../../../../arm-none-eabi/lib/libg.a(lib_a-flags.o)
                0x000000000200d424                __sflags
 .text          0x000000000200d4dc      0x190 /home/nrikee/devkitPro/devkitARM/bin/../lib/gcc/arm-none-eabi/4.9.2/../../../../arm-none-eabi/lib/libg.a(lib_a-fputwc.o)
                0x000000000200d4dc                _fputwc_r
                0x000000000200d628                fputwc
 .text          0x000000000200d66c      0x4ec /home/nrikee/devkitPro/devkitARM/bin/../lib/gcc/arm-none-eabi/4.9.2/../../../../arm-none-eabi/lib/libg.a(lib_a-fvwrite.o)
                0x000000000200d66c                __sfvwrite_r
 .text          0x000000000200db58       0x7c /home/nrikee/devkitPro/devkitARM/bin/../lib/gcc/arm-none-eabi/4.9.2/../../../../arm-none-eabi/lib/libg.a(lib_a-iswspace.o)
                0x000000000200db58                iswspace
 .text          0x000000000200dbd4      0x280 /home/nrikee/devkitPro/devkitARM/bin/../lib/gcc/arm-none-eabi/4.9.2/../../../../arm-none-eabi/lib/libg.a(lib_a-jp2uc.o)
                0x000000000200ddd8                _jp2uc
 .text          0x000000000200de54      0xd40 /home/nrikee/devkitPro/devkitARM/bin/../lib/gcc/arm-none-eabi/4.9.2/../../../../arm-none-eabi/lib/libg.a(lib_a-locale.o)
                0x000000000200e824                _setlocale_r
                0x000000000200eb2c                __locale_charset
                0x000000000200eb38                __locale_mb_cur_max
                0x000000000200eb48                __locale_msgcharset
                0x000000000200eb54                __locale_cjk_lang
                0x000000000200eb64                _localeconv_r
                0x000000000200eb70                setlocale
                0x000000000200eb88                localeconv
 .text          0x000000000200eb94      0x14c /home/nrikee/devkitPro/devkitARM/bin/../lib/gcc/arm-none-eabi/4.9.2/../../../../arm-none-eabi/lib/libg.a(lib_a-mbrtowc.o)
                0x000000000200eb94                _mbrtowc_r
                0x000000000200ec38                mbrtowc
 .text          0x000000000200ece0      0x784 /home/nrikee/devkitPro/devkitARM/bin/../lib/gcc/arm-none-eabi/4.9.2/../../../../arm-none-eabi/lib/libg.a(lib_a-mbtowc_r.o)
                0x000000000200ece0                __utf8_mbtowc
                0x000000000200efe4                _mbtowc_r
                0x000000000200f038                __ascii_mbtowc
                0x000000000200f084                __sjis_mbtowc
                0x000000000200f160                __eucjp_mbtowc
                0x000000000200f2b0                __jis_mbtowc
 .text          0x000000000200f464      0x118 /home/nrikee/devkitPro/devkitARM/bin/../lib/gcc/arm-none-eabi/4.9.2/../../../../arm-none-eabi/lib/libg.a(lib_a-memchr-stub.o)
                0x000000000200f464                memchr
 .text          0x000000000200f57c      0x12c /home/nrikee/devkitPro/devkitARM/bin/../lib/gcc/arm-none-eabi/4.9.2/../../../../arm-none-eabi/lib/libg.a(lib_a-memmove.o)
                0x000000000200f57c                memmove
 .text          0x000000000200f6a8      0x4dc /home/nrikee/devkitPro/devkitARM/bin/../lib/gcc/arm-none-eabi/4.9.2/../../../../arm-none-eabi/lib/libg.a(lib_a-reallocr.o)
                0x000000000200f6a8                _realloc_r
 .text          0x000000000200fb84       0xdc /home/nrikee/devkitPro/devkitARM/bin/../lib/gcc/arm-none-eabi/4.9.2/../../../../arm-none-eabi/lib/libg.a(lib_a-sccl.o)
                0x000000000200fb84                __sccl
 .text          0x000000000200fc60       0x6c /home/nrikee/devkitPro/devkitARM/bin/../lib/gcc/arm-none-eabi/4.9.2/../../../../arm-none-eabi/lib/libg.a(lib_a-strcasecmp.o)
                0x000000000200fc60                strcasecmp
 .text          0x000000000200fccc       0x84 /home/nrikee/devkitPro/devkitARM/bin/../lib/gcc/arm-none-eabi/4.9.2/../../../../arm-none-eabi/lib/libg.a(lib_a-strcat.o)
                0x000000000200fccc                strcat
 .text          0x000000000200fd50      0x160 /home/nrikee/devkitPro/devkitARM/bin/../lib/gcc/arm-none-eabi/4.9.2/../../../../arm-none-eabi/lib/libg.a(lib_a-strchr.o)
                0x000000000200fd50                strchr
 .text          0x000000000200feb0      0x230 /home/nrikee/devkitPro/devkitARM/bin/../lib/gcc/arm-none-eabi/4.9.2/../../../../arm-none-eabi/lib/libg.a(lib_a-strcmp.o)
                0x000000000200feb0                strcmp
 .text          0x00000000020100e0       0xf0 /home/nrikee/devkitPro/devkitARM/bin/../lib/gcc/arm-none-eabi/4.9.2/../../../../arm-none-eabi/lib/libg.a(lib_a-strcpy.o)
                0x00000000020100e0                strcpy
 .text          0x00000000020101d0       0x48 /home/nrikee/devkitPro/devkitARM/bin/../lib/gcc/arm-none-eabi/4.9.2/../../../../arm-none-eabi/lib/libg.a(lib_a-strlcpy.o)
                0x00000000020101d0                strlcpy
 .text          0x0000000002010218       0x94 /home/nrikee/devkitPro/devkitARM/bin/../lib/gcc/arm-none-eabi/4.9.2/../../../../arm-none-eabi/lib/libg.a(lib_a-strncasecmp.o)
                0x0000000002010218                strncasecmp
 .text          0x00000000020102ac      0x118 /home/nrikee/devkitPro/devkitARM/bin/../lib/gcc/arm-none-eabi/4.9.2/../../../../arm-none-eabi/lib/libg.a(lib_a-strncmp.o)
                0x00000000020102ac                strncmp
 .text          0x00000000020103c4       0xe4 /home/nrikee/devkitPro/devkitARM/bin/../lib/gcc/arm-none-eabi/4.9.2/../../../../arm-none-eabi/lib/libg.a(lib_a-strncpy.o)
                0x00000000020103c4                strncpy
 .text          0x00000000020104a8      0x2c8 /home/nrikee/devkitPro/devkitARM/bin/../lib/gcc/arm-none-eabi/4.9.2/../../../../arm-none-eabi/lib/libg.a(lib_a-strtoll_r.o)
                0x00000000020104a8                _strtoll_r
 .text          0x0000000002010770      0x204 /home/nrikee/devkitPro/devkitARM/bin/../lib/gcc/arm-none-eabi/4.9.2/../../../../arm-none-eabi/lib/libg.a(lib_a-strtol.o)
                0x0000000002010770                _strtol_r
                0x000000000201094c                strtol
 *fill*         0x0000000002010974        0x4 ff
 .text          0x0000000002010978      0x270 /home/nrikee/devkitPro/devkitARM/bin/../lib/gcc/arm-none-eabi/4.9.2/../../../../arm-none-eabi/lib/libg.a(lib_a-strtoull_r.o)
                0x0000000002010978                _strtoull_r
 .text          0x0000000002010be8      0x1f4 /home/nrikee/devkitPro/devkitARM/bin/../lib/gcc/arm-none-eabi/4.9.2/../../../../arm-none-eabi/lib/libg.a(lib_a-strtoul.o)
                0x0000000002010be8                _strtoul_r
                0x0000000002010db4                strtoul
 .text          0x0000000002010ddc     0x38b4 /home/nrikee/devkitPro/devkitARM/bin/../lib/gcc/arm-none-eabi/4.9.2/../../../../arm-none-eabi/lib/libg.a(lib_a-svfiprintf.o)
                0x000000000201163c                __ssprint_r
                0x00000000020117ec                _svfiprintf_r
 .text          0x0000000002014690      0x140 /home/nrikee/devkitPro/devkitARM/bin/../lib/gcc/arm-none-eabi/4.9.2/../../../../arm-none-eabi/lib/libg.a(lib_a-wbuf.o)
                0x0000000002014690                __swbuf_r
                0x00000000020147b8                __swbuf
 .text          0x00000000020147d0      0x1dc /home/nrikee/devkitPro/devkitARM/bin/../lib/gcc/arm-none-eabi/4.9.2/../../../../arm-none-eabi/lib/libg.a(lib_a-wcsnrtombs.o)
                0x00000000020147d0                _wcsnrtombs_r
                0x0000000002014964                wcsnrtombs
 .text          0x00000000020149ac       0xec /home/nrikee/devkitPro/devkitARM/bin/../lib/gcc/arm-none-eabi/4.9.2/../../../../arm-none-eabi/lib/libg.a(lib_a-getenv_r.o)
                0x00000000020149ac                _findenv_r
                0x0000000002014a7c                _getenv_r
 .text          0x0000000002014a98        0x0 /home/nrikee/devkitPro/devkitARM/bin/../lib/gcc/arm-none-eabi/4.9.2/../../../../arm-none-eabi/lib/libg.a(lib_a-environ.o)
 .text          0x0000000002014a98        0x8 /home/nrikee/devkitPro/devkitARM/bin/../lib/gcc/arm-none-eabi/4.9.2/../../../../arm-none-eabi/lib/libg.a(lib_a-envlock.o)
                0x0000000002014a98                __env_lock
                0x0000000002014a9c                __env_unlock
 .text          0x0000000002014aa0      0x1c4 /home/nrikee/devkitPro/devkitARM/bin/../lib/gcc/arm-none-eabi/4.9.2/../../../../arm-none-eabi/lib/libsysbase.a(iosupport.o)
                0x0000000002014aa0                setDefaultDevice
                0x0000000002014ab8                FindDevice
                0x0000000002014b70                RemoveDevice
                0x0000000002014ba0                AddDevice
                0x0000000002014c3c                GetDeviceOpTab
 .text          0x0000000002014c64       0x74 /home/nrikee/devkitPro/devkitARM/bin/../lib/gcc/arm-none-eabi/4.9.2/../../../../arm-none-eabi/lib/libsysbase.a(close.o)
                0x0000000002014c64                _close_r
 .text          0x0000000002014cd8       0x80 /home/nrikee/devkitPro/devkitARM/bin/../lib/gcc/arm-none-eabi/4.9.2/../../../../arm-none-eabi/lib/libsysbase.a(fstat.o)
                0x0000000002014cd8                _fstat_r
 .text          0x0000000002014d58        0x8 /home/nrikee/devkitPro/devkitARM/bin/../lib/gcc/arm-none-eabi/4.9.2/../../../../arm-none-eabi/lib/libsysbase.a(isatty.o)
                0x0000000002014d58                _isatty_r
 .text          0x0000000002014d60       0x80 /home/nrikee/devkitPro/devkitARM/bin/../lib/gcc/arm-none-eabi/4.9.2/../../../../arm-none-eabi/lib/libsysbase.a(lseek.o)
                0x0000000002014d60                _lseek_r
 .text          0x0000000002014de0       0xd0 /home/nrikee/devkitPro/devkitARM/bin/../lib/gcc/arm-none-eabi/4.9.2/../../../../arm-none-eabi/lib/libsysbase.a(open.o)
                0x0000000002014de0                _open_r
 .text          0x0000000002014eb0       0x80 /home/nrikee/devkitPro/devkitARM/bin/../lib/gcc/arm-none-eabi/4.9.2/../../../../arm-none-eabi/lib/libsysbase.a(read.o)
                0x0000000002014eb0                _read_r
 .text          0x0000000002014f30       0x70 /home/nrikee/devkitPro/devkitARM/bin/../lib/gcc/arm-none-eabi/4.9.2/../../../../arm-none-eabi/lib/libsysbase.a(sbrk.o)
                0x0000000002014f30                _sbrk_r
 .text          0x0000000002014fa0       0x68 /home/nrikee/devkitPro/devkitARM/bin/../lib/gcc/arm-none-eabi/4.9.2/../../../../arm-none-eabi/lib/libsysbase.a(times.o)
                0x0000000002014fa0                _times
                0x0000000002014fbc                _times_r
                0x0000000002014fc4                _gettimeofday_r
 .text          0x0000000002015008       0x84 /home/nrikee/devkitPro/devkitARM/bin/../lib/gcc/arm-none-eabi/4.9.2/../../../../arm-none-eabi/lib/libsysbase.a(write.o)
                0x0000000002015008                _write_r
 .text          0x000000000201508c        0x0 /home/nrikee/devkitPro/devkitARM/bin/../lib/gcc/arm-none-eabi/4.9.2/../../../../arm-none-eabi/lib/libsysbase.a(malloc_vars.o)
 .text          0x000000000201508c       0x80 /home/nrikee/devkitPro/devkitARM/bin/../lib/gcc/arm-none-eabi/4.9.2/../../../../arm-none-eabi/lib/libsysbase.a(build_argv.o)
                0x000000000201508c                build_argv
 .text          0x000000000201510c        0x0 /home/nrikee/devkitPro/devkitARM/bin/../lib/gcc/arm-none-eabi/4.9.2/../../../../arm-none-eabi/lib/libsysbase.a(syscall_support.o)
 .text          0x000000000201510c       0xb0 /home/nrikee/devkitPro/devkitARM/bin/../lib/gcc/arm-none-eabi/4.9.2/../../../../arm-none-eabi/lib/libsysbase.a(handle_manager.o)
                0x000000000201510c                __release_handle
                0x0000000002015144                __alloc_handle
                0x00000000020151a0                __get_handle
 .text          0x00000000020151bc      0x114 /home/nrikee/devkitPro/devkitARM/bin/../lib/gcc/arm-none-eabi/4.9.2/libgcc.a(_udivsi3.o)
                0x00000000020151bc                __udivsi3
                0x00000000020151bc                __aeabi_uidiv
                0x00000000020152b0                __aeabi_uidivmod
 .text          0x00000000020152d0       0x3c /home/nrikee/devkitPro/devkitARM/bin/../lib/gcc/arm-none-eabi/4.9.2/libgcc.a(_aeabi_uldivmod.o)
                0x00000000020152d0                __aeabi_uldivmod
 .text          0x000000000201530c       0x84 /home/nrikee/devkitPro/devkitARM/bin/../lib/gcc/arm-none-eabi/4.9.2/libgcc.a(bpabi.o)
                0x000000000201530c                __gnu_ldivmod_helper
                0x0000000002015350                __gnu_uldivmod_helper
 .text          0x0000000002015390      0x178 /home/nrikee/devkitPro/devkitARM/bin/../lib/gcc/arm-none-eabi/4.9.2/libgcc.a(_divdi3.o)
                0x0000000002015390                __divdi3
 .text          0x0000000002015508      0x120 /home/nrikee/devkitPro/devkitARM/bin/../lib/gcc/arm-none-eabi/4.9.2/libgcc.a(_udivdi3.o)
                0x0000000002015508                __udivdi3
 .text          0x0000000002015628       0x28 /home/nrikee/devkitPro/devkitARM/bin/../lib/gcc/arm-none-eabi/4.9.2/libgcc.a(_clzdi2.o)
                0x0000000002015628                __clzdi2
 .text          0x0000000002015650       0x48 /home/nrikee/devkitPro/devkitARM/bin/../lib/gcc/arm-none-eabi/4.9.2/libgcc.a(_clzsi2.o)
                0x0000000002015650                __clzsi2
 .text          0x0000000002015698       0x10 /home/nrikee/devkitPro/devkitARM/bin/../lib/gcc/arm-none-eabi/4.9.2/../../../../arm-none-eabi/lib/libg.a(lib_a-errno.o)
                0x0000000002015698                __errno
 .text          0x00000000020156a8        0x0 /home/nrikee/devkitPro/devkitARM/bin/../lib/gcc/arm-none-eabi/4.9.2/crtend.o
 .text          0x00000000020156a8        0x0 /home/nrikee/devkitPro/devkitARM/bin/../lib/gcc/arm-none-eabi/4.9.2/crtn.o
 *(.text.*)
 .text.startup  0x00000000020156a8      0x778 main.o
                0x00000000020156a8                main
 .text.startup.__stub
                0x0000000002015e20      0x120 linker stubs
 *(.stub)
 *(.gnu.warning)
 *(.gnu.linkonce.t*)
 *(.glue_7)
 .glue_7        0x0000000000000000        0x0 linker stubs
 *(.glue_7t)
 .glue_7t       0x0000000000000000        0x0 linker stubs
                0x0000000002015f40                . = ALIGN (0x4)

.vfp11_veneer   0x0000000002015f88        0x0
 .vfp11_veneer  0x0000000000000000        0x0 linker stubs

.v4_bx          0x0000000002015f88        0x0
 .v4_bx         0x0000000000000000        0x0 linker stubs

.iplt           0x0000000002015f88        0x0
 .iplt          0x0000000000000000        0x0 /home/nrikee/devkitPro/devkitARM/bin/../lib/gcc/arm-none-eabi/4.9.2/../../../../arm-none-eabi/lib/ds_arm9_crt0.o

.fini           0x0000000002015f88       0x18
 *(.fini)
 .fini          0x0000000002015f88        0xc /home/nrikee/devkitPro/devkitARM/bin/../lib/gcc/arm-none-eabi/4.9.2/crti.o
                0x0000000002015f88                _fini
 .fini          0x0000000002015f94        0xc /home/nrikee/devkitPro/devkitARM/bin/../lib/gcc/arm-none-eabi/4.9.2/crtn.o
                0x0000000002015fa0                __text_end = .

.rodata         0x0000000002015fa0    0xaef28
 *(.rodata)
 .rodata        0x0000000002015fa0    0x7f540 soundbank.bin.o
                0x0000000002015fa0                soundbank_bin
                0x00000000020954dc                soundbank_bin_end
                0x00000000020954dc                soundbank_bin_size
 .rodata        0x00000000020954e0     0x52d0 blue.o
                0x00000000020954e0                blueBitmap
 .rodata        0x000000000209a7b0     0x54ac chromeP2.o
                0x000000000209a7b0                chromeP2Bitmap
 .rodata        0x000000000209fc5c     0x5f9c green.o
                0x000000000209fc5c                greenBitmap
 .rodata        0x00000000020a5bf8     0x48fc menu.o
                0x00000000020a5bf8                menuBitmap
 .rodata        0x00000000020aa4f4     0x50c4 portada.o
                0x00000000020aa4f4                portadaBitmap
 .rodata        0x00000000020af5b8     0x5fa4 red.o
                0x00000000020af5b8                redBitmap
 .rodata        0x00000000020b555c     0x3670 topscreen.o
                0x00000000020b555c                topscreenBitmap
 .rodata        0x00000000020b8bcc     0x6248 yellow.o
                0x00000000020b8bcc                yellowBitmap
 .rodata        0x00000000020bee14       0x48 main.o
 .rodata        0x00000000020bee5c      0x200 /home/nrikee/devkitPro/libnds/lib/libnds9.a(console.o)
 .rodata        0x00000000020bf05c       0x14 /home/nrikee/devkitPro/libnds/lib/libnds9.a(decompress.o)
 .rodata        0x00000000020bf070      0x308 /home/nrikee/devkitPro/libnds/lib/libnds9.a(trig.o)
                0x00000000020bf070                SIN_LUT
                0x00000000020bf174                TAN_LUT
 .rodata        0x00000000020bf378     0x2004 /home/nrikee/devkitPro/libnds/lib/libnds9.a(default_font.bin.o)
                0x00000000020bf378                default_font_bin
                0x00000000020c1378                default_font_bin_end
                0x00000000020c1378                default_font_bin_size
 .rodata        0x00000000020c137c        0x4 /home/nrikee/devkitPro/devkitARM/bin/../lib/gcc/arm-none-eabi/4.9.2/../../../../arm-none-eabi/lib/libg.a(lib_a-impure.o)
                0x00000000020c137c                _global_impure_ptr
 .rodata        0x00000000020c1380       0x24 /home/nrikee/devkitPro/devkitARM/bin/../lib/gcc/arm-none-eabi/4.9.2/../../../../arm-none-eabi/lib/libg.a(lib_a-svfiscanf.o)
 .rodata        0x00000000020c13a4       0x20 /home/nrikee/devkitPro/devkitARM/bin/../lib/gcc/arm-none-eabi/4.9.2/../../../../arm-none-eabi/lib/libg.a(lib_a-vfiprintf.o)
 .rodata        0x00000000020c13c4      0x104 /home/nrikee/devkitPro/devkitARM/bin/../lib/gcc/arm-none-eabi/4.9.2/../../../../arm-none-eabi/lib/libg.a(lib_a-ctype_.o)
                0x00000000020c13c4                _ctype_
 .rodata        0x00000000020c14c8     0x34d0 /home/nrikee/devkitPro/devkitARM/bin/../lib/gcc/arm-none-eabi/4.9.2/../../../../arm-none-eabi/lib/libg.a(lib_a-jp2uc.o)
 .rodata        0x00000000020c4998       0x1c /home/nrikee/devkitPro/devkitARM/bin/../lib/gcc/arm-none-eabi/4.9.2/../../../../arm-none-eabi/lib/libg.a(lib_a-locale.o)
 .rodata        0x00000000020c49b4       0x90 /home/nrikee/devkitPro/devkitARM/bin/../lib/gcc/arm-none-eabi/4.9.2/../../../../arm-none-eabi/lib/libg.a(lib_a-mbtowc_r.o)
 .rodata        0x00000000020c4a44      0x1f8 /home/nrikee/devkitPro/devkitARM/bin/../lib/gcc/arm-none-eabi/4.9.2/../../../../arm-none-eabi/lib/libg.a(lib_a-svfiprintf.o)
                0x00000000020c4a44                __chclass
                0x00000000020c4b44                __state_table
                0x00000000020c4bb0                __action_table
 .rodata        0x00000000020c4c3c       0x64 /home/nrikee/devkitPro/devkitARM/bin/../lib/gcc/arm-none-eabi/4.9.2/../../../../arm-none-eabi/lib/libsysbase.a(iosupport.o)
                0x00000000020c4c3c                dotab_stdnull
 *all.rodata*(*)
 *(.roda)
 *(.rodata.*)
 .rodata.str1.4
                0x00000000020c4ca0       0x76 main.o
                                         0x78 (size before relaxing)
 *fill*         0x00000000020c4d16        0x2 ff
 .rodata.str1.4
                0x00000000020c4d18       0x4c /home/nrikee/devkitPro/libnds/lib/libnds9.a(console.o)
 .rodata.str1.4
                0x00000000020c4d64        0x2 /home/nrikee/devkitPro/devkitARM/bin/../lib/gcc/arm-none-eabi/4.9.2/../../../../arm-none-eabi/lib/libg.a(lib_a-impure.o)
                                          0x4 (size before relaxing)
 *fill*         0x00000000020c4d66        0x2 ff
 .rodata.str1.4
                0x00000000020c4d68       0x2f /home/nrikee/devkitPro/devkitARM/bin/../lib/gcc/arm-none-eabi/4.9.2/../../../../arm-none-eabi/lib/libg.a(lib_a-vfiprintf.o)
                                         0x30 (size before relaxing)
 *fill*         0x00000000020c4d97        0x1 ff
 .rodata.str1.4
                0x00000000020c4d98       0x12 /home/nrikee/devkitPro/devkitARM/bin/../lib/gcc/arm-none-eabi/4.9.2/../../../../arm-none-eabi/lib/libg.a(lib_a-jp2uc.o)
                                         0x14 (size before relaxing)
 *fill*         0x00000000020c4daa        0x2 ff
 .rodata.str1.4
                0x00000000020c4dac      0x112 /home/nrikee/devkitPro/devkitARM/bin/../lib/gcc/arm-none-eabi/4.9.2/../../../../arm-none-eabi/lib/libg.a(lib_a-locale.o)
                                        0x130 (size before relaxing)
 .rodata.str1.4
                0x0000000000000000        0x4 /home/nrikee/devkitPro/devkitARM/bin/../lib/gcc/arm-none-eabi/4.9.2/../../../../arm-none-eabi/lib/libg.a(lib_a-mbrtowc.o)
 .rodata.str1.4
                0x0000000000000000       0x30 /home/nrikee/devkitPro/devkitARM/bin/../lib/gcc/arm-none-eabi/4.9.2/../../../../arm-none-eabi/lib/libg.a(lib_a-svfiprintf.o)
 *fill*         0x00000000020c4ebe        0x2 ff
 .rodata.str1.4
                0x00000000020c4ec0        0x8 /home/nrikee/devkitPro/devkitARM/bin/../lib/gcc/arm-none-eabi/4.9.2/../../../../arm-none-eabi/lib/libsysbase.a(iosupport.o)
 *(.gnu.linkonce.r*)
                0x00000000020c4ec8                . = ALIGN (0x4)

.rel.dyn        0x00000000020c4ec8        0x0
 .rel.iplt      0x0000000000000000        0x0 /home/nrikee/devkitPro/devkitARM/bin/../lib/gcc/arm-none-eabi/4.9.2/../../../../arm-none-eabi/lib/ds_arm9_crt0.o

.ARM.extab
 *(.ARM.extab* .gnu.linkonce.armextab.*)
                0x00000000020c4ec8                __exidx_start = .

ARM.exidx
 *(.ARM.exidx* .gnu.linkonce.armexidx.*)
                0x00000000020c4ec8                __exidx_end = .
                0x00000000020c4ec8                . = ALIGN (0x4)
                0x00000000020c4ec8                PROVIDE (__preinit_array_start, .)

.preinit_array
 *(.preinit_array)
                0x00000000020c4ec8                PROVIDE (__preinit_array_end, .)
                0x00000000020c4ec8                PROVIDE (__init_array_start, .)

.init_array     0x00000000020c4ec8        0x4
 *(SORT(.init_array.*))
 *(.init_array)
 .init_array    0x00000000020c4ec8        0x4 /home/nrikee/devkitPro/devkitARM/bin/../lib/gcc/arm-none-eabi/4.9.2/crtbegin.o
                0x00000000020c4ecc                PROVIDE (__init_array_end, .)
                0x00000000020c4ecc                PROVIDE (__fini_array_start, .)

.fini_array     0x00000000020c4ecc        0x4
 *(.fini_array)
 .fini_array    0x00000000020c4ecc        0x4 /home/nrikee/devkitPro/devkitARM/bin/../lib/gcc/arm-none-eabi/4.9.2/crtbegin.o
 *(SORT(.fini_array.*))
                0x00000000020c4ed0                PROVIDE (__fini_array_end, .)

.ctors          0x00000000020c4ed0        0x0
 *crtbegin.o(.ctors)
 *(EXCLUDE_FILE(*crtend.o) .ctors)
 *(SORT(.ctors.*))
 *(.ctors)
                0x00000000020c4ed0                . = ALIGN (0x4)

.dtors          0x00000000020c4ed0        0x0
 *crtbegin.o(.dtors)
 *(EXCLUDE_FILE(*crtend.o) .dtors)
 *(SORT(.dtors.*))
 *(.dtors)
                0x00000000020c4ed0                . = ALIGN (0x4)

.eh_frame       0x00000000020c4ed0        0x4
 *(.eh_frame)
 .eh_frame      0x00000000020c4ed0        0x0 /home/nrikee/devkitPro/devkitARM/bin/../lib/gcc/arm-none-eabi/4.9.2/crtbegin.o
 .eh_frame      0x00000000020c4ed0        0x4 /home/nrikee/devkitPro/devkitARM/bin/../lib/gcc/arm-none-eabi/4.9.2/crtend.o
                0x00000000020c4ed4                . = ALIGN (0x4)

.gcc_except_table
                0x00000000020c4ed4        0x0
 *(.gcc_except_table)
                0x00000000020c4ed4                . = ALIGN (0x4)

.jcr            0x00000000020c4ed4        0x4
 *(.jcr)
 .jcr           0x00000000020c4ed4        0x0 /home/nrikee/devkitPro/devkitARM/bin/../lib/gcc/arm-none-eabi/4.9.2/crtbegin.o
 .jcr           0x00000000020c4ed4        0x4 /home/nrikee/devkitPro/devkitARM/bin/../lib/gcc/arm-none-eabi/4.9.2/crtend.o

.got
 *(.got.plt)
 *(.got)
 *(.rel.got)

.ewram          0x00000000020c4ed8        0x0
                0x00000000020c4ed8                __ewram_start = ABSOLUTE (.)
 *(.ewram)
 *ewram.*(.text)
                0x00000000020c4ed8                . = ALIGN (0x4)

.data           0x00000000020c4ed8      0xb08
                0x00000000020c4ed8                __data_start = ABSOLUTE (.)
 *(.data)
 .data          0x00000000020c4ed8        0x0 /home/nrikee/devkitPro/devkitARM/bin/../lib/gcc/arm-none-eabi/4.9.2/../../../../arm-none-eabi/lib/ds_arm9_crt0.o
 .data          0x00000000020c4ed8        0x0 /home/nrikee/devkitPro/devkitARM/bin/../lib/gcc/arm-none-eabi/4.9.2/crti.o
 .data          0x00000000020c4ed8        0x4 /home/nrikee/devkitPro/devkitARM/bin/../lib/gcc/arm-none-eabi/4.9.2/crtbegin.o
                0x00000000020c4ed8                __dso_handle
 .data          0x00000000020c4edc        0x0 soundbank.bin.o
 .data          0x00000000020c4edc        0x0 blue.o
 .data          0x00000000020c4edc        0x0 chromeP2.o
 .data          0x00000000020c4edc        0x0 green.o
 .data          0x00000000020c4edc        0x0 menu.o
 .data          0x00000000020c4edc        0x0 portada.o
 .data          0x00000000020c4edc        0x0 red.o
 .data          0x00000000020c4edc        0x0 topscreen.o
 .data          0x00000000020c4edc        0x0 yellow.o
 .data          0x00000000020c4edc        0xc main.o
                0x00000000020c4edc                minutes
                0x00000000020c4ee0                length
                0x00000000020c4ee4                correct
 .data          0x00000000020c4ee8        0x0 mainMenu.o
 .data          0x00000000020c4ee8        0x0 /home/nrikee/devkitPro/libnds/lib/libmm9.a(mm_comms.o)
 .data          0x00000000020c4ee8        0x0 /home/nrikee/devkitPro/libnds/lib/libmm9.a(mm_main9.o)
 .data          0x00000000020c4ee8        0x0 /home/nrikee/devkitPro/libnds/lib/libmm9.a(mm_memory.o)
 .data          0x00000000020c4ee8        0x0 /home/nrikee/devkitPro/libnds/lib/libmm9.a(mm_soundbank.o)
 .data          0x00000000020c4ee8        0x0 /home/nrikee/devkitPro/libnds/lib/libmm9.a(mm_flusher.o)
 .data          0x00000000020c4ee8       0x60 /home/nrikee/devkitPro/libnds/lib/libnds9.a(background.o)
                0x00000000020c4ee8                bgScrollTable
                0x00000000020c4f08                bgTransform
                0x00000000020c4f28                bgControl
 .data          0x00000000020c4f48       0x64 /home/nrikee/devkitPro/libnds/lib/libnds9.a(console.o)
                0x00000000020c4f48                currentConsole
                0x00000000020c4f4c                defaultConsole
 .data          0x00000000020c4fac        0xc /home/nrikee/devkitPro/libnds/lib/libnds9.a(decompress.o)
                0x00000000020c4fac                decomStream
 .data          0x00000000020c4fb8        0x3 /home/nrikee/devkitPro/libnds/lib/libnds9.a(keys.o)
 .data          0x00000000020c4fbb        0x0 /home/nrikee/devkitPro/libnds/lib/libnds9.a(touch.o)
 .data          0x00000000020c4fbb        0x0 /home/nrikee/devkitPro/libnds/lib/libnds9.a(trig.o)
 .data          0x00000000020c4fbb        0x0 /home/nrikee/devkitPro/libnds/lib/libnds9.a(initSystem.o)
 *fill*         0x00000000020c4fbb        0x1 ff
 .data          0x00000000020c4fbc       0x10 /home/nrikee/devkitPro/libnds/lib/libnds9.a(fifosystem.o)
                0x00000000020c4fbc                fifo_buffer_free
                0x00000000020c4fc0                fifo_freewords
                0x00000000020c4fc4                fifo_send_queue
                0x00000000020c4fc8                fifo_receive_queue
 .data          0x00000000020c4fcc        0x0 /home/nrikee/devkitPro/libnds/lib/libnds9.a(interrupts.o)
 .data          0x00000000020c4fcc        0x0 /home/nrikee/devkitPro/libnds/lib/libnds9.a(libnds_exit.arm.o)
 .data          0x00000000020c4fcc        0x0 /home/nrikee/devkitPro/libnds/lib/libnds9.a(syscalls.o)
 .data          0x00000000020c4fcc        0x0 /home/nrikee/devkitPro/libnds/lib/libnds9.a(timers.o)
 .data          0x00000000020c4fcc        0x0 /home/nrikee/devkitPro/libnds/lib/libnds9.a(mpu_setup.o)
 .data          0x00000000020c4fcc        0x0 /home/nrikee/devkitPro/libnds/lib/libnds9.a(biosCalls.o)
 .data          0x00000000020c4fcc        0x0 /home/nrikee/devkitPro/libnds/lib/libnds9.a(debugprint.o)
 .data          0x00000000020c4fcc        0x0 /home/nrikee/devkitPro/libnds/lib/libnds9.a(interruptDispatcher.o)
 .data          0x00000000020c4fcc        0x0 /home/nrikee/devkitPro/libnds/lib/libnds9.a(swiSoftReset.o)
 .data          0x00000000020c4fcc        0x0 /home/nrikee/devkitPro/libnds/lib/libnds9.a(default_font.bin.o)
 .data          0x00000000020c4fcc        0x0 /home/nrikee/devkitPro/libnds/lib/libnds9.a(system.o)
 .data          0x00000000020c4fcc        0x0 /home/nrikee/devkitPro/libnds/lib/libnds9.a(video.o)
 .data          0x00000000020c4fcc        0x0 /home/nrikee/devkitPro/devkitARM/bin/../lib/gcc/arm-none-eabi/4.9.2/libgcc.a(_divsi3.o)
 .data          0x00000000020c4fcc        0x0 /home/nrikee/devkitPro/devkitARM/bin/../lib/gcc/arm-none-eabi/4.9.2/libgcc.a(_dvmd_tls.o)
 .data          0x00000000020c4fcc        0x0 /home/nrikee/devkitPro/devkitARM/bin/../lib/gcc/arm-none-eabi/4.9.2/../../../../arm-none-eabi/lib/libg.a(lib_a-bsearch.o)
 .data          0x00000000020c4fcc        0x0 /home/nrikee/devkitPro/devkitARM/bin/../lib/gcc/arm-none-eabi/4.9.2/../../../../arm-none-eabi/lib/libg.a(lib_a-fclose.o)
 .data          0x00000000020c4fcc        0x0 /home/nrikee/devkitPro/devkitARM/bin/../lib/gcc/arm-none-eabi/4.9.2/../../../../arm-none-eabi/lib/libg.a(lib_a-fflush.o)
 .data          0x00000000020c4fcc        0x0 /home/nrikee/devkitPro/devkitARM/bin/../lib/gcc/arm-none-eabi/4.9.2/../../../../arm-none-eabi/lib/libg.a(lib_a-findfp.o)
 .data          0x00000000020c4fcc        0x0 /home/nrikee/devkitPro/devkitARM/bin/../lib/gcc/arm-none-eabi/4.9.2/../../../../arm-none-eabi/lib/libg.a(lib_a-fopen.o)
 .data          0x00000000020c4fcc        0x0 /home/nrikee/devkitPro/devkitARM/bin/../lib/gcc/arm-none-eabi/4.9.2/../../../../arm-none-eabi/lib/libg.a(lib_a-fread.o)
 .data          0x00000000020c4fcc        0x0 /home/nrikee/devkitPro/devkitARM/bin/../lib/gcc/arm-none-eabi/4.9.2/../../../../arm-none-eabi/lib/libg.a(lib_a-freer.o)
 .data          0x00000000020c4fcc        0x0 /home/nrikee/devkitPro/devkitARM/bin/../lib/gcc/arm-none-eabi/4.9.2/../../../../arm-none-eabi/lib/libg.a(lib_a-fseek.o)
 .data          0x00000000020c4fcc        0x0 /home/nrikee/devkitPro/devkitARM/bin/../lib/gcc/arm-none-eabi/4.9.2/../../../../arm-none-eabi/lib/libg.a(lib_a-fseeko.o)
 .data          0x00000000020c4fcc        0x0 /home/nrikee/devkitPro/devkitARM/bin/../lib/gcc/arm-none-eabi/4.9.2/../../../../arm-none-eabi/lib/libg.a(lib_a-fwalk.o)
 *fill*         0x00000000020c4fcc        0x4 ff
 .data          0x00000000020c4fd0      0x430 /home/nrikee/devkitPro/devkitARM/bin/../lib/gcc/arm-none-eabi/4.9.2/../../../../arm-none-eabi/lib/libg.a(lib_a-impure.o)
                0x00000000020c4fd0                _impure_ptr
 .data          0x00000000020c5400        0x0 /home/nrikee/devkitPro/devkitARM/bin/../lib/gcc/arm-none-eabi/4.9.2/../../../../arm-none-eabi/lib/libg.a(lib_a-init.o)
 .data          0x00000000020c5400        0x0 /home/nrikee/devkitPro/devkitARM/bin/../lib/gcc/arm-none-eabi/4.9.2/../../../../arm-none-eabi/lib/libg.a(lib_a-iprintf.o)
 .data          0x00000000020c5400        0x0 /home/nrikee/devkitPro/devkitARM/bin/../lib/gcc/arm-none-eabi/4.9.2/../../../../arm-none-eabi/lib/libg.a(lib_a-makebuf.o)
 .data          0x00000000020c5400        0x0 /home/nrikee/devkitPro/devkitARM/bin/../lib/gcc/arm-none-eabi/4.9.2/../../../../arm-none-eabi/lib/libg.a(lib_a-malloc.o)
 .data          0x00000000020c5400      0x410 /home/nrikee/devkitPro/devkitARM/bin/../lib/gcc/arm-none-eabi/4.9.2/../../../../arm-none-eabi/lib/libg.a(lib_a-mallocr.o)
                0x00000000020c5400                __malloc_av_
                0x00000000020c5808                __malloc_sbrk_base
                0x00000000020c580c                __malloc_trim_threshold
 .data          0x00000000020c5810        0x0 /home/nrikee/devkitPro/devkitARM/bin/../lib/gcc/arm-none-eabi/4.9.2/../../../../arm-none-eabi/lib/libg.a(lib_a-memcpy-stub.o)
 .data          0x00000000020c5810        0x0 /home/nrikee/devkitPro/devkitARM/bin/../lib/gcc/arm-none-eabi/4.9.2/../../../../arm-none-eabi/lib/libg.a(lib_a-memset.o)
 .data          0x00000000020c5810        0x0 /home/nrikee/devkitPro/devkitARM/bin/../lib/gcc/arm-none-eabi/4.9.2/../../../../arm-none-eabi/lib/libg.a(lib_a-mlock.o)
 .data          0x00000000020c5810        0x0 /home/nrikee/devkitPro/devkitARM/bin/../lib/gcc/arm-none-eabi/4.9.2/../../../../arm-none-eabi/lib/libg.a(lib_a-rand.o)
 .data          0x00000000020c5810        0x0 /home/nrikee/devkitPro/devkitARM/bin/../lib/gcc/arm-none-eabi/4.9.2/../../../../arm-none-eabi/lib/libg.a(lib_a-refill.o)
 .data          0x00000000020c5810        0x0 /home/nrikee/devkitPro/devkitARM/bin/../lib/gcc/arm-none-eabi/4.9.2/../../../../arm-none-eabi/lib/libg.a(lib_a-setvbuf.o)
 .data          0x00000000020c5810        0x0 /home/nrikee/devkitPro/devkitARM/bin/../lib/gcc/arm-none-eabi/4.9.2/../../../../arm-none-eabi/lib/libg.a(lib_a-siscanf.o)
 .data          0x00000000020c5810        0x0 /home/nrikee/devkitPro/devkitARM/bin/../lib/gcc/arm-none-eabi/4.9.2/../../../../arm-none-eabi/lib/libg.a(lib_a-stdio.o)
 .data          0x00000000020c5810        0x0 /home/nrikee/devkitPro/devkitARM/bin/../lib/gcc/arm-none-eabi/4.9.2/../../../../arm-none-eabi/lib/libg.a(lib_a-strlen.o)
 .data          0x00000000020c5810        0x0 /home/nrikee/devkitPro/devkitARM/bin/../lib/gcc/arm-none-eabi/4.9.2/../../../../arm-none-eabi/lib/libg.a(lib_a-svfiscanf.o)
 .data          0x00000000020c5810        0x0 /home/nrikee/devkitPro/devkitARM/bin/../lib/gcc/arm-none-eabi/4.9.2/../../../../arm-none-eabi/lib/libg.a(lib_a-ungetc.o)
 .data          0x00000000020c5810        0x0 /home/nrikee/devkitPro/devkitARM/bin/../lib/gcc/arm-none-eabi/4.9.2/../../../../arm-none-eabi/lib/libg.a(lib_a-vfiprintf.o)
 .data          0x00000000020c5810        0x0 /home/nrikee/devkitPro/devkitARM/bin/../lib/gcc/arm-none-eabi/4.9.2/../../../../arm-none-eabi/lib/libg.a(lib_a-wcrtomb.o)
 .data          0x00000000020c5810        0x0 /home/nrikee/devkitPro/devkitARM/bin/../lib/gcc/arm-none-eabi/4.9.2/../../../../arm-none-eabi/lib/libg.a(lib_a-wcsrtombs.o)
 .data          0x00000000020c5810        0x4 /home/nrikee/devkitPro/devkitARM/bin/../lib/gcc/arm-none-eabi/4.9.2/../../../../arm-none-eabi/lib/libg.a(lib_a-wctomb_r.o)
                0x00000000020c5810                __wctomb
 .data          0x00000000020c5814        0x0 /home/nrikee/devkitPro/devkitARM/bin/../lib/gcc/arm-none-eabi/4.9.2/../../../../arm-none-eabi/lib/libg.a(lib_a-wsetup.o)
 .data          0x00000000020c5814        0x4 /home/nrikee/devkitPro/devkitARM/bin/../lib/gcc/arm-none-eabi/4.9.2/../../../../arm-none-eabi/lib/libg.a(lib_a-ctype_.o)
                0x00000000020c5814                __ctype_ptr__
 .data          0x00000000020c5818        0x0 /home/nrikee/devkitPro/devkitARM/bin/../lib/gcc/arm-none-eabi/4.9.2/../../../../arm-none-eabi/lib/libg.a(lib_a-flags.o)
 .data          0x00000000020c5818        0x0 /home/nrikee/devkitPro/devkitARM/bin/../lib/gcc/arm-none-eabi/4.9.2/../../../../arm-none-eabi/lib/libg.a(lib_a-fputwc.o)
 .data          0x00000000020c5818        0x0 /home/nrikee/devkitPro/devkitARM/bin/../lib/gcc/arm-none-eabi/4.9.2/../../../../arm-none-eabi/lib/libg.a(lib_a-fvwrite.o)
 .data          0x00000000020c5818        0x0 /home/nrikee/devkitPro/devkitARM/bin/../lib/gcc/arm-none-eabi/4.9.2/../../../../arm-none-eabi/lib/libg.a(lib_a-iswspace.o)
 .data          0x00000000020c5818        0x0 /home/nrikee/devkitPro/devkitARM/bin/../lib/gcc/arm-none-eabi/4.9.2/../../../../arm-none-eabi/lib/libg.a(lib_a-jp2uc.o)
 .data          0x00000000020c5818      0x17c /home/nrikee/devkitPro/devkitARM/bin/../lib/gcc/arm-none-eabi/4.9.2/../../../../arm-none-eabi/lib/libg.a(lib_a-locale.o)
                0x00000000020c5818                __default_locale
                0x00000000020c5938                __mb_cur_max
 .data          0x00000000020c5994        0x0 /home/nrikee/devkitPro/devkitARM/bin/../lib/gcc/arm-none-eabi/4.9.2/../../../../arm-none-eabi/lib/libg.a(lib_a-mbrtowc.o)
 .data          0x00000000020c5994        0x4 /home/nrikee/devkitPro/devkitARM/bin/../lib/gcc/arm-none-eabi/4.9.2/../../../../arm-none-eabi/lib/libg.a(lib_a-mbtowc_r.o)
                0x00000000020c5994                __mbtowc
 .data          0x00000000020c5998        0x0 /home/nrikee/devkitPro/devkitARM/bin/../lib/gcc/arm-none-eabi/4.9.2/../../../../arm-none-eabi/lib/libg.a(lib_a-memchr-stub.o)
 .data          0x00000000020c5998        0x0 /home/nrikee/devkitPro/devkitARM/bin/../lib/gcc/arm-none-eabi/4.9.2/../../../../arm-none-eabi/lib/libg.a(lib_a-memmove.o)
 .data          0x00000000020c5998        0x0 /home/nrikee/devkitPro/devkitARM/bin/../lib/gcc/arm-none-eabi/4.9.2/../../../../arm-none-eabi/lib/libg.a(lib_a-reallocr.o)
 .data          0x00000000020c5998        0x0 /home/nrikee/devkitPro/devkitARM/bin/../lib/gcc/arm-none-eabi/4.9.2/../../../../arm-none-eabi/lib/libg.a(lib_a-sccl.o)
 .data          0x00000000020c5998        0x0 /home/nrikee/devkitPro/devkitARM/bin/../lib/gcc/arm-none-eabi/4.9.2/../../../../arm-none-eabi/lib/libg.a(lib_a-strcasecmp.o)
 .data          0x00000000020c5998        0x0 /home/nrikee/devkitPro/devkitARM/bin/../lib/gcc/arm-none-eabi/4.9.2/../../../../arm-none-eabi/lib/libg.a(lib_a-strcat.o)
 .data          0x00000000020c5998        0x0 /home/nrikee/devkitPro/devkitARM/bin/../lib/gcc/arm-none-eabi/4.9.2/../../../../arm-none-eabi/lib/libg.a(lib_a-strchr.o)
 .data          0x00000000020c5998        0x0 /home/nrikee/devkitPro/devkitARM/bin/../lib/gcc/arm-none-eabi/4.9.2/../../../../arm-none-eabi/lib/libg.a(lib_a-strcmp.o)
 .data          0x00000000020c5998        0x0 /home/nrikee/devkitPro/devkitARM/bin/../lib/gcc/arm-none-eabi/4.9.2/../../../../arm-none-eabi/lib/libg.a(lib_a-strcpy.o)
 .data          0x00000000020c5998        0x0 /home/nrikee/devkitPro/devkitARM/bin/../lib/gcc/arm-none-eabi/4.9.2/../../../../arm-none-eabi/lib/libg.a(lib_a-strlcpy.o)
 .data          0x00000000020c5998        0x0 /home/nrikee/devkitPro/devkitARM/bin/../lib/gcc/arm-none-eabi/4.9.2/../../../../arm-none-eabi/lib/libg.a(lib_a-strncasecmp.o)
 .data          0x00000000020c5998        0x0 /home/nrikee/devkitPro/devkitARM/bin/../lib/gcc/arm-none-eabi/4.9.2/../../../../arm-none-eabi/lib/libg.a(lib_a-strncmp.o)
 .data          0x00000000020c5998        0x0 /home/nrikee/devkitPro/devkitARM/bin/../lib/gcc/arm-none-eabi/4.9.2/../../../../arm-none-eabi/lib/libg.a(lib_a-strncpy.o)
 .data          0x00000000020c5998        0x0 /home/nrikee/devkitPro/devkitARM/bin/../lib/gcc/arm-none-eabi/4.9.2/../../../../arm-none-eabi/lib/libg.a(lib_a-strtoll_r.o)
 .data          0x00000000020c5998        0x0 /home/nrikee/devkitPro/devkitARM/bin/../lib/gcc/arm-none-eabi/4.9.2/../../../../arm-none-eabi/lib/libg.a(lib_a-strtol.o)
 .data          0x00000000020c5998        0x0 /home/nrikee/devkitPro/devkitARM/bin/../lib/gcc/arm-none-eabi/4.9.2/../../../../arm-none-eabi/lib/libg.a(lib_a-strtoull_r.o)
 .data          0x00000000020c5998        0x0 /home/nrikee/devkitPro/devkitARM/bin/../lib/gcc/arm-none-eabi/4.9.2/../../../../arm-none-eabi/lib/libg.a(lib_a-strtoul.o)
 .data          0x00000000020c5998        0x0 /home/nrikee/devkitPro/devkitARM/bin/../lib/gcc/arm-none-eabi/4.9.2/../../../../arm-none-eabi/lib/libg.a(lib_a-svfiprintf.o)
 .data          0x00000000020c5998        0x0 /home/nrikee/devkitPro/devkitARM/bin/../lib/gcc/arm-none-eabi/4.9.2/../../../../arm-none-eabi/lib/libg.a(lib_a-wbuf.o)
 .data          0x00000000020c5998        0x0 /home/nrikee/devkitPro/devkitARM/bin/../lib/gcc/arm-none-eabi/4.9.2/../../../../arm-none-eabi/lib/libg.a(lib_a-wcsnrtombs.o)
 .data          0x00000000020c5998        0x0 /home/nrikee/devkitPro/devkitARM/bin/../lib/gcc/arm-none-eabi/4.9.2/../../../../arm-none-eabi/lib/libg.a(lib_a-getenv_r.o)
 .data          0x00000000020c5998        0x4 /home/nrikee/devkitPro/devkitARM/bin/../lib/gcc/arm-none-eabi/4.9.2/../../../../arm-none-eabi/lib/libg.a(lib_a-environ.o)
                0x00000000020c5998                environ
 .data          0x00000000020c599c        0x0 /home/nrikee/devkitPro/devkitARM/bin/../lib/gcc/arm-none-eabi/4.9.2/../../../../arm-none-eabi/lib/libg.a(lib_a-envlock.o)
 .data          0x00000000020c599c       0x44 /home/nrikee/devkitPro/devkitARM/bin/../lib/gcc/arm-none-eabi/4.9.2/../../../../arm-none-eabi/lib/libsysbase.a(iosupport.o)
                0x00000000020c59a0                devoptab_list
 .data          0x00000000020c59e0        0x0 /home/nrikee/devkitPro/devkitARM/bin/../lib/gcc/arm-none-eabi/4.9.2/../../../../arm-none-eabi/lib/libsysbase.a(close.o)
 .data          0x00000000020c59e0        0x0 /home/nrikee/devkitPro/devkitARM/bin/../lib/gcc/arm-none-eabi/4.9.2/../../../../arm-none-eabi/lib/libsysbase.a(fstat.o)
 .data          0x00000000020c59e0        0x0 /home/nrikee/devkitPro/devkitARM/bin/../lib/gcc/arm-none-eabi/4.9.2/../../../../arm-none-eabi/lib/libsysbase.a(isatty.o)
 .data          0x00000000020c59e0        0x0 /home/nrikee/devkitPro/devkitARM/bin/../lib/gcc/arm-none-eabi/4.9.2/../../../../arm-none-eabi/lib/libsysbase.a(lseek.o)
 .data          0x00000000020c59e0        0x0 /home/nrikee/devkitPro/devkitARM/bin/../lib/gcc/arm-none-eabi/4.9.2/../../../../arm-none-eabi/lib/libsysbase.a(open.o)
 .data          0x00000000020c59e0        0x0 /home/nrikee/devkitPro/devkitARM/bin/../lib/gcc/arm-none-eabi/4.9.2/../../../../arm-none-eabi/lib/libsysbase.a(read.o)
 .data          0x00000000020c59e0        0x0 /home/nrikee/devkitPro/devkitARM/bin/../lib/gcc/arm-none-eabi/4.9.2/../../../../arm-none-eabi/lib/libsysbase.a(sbrk.o)
 .data          0x00000000020c59e0        0x0 /home/nrikee/devkitPro/devkitARM/bin/../lib/gcc/arm-none-eabi/4.9.2/../../../../arm-none-eabi/lib/libsysbase.a(times.o)
 .data          0x00000000020c59e0        0x0 /home/nrikee/devkitPro/devkitARM/bin/../lib/gcc/arm-none-eabi/4.9.2/../../../../arm-none-eabi/lib/libsysbase.a(write.o)
 .data          0x00000000020c59e0        0x0 /home/nrikee/devkitPro/devkitARM/bin/../lib/gcc/arm-none-eabi/4.9.2/../../../../arm-none-eabi/lib/libsysbase.a(malloc_vars.o)
 .data          0x00000000020c59e0        0x0 /home/nrikee/devkitPro/devkitARM/bin/../lib/gcc/arm-none-eabi/4.9.2/../../../../arm-none-eabi/lib/libsysbase.a(build_argv.o)
 .data          0x00000000020c59e0        0x0 /home/nrikee/devkitPro/devkitARM/bin/../lib/gcc/arm-none-eabi/4.9.2/../../../../arm-none-eabi/lib/libsysbase.a(syscall_support.o)
 .data          0x00000000020c59e0        0x0 /home/nrikee/devkitPro/devkitARM/bin/../lib/gcc/arm-none-eabi/4.9.2/../../../../arm-none-eabi/lib/libsysbase.a(handle_manager.o)
 .data          0x00000000020c59e0        0x0 /home/nrikee/devkitPro/devkitARM/bin/../lib/gcc/arm-none-eabi/4.9.2/libgcc.a(_udivsi3.o)
 .data          0x00000000020c59e0        0x0 /home/nrikee/devkitPro/devkitARM/bin/../lib/gcc/arm-none-eabi/4.9.2/libgcc.a(_aeabi_uldivmod.o)
 .data          0x00000000020c59e0        0x0 /home/nrikee/devkitPro/devkitARM/bin/../lib/gcc/arm-none-eabi/4.9.2/libgcc.a(bpabi.o)
 .data          0x00000000020c59e0        0x0 /home/nrikee/devkitPro/devkitARM/bin/../lib/gcc/arm-none-eabi/4.9.2/libgcc.a(_divdi3.o)
 .data          0x00000000020c59e0        0x0 /home/nrikee/devkitPro/devkitARM/bin/../lib/gcc/arm-none-eabi/4.9.2/libgcc.a(_udivdi3.o)
 .data          0x00000000020c59e0        0x0 /home/nrikee/devkitPro/devkitARM/bin/../lib/gcc/arm-none-eabi/4.9.2/libgcc.a(_clzdi2.o)
 .data          0x00000000020c59e0        0x0 /home/nrikee/devkitPro/devkitARM/bin/../lib/gcc/arm-none-eabi/4.9.2/libgcc.a(_clzsi2.o)
 .data          0x00000000020c59e0        0x0 /home/nrikee/devkitPro/devkitARM/bin/../lib/gcc/arm-none-eabi/4.9.2/../../../../arm-none-eabi/lib/libg.a(lib_a-errno.o)
 .data          0x00000000020c59e0        0x0 /home/nrikee/devkitPro/devkitARM/bin/../lib/gcc/arm-none-eabi/4.9.2/crtend.o
 .data          0x00000000020c59e0        0x0 /home/nrikee/devkitPro/devkitARM/bin/../lib/gcc/arm-none-eabi/4.9.2/crtn.o
 *(.data.*)
 *(.gnu.linkonce.d*)
                0x00000000020c59e0                . = ALIGN (0x4)
                0x00000000020c59e0                __data_end = ABSOLUTE (.)
                0x00000000020c59e0                __dtcm_lma = .
                0x00000000020c59e0                __bss_vma = .

.igot.plt       0x00000000020c59e0        0x0
 .igot.plt      0x0000000000000000        0x0 /home/nrikee/devkitPro/devkitARM/bin/../lib/gcc/arm-none-eabi/4.9.2/../../../../arm-none-eabi/lib/ds_arm9_crt0.o

.tm_clone_table
                0x00000000020c59e0        0x0
 .tm_clone_table
                0x00000000020c59e0        0x0 /home/nrikee/devkitPro/devkitARM/bin/../lib/gcc/arm-none-eabi/4.9.2/crtbegin.o
 .tm_clone_table
                0x00000000020c59e0        0x0 /home/nrikee/devkitPro/devkitARM/bin/../lib/gcc/arm-none-eabi/4.9.2/crtend.o

.dtcm           0x000000000b000000        0x0 load address 0x00000000020c59e0
 *(.dtcm)
 *(.dtcm.*)
                0x000000000b000000                . = ALIGN (0x4)
                0x000000000b000000                __dtcm_end = ABSOLUTE (.)
                0x00000000020c59e0                __itcm_lma = (__dtcm_lma + SIZEOF (.dtcm))

.itcm           0x0000000001000100      0x194 load address 0x00000000020c59e0
 *(.itcm)
 .itcm          0x0000000001000100       0xc8 /home/nrikee/devkitPro/libnds/lib/libnds9.a(interrupts.o)
                0x0000000001000100                irqTable
 .itcm          0x00000000010001c8       0xcc /home/nrikee/devkitPro/libnds/lib/libnds9.a(interruptDispatcher.o)
                0x00000000010001c8                IntrMain
 *itcm.*(.text)
                0x0000000001000294                . = ALIGN (0x4)
                0x0000000001000294                __itcm_end = ABSOLUTE (.)
                0x00000000020c5b74                __vectors_lma = (__itcm_lma + SIZEOF (.itcm))

.vectors        0x0000000001000000        0x0 load address 0x00000000020c5b74
 *(.vectors)
 *vectors.*(.text)
                0x0000000001000000                . = ALIGN (0x4)
                0x0000000001000000                __vectors_end = ABSOLUTE (.)

.sbss           0x000000000b000000        0x0
                0x000000000b000000                __sbss_start = ABSOLUTE (.)
                0x000000000b000000                __sbss_start__ = ABSOLUTE (.)
 *(.sbss)
                0x000000000b000000                . = ALIGN (0x4)
                0x000000000b000000                __sbss_end = ABSOLUTE (.)

.bss            0x00000000020c59e0     0x1fc0
                0x00000000020c59e0                __bss_start = ABSOLUTE (.)
                0x00000000020c59e0                __bss_start__ = ABSOLUTE (.)
 *(.dynbss)
 *(.gnu.linkonce.b*)
 *(.bss*)
 .bss           0x00000000020c59e0        0x0 /home/nrikee/devkitPro/devkitARM/bin/../lib/gcc/arm-none-eabi/4.9.2/../../../../arm-none-eabi/lib/ds_arm9_crt0.o
 .bss           0x00000000020c59e0        0x0 /home/nrikee/devkitPro/devkitARM/bin/../lib/gcc/arm-none-eabi/4.9.2/crti.o
 .bss           0x00000000020c59e0       0x1c /home/nrikee/devkitPro/devkitARM/bin/../lib/gcc/arm-none-eabi/4.9.2/crtbegin.o
 .bss           0x00000000020c59fc        0x0 soundbank.bin.o
 .bss           0x00000000020c59fc        0x0 blue.o
 .bss           0x00000000020c59fc        0x0 chromeP2.o
 .bss           0x00000000020c59fc        0x0 green.o
 .bss           0x00000000020c59fc        0x0 menu.o
 .bss           0x00000000020c59fc        0x0 portada.o
 .bss           0x00000000020c59fc        0x0 red.o
 .bss           0x00000000020c59fc        0x0 topscreen.o
 .bss           0x00000000020c59fc        0x0 yellow.o
 .bss           0x00000000020c59fc        0xc main.o
                0x00000000020c59fc                seconds
                0x00000000020c5a00                end
                0x00000000020c5a04                last
 .bss           0x00000000020c5a08        0x0 mainMenu.o
 .bss           0x00000000020c5a08       0x18 /home/nrikee/devkitPro/libnds/lib/libmm9.a(mm_comms.o)
 .bss           0x00000000020c5a20       0x1c /home/nrikee/devkitPro/libnds/lib/libmm9.a(mm_main9.o)
                0x00000000020c5a20                mmcbMemory
                0x00000000020c5a24                mmModuleCount
                0x00000000020c5a28                mmSampleCount
                0x00000000020c5a2c                mmModuleBank
                0x00000000020c5a2c                mmMemoryBank
                0x00000000020c5a30                mmSampleBank
                0x00000000020c5a34                mmCallback
                0x00000000020c5a38                mmActiveStatus
 .bss           0x00000000020c5a3c        0x0 /home/nrikee/devkitPro/libnds/lib/libmm9.a(mm_memory.o)
 .bss           0x00000000020c5a3c       0x44 /home/nrikee/devkitPro/libnds/lib/libmm9.a(mm_soundbank.o)
 .bss           0x00000000020c5a80        0x0 /home/nrikee/devkitPro/libnds/lib/libmm9.a(mm_flusher.o)
 .bss           0x00000000020c5a80        0x0 /home/nrikee/devkitPro/libnds/lib/libnds9.a(background.o)
 .bss           0x00000000020c5a80        0x0 /home/nrikee/devkitPro/libnds/lib/libnds9.a(console.o)
 .bss           0x00000000020c5a80        0x0 /home/nrikee/devkitPro/libnds/lib/libnds9.a(decompress.o)
 .bss           0x00000000020c5a80        0x6 /home/nrikee/devkitPro/libnds/lib/libnds9.a(keys.o)
 .bss           0x00000000020c5a86        0x0 /home/nrikee/devkitPro/libnds/lib/libnds9.a(touch.o)
 .bss           0x00000000020c5a86        0x0 /home/nrikee/devkitPro/libnds/lib/libnds9.a(trig.o)
 .bss           0x00000000020c5a86        0x0 /home/nrikee/devkitPro/libnds/lib/libnds9.a(initSystem.o)
 *fill*         0x00000000020c5a86        0x2 
 .bss           0x00000000020c5a88        0x8 /home/nrikee/devkitPro/libnds/lib/libnds9.a(fifosystem.o)
                0x00000000020c5a8c                processing
 .bss           0x00000000020c5a90        0x0 /home/nrikee/devkitPro/libnds/lib/libnds9.a(interrupts.o)
 .bss           0x00000000020c5a90        0x0 /home/nrikee/devkitPro/libnds/lib/libnds9.a(libnds_exit.arm.o)
 .bss           0x00000000020c5a90        0x0 /home/nrikee/devkitPro/libnds/lib/libnds9.a(syscalls.o)
 .bss           0x00000000020c5a90        0xc /home/nrikee/devkitPro/libnds/lib/libnds9.a(timers.o)
                0x00000000020c5a90                elapsed
 .bss           0x00000000020c5a9c        0x0 /home/nrikee/devkitPro/libnds/lib/libnds9.a(mpu_setup.o)
 .bss           0x00000000020c5a9c        0x0 /home/nrikee/devkitPro/libnds/lib/libnds9.a(biosCalls.o)
 .bss           0x00000000020c5a9c        0x0 /home/nrikee/devkitPro/libnds/lib/libnds9.a(debugprint.o)
 .bss           0x00000000020c5a9c        0x0 /home/nrikee/devkitPro/libnds/lib/libnds9.a(interruptDispatcher.o)
 .bss           0x00000000020c5a9c        0x0 /home/nrikee/devkitPro/libnds/lib/libnds9.a(swiSoftReset.o)
 .bss           0x00000000020c5a9c        0x0 /home/nrikee/devkitPro/libnds/lib/libnds9.a(default_font.bin.o)
 .bss           0x00000000020c5a9c        0x4 /home/nrikee/devkitPro/libnds/lib/libnds9.a(system.o)
 .bss           0x00000000020c5aa0        0x0 /home/nrikee/devkitPro/libnds/lib/libnds9.a(video.o)
 .bss           0x00000000020c5aa0        0x0 /home/nrikee/devkitPro/devkitARM/bin/../lib/gcc/arm-none-eabi/4.9.2/libgcc.a(_divsi3.o)
 .bss           0x00000000020c5aa0        0x0 /home/nrikee/devkitPro/devkitARM/bin/../lib/gcc/arm-none-eabi/4.9.2/libgcc.a(_dvmd_tls.o)
 .bss           0x00000000020c5aa0        0x0 /home/nrikee/devkitPro/devkitARM/bin/../lib/gcc/arm-none-eabi/4.9.2/../../../../arm-none-eabi/lib/libg.a(lib_a-bsearch.o)
 .bss           0x00000000020c5aa0        0x0 /home/nrikee/devkitPro/devkitARM/bin/../lib/gcc/arm-none-eabi/4.9.2/../../../../arm-none-eabi/lib/libg.a(lib_a-fclose.o)
 .bss           0x00000000020c5aa0        0x0 /home/nrikee/devkitPro/devkitARM/bin/../lib/gcc/arm-none-eabi/4.9.2/../../../../arm-none-eabi/lib/libg.a(lib_a-fflush.o)
 .bss           0x00000000020c5aa0        0x0 /home/nrikee/devkitPro/devkitARM/bin/../lib/gcc/arm-none-eabi/4.9.2/../../../../arm-none-eabi/lib/libg.a(lib_a-findfp.o)
 .bss           0x00000000020c5aa0        0x0 /home/nrikee/devkitPro/devkitARM/bin/../lib/gcc/arm-none-eabi/4.9.2/../../../../arm-none-eabi/lib/libg.a(lib_a-fopen.o)
 .bss           0x00000000020c5aa0        0x0 /home/nrikee/devkitPro/devkitARM/bin/../lib/gcc/arm-none-eabi/4.9.2/../../../../arm-none-eabi/lib/libg.a(lib_a-fread.o)
 .bss           0x00000000020c5aa0        0x0 /home/nrikee/devkitPro/devkitARM/bin/../lib/gcc/arm-none-eabi/4.9.2/../../../../arm-none-eabi/lib/libg.a(lib_a-freer.o)
 .bss           0x00000000020c5aa0        0x0 /home/nrikee/devkitPro/devkitARM/bin/../lib/gcc/arm-none-eabi/4.9.2/../../../../arm-none-eabi/lib/libg.a(lib_a-fseek.o)
 .bss           0x00000000020c5aa0        0x0 /home/nrikee/devkitPro/devkitARM/bin/../lib/gcc/arm-none-eabi/4.9.2/../../../../arm-none-eabi/lib/libg.a(lib_a-fseeko.o)
 .bss           0x00000000020c5aa0        0x0 /home/nrikee/devkitPro/devkitARM/bin/../lib/gcc/arm-none-eabi/4.9.2/../../../../arm-none-eabi/lib/libg.a(lib_a-fwalk.o)
 .bss           0x00000000020c5aa0        0x0 /home/nrikee/devkitPro/devkitARM/bin/../lib/gcc/arm-none-eabi/4.9.2/../../../../arm-none-eabi/lib/libg.a(lib_a-impure.o)
 .bss           0x00000000020c5aa0        0x0 /home/nrikee/devkitPro/devkitARM/bin/../lib/gcc/arm-none-eabi/4.9.2/../../../../arm-none-eabi/lib/libg.a(lib_a-init.o)
 .bss           0x00000000020c5aa0        0x0 /home/nrikee/devkitPro/devkitARM/bin/../lib/gcc/arm-none-eabi/4.9.2/../../../../arm-none-eabi/lib/libg.a(lib_a-iprintf.o)
 .bss           0x00000000020c5aa0        0x0 /home/nrikee/devkitPro/devkitARM/bin/../lib/gcc/arm-none-eabi/4.9.2/../../../../arm-none-eabi/lib/libg.a(lib_a-makebuf.o)
 .bss           0x00000000020c5aa0        0x0 /home/nrikee/devkitPro/devkitARM/bin/../lib/gcc/arm-none-eabi/4.9.2/../../../../arm-none-eabi/lib/libg.a(lib_a-malloc.o)
 .bss           0x00000000020c5aa0       0x34 /home/nrikee/devkitPro/devkitARM/bin/../lib/gcc/arm-none-eabi/4.9.2/../../../../arm-none-eabi/lib/libg.a(lib_a-mallocr.o)
                0x00000000020c5aa0                __malloc_top_pad
                0x00000000020c5aa4                __malloc_current_mallinfo
                0x00000000020c5acc                __malloc_max_sbrked_mem
                0x00000000020c5ad0                __malloc_max_total_mem
 .bss           0x00000000020c5ad4        0x0 /home/nrikee/devkitPro/devkitARM/bin/../lib/gcc/arm-none-eabi/4.9.2/../../../../arm-none-eabi/lib/libg.a(lib_a-memcpy-stub.o)
 .bss           0x00000000020c5ad4        0x0 /home/nrikee/devkitPro/devkitARM/bin/../lib/gcc/arm-none-eabi/4.9.2/../../../../arm-none-eabi/lib/libg.a(lib_a-memset.o)
 .bss           0x00000000020c5ad4        0x0 /home/nrikee/devkitPro/devkitARM/bin/../lib/gcc/arm-none-eabi/4.9.2/../../../../arm-none-eabi/lib/libg.a(lib_a-mlock.o)
 .bss           0x00000000020c5ad4        0x0 /home/nrikee/devkitPro/devkitARM/bin/../lib/gcc/arm-none-eabi/4.9.2/../../../../arm-none-eabi/lib/libg.a(lib_a-rand.o)
 .bss           0x00000000020c5ad4        0x0 /home/nrikee/devkitPro/devkitARM/bin/../lib/gcc/arm-none-eabi/4.9.2/../../../../arm-none-eabi/lib/libg.a(lib_a-refill.o)
 .bss           0x00000000020c5ad4        0x0 /home/nrikee/devkitPro/devkitARM/bin/../lib/gcc/arm-none-eabi/4.9.2/../../../../arm-none-eabi/lib/libg.a(lib_a-setvbuf.o)
 .bss           0x00000000020c5ad4        0x0 /home/nrikee/devkitPro/devkitARM/bin/../lib/gcc/arm-none-eabi/4.9.2/../../../../arm-none-eabi/lib/libg.a(lib_a-siscanf.o)
 .bss           0x00000000020c5ad4        0x0 /home/nrikee/devkitPro/devkitARM/bin/../lib/gcc/arm-none-eabi/4.9.2/../../../../arm-none-eabi/lib/libg.a(lib_a-stdio.o)
 .bss           0x00000000020c5ad4        0x0 /home/nrikee/devkitPro/devkitARM/bin/../lib/gcc/arm-none-eabi/4.9.2/../../../../arm-none-eabi/lib/libg.a(lib_a-strlen.o)
 .bss           0x00000000020c5ad4        0x0 /home/nrikee/devkitPro/devkitARM/bin/../lib/gcc/arm-none-eabi/4.9.2/../../../../arm-none-eabi/lib/libg.a(lib_a-svfiscanf.o)
 .bss           0x00000000020c5ad4        0x0 /home/nrikee/devkitPro/devkitARM/bin/../lib/gcc/arm-none-eabi/4.9.2/../../../../arm-none-eabi/lib/libg.a(lib_a-ungetc.o)
 .bss           0x00000000020c5ad4        0x0 /home/nrikee/devkitPro/devkitARM/bin/../lib/gcc/arm-none-eabi/4.9.2/../../../../arm-none-eabi/lib/libg.a(lib_a-vfiprintf.o)
 .bss           0x00000000020c5ad4        0x0 /home/nrikee/devkitPro/devkitARM/bin/../lib/gcc/arm-none-eabi/4.9.2/../../../../arm-none-eabi/lib/libg.a(lib_a-wcrtomb.o)
 .bss           0x00000000020c5ad4        0x0 /home/nrikee/devkitPro/devkitARM/bin/../lib/gcc/arm-none-eabi/4.9.2/../../../../arm-none-eabi/lib/libg.a(lib_a-wcsrtombs.o)
 .bss           0x00000000020c5ad4        0x0 /home/nrikee/devkitPro/devkitARM/bin/../lib/gcc/arm-none-eabi/4.9.2/../../../../arm-none-eabi/lib/libg.a(lib_a-wctomb_r.o)
 .bss           0x00000000020c5ad4        0x0 /home/nrikee/devkitPro/devkitARM/bin/../lib/gcc/arm-none-eabi/4.9.2/../../../../arm-none-eabi/lib/libg.a(lib_a-wsetup.o)
 .bss           0x00000000020c5ad4        0x0 /home/nrikee/devkitPro/devkitARM/bin/../lib/gcc/arm-none-eabi/4.9.2/../../../../arm-none-eabi/lib/libg.a(lib_a-ctype_.o)
 .bss           0x00000000020c5ad4        0x0 /home/nrikee/devkitPro/devkitARM/bin/../lib/gcc/arm-none-eabi/4.9.2/../../../../arm-none-eabi/lib/libg.a(lib_a-flags.o)
 .bss           0x00000000020c5ad4        0x0 /home/nrikee/devkitPro/devkitARM/bin/../lib/gcc/arm-none-eabi/4.9.2/../../../../arm-none-eabi/lib/libg.a(lib_a-fputwc.o)
 .bss           0x00000000020c5ad4        0x0 /home/nrikee/devkitPro/devkitARM/bin/../lib/gcc/arm-none-eabi/4.9.2/../../../../arm-none-eabi/lib/libg.a(lib_a-fvwrite.o)
 .bss           0x00000000020c5ad4        0x0 /home/nrikee/devkitPro/devkitARM/bin/../lib/gcc/arm-none-eabi/4.9.2/../../../../arm-none-eabi/lib/libg.a(lib_a-iswspace.o)
 .bss           0x00000000020c5ad4        0x0 /home/nrikee/devkitPro/devkitARM/bin/../lib/gcc/arm-none-eabi/4.9.2/../../../../arm-none-eabi/lib/libg.a(lib_a-jp2uc.o)
 .bss           0x00000000020c5ad4      0x2b8 /home/nrikee/devkitPro/devkitARM/bin/../lib/gcc/arm-none-eabi/4.9.2/../../../../arm-none-eabi/lib/libg.a(lib_a-locale.o)
                0x00000000020c5d80                _PathLocale
                0x00000000020c5d84                __mlocale_changed
                0x00000000020c5d88                __nlocale_changed
 .bss           0x00000000020c5d8c        0x0 /home/nrikee/devkitPro/devkitARM/bin/../lib/gcc/arm-none-eabi/4.9.2/../../../../arm-none-eabi/lib/libg.a(lib_a-mbrtowc.o)
 .bss           0x00000000020c5d8c        0x0 /home/nrikee/devkitPro/devkitARM/bin/../lib/gcc/arm-none-eabi/4.9.2/../../../../arm-none-eabi/lib/libg.a(lib_a-mbtowc_r.o)
 .bss           0x00000000020c5d8c        0x0 /home/nrikee/devkitPro/devkitARM/bin/../lib/gcc/arm-none-eabi/4.9.2/../../../../arm-none-eabi/lib/libg.a(lib_a-memchr-stub.o)
 .bss           0x00000000020c5d8c        0x0 /home/nrikee/devkitPro/devkitARM/bin/../lib/gcc/arm-none-eabi/4.9.2/../../../../arm-none-eabi/lib/libg.a(lib_a-memmove.o)
 .bss           0x00000000020c5d8c        0x0 /home/nrikee/devkitPro/devkitARM/bin/../lib/gcc/arm-none-eabi/4.9.2/../../../../arm-none-eabi/lib/libg.a(lib_a-reallocr.o)
 .bss           0x00000000020c5d8c        0x0 /home/nrikee/devkitPro/devkitARM/bin/../lib/gcc/arm-none-eabi/4.9.2/../../../../arm-none-eabi/lib/libg.a(lib_a-sccl.o)
 .bss           0x00000000020c5d8c        0x0 /home/nrikee/devkitPro/devkitARM/bin/../lib/gcc/arm-none-eabi/4.9.2/../../../../arm-none-eabi/lib/libg.a(lib_a-strcasecmp.o)
 .bss           0x00000000020c5d8c        0x0 /home/nrikee/devkitPro/devkitARM/bin/../lib/gcc/arm-none-eabi/4.9.2/../../../../arm-none-eabi/lib/libg.a(lib_a-strcat.o)
 .bss           0x00000000020c5d8c        0x0 /home/nrikee/devkitPro/devkitARM/bin/../lib/gcc/arm-none-eabi/4.9.2/../../../../arm-none-eabi/lib/libg.a(lib_a-strchr.o)
 .bss           0x00000000020c5d8c        0x0 /home/nrikee/devkitPro/devkitARM/bin/../lib/gcc/arm-none-eabi/4.9.2/../../../../arm-none-eabi/lib/libg.a(lib_a-strcmp.o)
 .bss           0x00000000020c5d8c        0x0 /home/nrikee/devkitPro/devkitARM/bin/../lib/gcc/arm-none-eabi/4.9.2/../../../../arm-none-eabi/lib/libg.a(lib_a-strcpy.o)
 .bss           0x00000000020c5d8c        0x0 /home/nrikee/devkitPro/devkitARM/bin/../lib/gcc/arm-none-eabi/4.9.2/../../../../arm-none-eabi/lib/libg.a(lib_a-strlcpy.o)
 .bss           0x00000000020c5d8c        0x0 /home/nrikee/devkitPro/devkitARM/bin/../lib/gcc/arm-none-eabi/4.9.2/../../../../arm-none-eabi/lib/libg.a(lib_a-strncasecmp.o)
 .bss           0x00000000020c5d8c        0x0 /home/nrikee/devkitPro/devkitARM/bin/../lib/gcc/arm-none-eabi/4.9.2/../../../../arm-none-eabi/lib/libg.a(lib_a-strncmp.o)
 .bss           0x00000000020c5d8c        0x0 /home/nrikee/devkitPro/devkitARM/bin/../lib/gcc/arm-none-eabi/4.9.2/../../../../arm-none-eabi/lib/libg.a(lib_a-strncpy.o)
 .bss           0x00000000020c5d8c        0x0 /home/nrikee/devkitPro/devkitARM/bin/../lib/gcc/arm-none-eabi/4.9.2/../../../../arm-none-eabi/lib/libg.a(lib_a-strtoll_r.o)
 .bss           0x00000000020c5d8c        0x0 /home/nrikee/devkitPro/devkitARM/bin/../lib/gcc/arm-none-eabi/4.9.2/../../../../arm-none-eabi/lib/libg.a(lib_a-strtol.o)
 .bss           0x00000000020c5d8c        0x0 /home/nrikee/devkitPro/devkitARM/bin/../lib/gcc/arm-none-eabi/4.9.2/../../../../arm-none-eabi/lib/libg.a(lib_a-strtoull_r.o)
 .bss           0x00000000020c5d8c        0x0 /home/nrikee/devkitPro/devkitARM/bin/../lib/gcc/arm-none-eabi/4.9.2/../../../../arm-none-eabi/lib/libg.a(lib_a-strtoul.o)
 .bss           0x00000000020c5d8c        0x0 /home/nrikee/devkitPro/devkitARM/bin/../lib/gcc/arm-none-eabi/4.9.2/../../../../arm-none-eabi/lib/libg.a(lib_a-svfiprintf.o)
 .bss           0x00000000020c5d8c        0x0 /home/nrikee/devkitPro/devkitARM/bin/../lib/gcc/arm-none-eabi/4.9.2/../../../../arm-none-eabi/lib/libg.a(lib_a-wbuf.o)
 .bss           0x00000000020c5d8c        0x0 /home/nrikee/devkitPro/devkitARM/bin/../lib/gcc/arm-none-eabi/4.9.2/../../../../arm-none-eabi/lib/libg.a(lib_a-wcsnrtombs.o)
 .bss           0x00000000020c5d8c        0x0 /home/nrikee/devkitPro/devkitARM/bin/../lib/gcc/arm-none-eabi/4.9.2/../../../../arm-none-eabi/lib/libg.a(lib_a-getenv_r.o)
 .bss           0x00000000020c5d8c        0x4 /home/nrikee/devkitPro/devkitARM/bin/../lib/gcc/arm-none-eabi/4.9.2/../../../../arm-none-eabi/lib/libg.a(lib_a-environ.o)
 .bss           0x00000000020c5d90        0x0 /home/nrikee/devkitPro/devkitARM/bin/../lib/gcc/arm-none-eabi/4.9.2/../../../../arm-none-eabi/lib/libg.a(lib_a-envlock.o)
 .bss           0x00000000020c5d90        0x0 /home/nrikee/devkitPro/devkitARM/bin/../lib/gcc/arm-none-eabi/4.9.2/../../../../arm-none-eabi/lib/libsysbase.a(iosupport.o)
 .bss           0x00000000020c5d90        0x0 /home/nrikee/devkitPro/devkitARM/bin/../lib/gcc/arm-none-eabi/4.9.2/../../../../arm-none-eabi/lib/libsysbase.a(close.o)
 .bss           0x00000000020c5d90        0x0 /home/nrikee/devkitPro/devkitARM/bin/../lib/gcc/arm-none-eabi/4.9.2/../../../../arm-none-eabi/lib/libsysbase.a(fstat.o)
 .bss           0x00000000020c5d90        0x0 /home/nrikee/devkitPro/devkitARM/bin/../lib/gcc/arm-none-eabi/4.9.2/../../../../arm-none-eabi/lib/libsysbase.a(isatty.o)
 .bss           0x00000000020c5d90        0x0 /home/nrikee/devkitPro/devkitARM/bin/../lib/gcc/arm-none-eabi/4.9.2/../../../../arm-none-eabi/lib/libsysbase.a(lseek.o)
 .bss           0x00000000020c5d90        0x0 /home/nrikee/devkitPro/devkitARM/bin/../lib/gcc/arm-none-eabi/4.9.2/../../../../arm-none-eabi/lib/libsysbase.a(open.o)
 .bss           0x00000000020c5d90        0x0 /home/nrikee/devkitPro/devkitARM/bin/../lib/gcc/arm-none-eabi/4.9.2/../../../../arm-none-eabi/lib/libsysbase.a(read.o)
 .bss           0x00000000020c5d90        0x4 /home/nrikee/devkitPro/devkitARM/bin/../lib/gcc/arm-none-eabi/4.9.2/../../../../arm-none-eabi/lib/libsysbase.a(sbrk.o)
 .bss           0x00000000020c5d94        0x0 /home/nrikee/devkitPro/devkitARM/bin/../lib/gcc/arm-none-eabi/4.9.2/../../../../arm-none-eabi/lib/libsysbase.a(times.o)
 .bss           0x00000000020c5d94        0x0 /home/nrikee/devkitPro/devkitARM/bin/../lib/gcc/arm-none-eabi/4.9.2/../../../../arm-none-eabi/lib/libsysbase.a(write.o)
 .bss           0x00000000020c5d94        0x8 /home/nrikee/devkitPro/devkitARM/bin/../lib/gcc/arm-none-eabi/4.9.2/../../../../arm-none-eabi/lib/libsysbase.a(malloc_vars.o)
                0x00000000020c5d94                fake_heap_start
                0x00000000020c5d98                fake_heap_end
 .bss           0x00000000020c5d9c        0x0 /home/nrikee/devkitPro/devkitARM/bin/../lib/gcc/arm-none-eabi/4.9.2/../../../../arm-none-eabi/lib/libsysbase.a(build_argv.o)
 .bss           0x00000000020c5d9c        0x8 /home/nrikee/devkitPro/devkitARM/bin/../lib/gcc/arm-none-eabi/4.9.2/../../../../arm-none-eabi/lib/libsysbase.a(syscall_support.o)
                0x00000000020c5d9c                __syscalls
 .bss           0x00000000020c5da4     0x1000 /home/nrikee/devkitPro/devkitARM/bin/../lib/gcc/arm-none-eabi/4.9.2/../../../../arm-none-eabi/lib/libsysbase.a(handle_manager.o)
 .bss           0x00000000020c6da4        0x0 /home/nrikee/devkitPro/devkitARM/bin/../lib/gcc/arm-none-eabi/4.9.2/libgcc.a(_udivsi3.o)
 .bss           0x00000000020c6da4        0x0 /home/nrikee/devkitPro/devkitARM/bin/../lib/gcc/arm-none-eabi/4.9.2/libgcc.a(_aeabi_uldivmod.o)
 .bss           0x00000000020c6da4        0x0 /home/nrikee/devkitPro/devkitARM/bin/../lib/gcc/arm-none-eabi/4.9.2/libgcc.a(bpabi.o)
 .bss           0x00000000020c6da4        0x0 /home/nrikee/devkitPro/devkitARM/bin/../lib/gcc/arm-none-eabi/4.9.2/libgcc.a(_divdi3.o)
 .bss           0x00000000020c6da4        0x0 /home/nrikee/devkitPro/devkitARM/bin/../lib/gcc/arm-none-eabi/4.9.2/libgcc.a(_udivdi3.o)
 .bss           0x00000000020c6da4        0x0 /home/nrikee/devkitPro/devkitARM/bin/../lib/gcc/arm-none-eabi/4.9.2/libgcc.a(_clzdi2.o)
 .bss           0x00000000020c6da4        0x0 /home/nrikee/devkitPro/devkitARM/bin/../lib/gcc/arm-none-eabi/4.9.2/libgcc.a(_clzsi2.o)
 .bss           0x00000000020c6da4        0x0 /home/nrikee/devkitPro/devkitARM/bin/../lib/gcc/arm-none-eabi/4.9.2/../../../../arm-none-eabi/lib/libg.a(lib_a-errno.o)
 .bss           0x00000000020c6da4        0x0 /home/nrikee/devkitPro/devkitARM/bin/../lib/gcc/arm-none-eabi/4.9.2/crtend.o
 .bss           0x00000000020c6da4        0x0 /home/nrikee/devkitPro/devkitARM/bin/../lib/gcc/arm-none-eabi/4.9.2/crtn.o
 *(COMMON)
 COMMON         0x00000000020c6da4        0xf main.o
                0x00000000020c6da4                solution
 *fill*         0x00000000020c6db3        0x1 