Archive member included because of file (symbol)

/home/nrikee/devkitPro/libnds/lib/libnds9.a(console.o)
                              main.o (consoleDemoInit)
/home/nrikee/devkitPro/libnds/lib/libnds9.a(initSystem.o)
                              /home/nrikee/devkitPro/devkitARM/bin/../lib/gcc/arm-none-eabi/4.9.2/../../../../arm-none-eabi/lib/ds_arm9_crt0.o (initSystem)
/home/nrikee/devkitPro/libnds/lib/libnds9.a(fifosystem.o)
                              /home/nrikee/devkitPro/libnds/lib/libnds9.a(initSystem.o) (fifoSetValue32Handler)
/home/nrikee/devkitPro/libnds/lib/libnds9.a(interrupts.o)
                              /home/nrikee/devkitPro/libnds/lib/libnds9.a(fifosystem.o) (irqSet)
/home/nrikee/devkitPro/libnds/lib/libnds9.a(libnds_exit.arm.o)
                              /home/nrikee/devkitPro/devkitARM/bin/../lib/gcc/arm-none-eabi/4.9.2/../../../../arm-none-eabi/lib/ds_arm9_crt0.o (__libnds_exit)
/home/nrikee/devkitPro/libnds/lib/libnds9.a(mpu_setup.o)
                              /home/nrikee/devkitPro/devkitARM/bin/../lib/gcc/arm-none-eabi/4.9.2/../../../../arm-none-eabi/lib/ds_arm9_crt0.o (__libnds_mpu_setup)
/home/nrikee/devkitPro/libnds/lib/libnds9.a(biosCalls.o)
                              /home/nrikee/devkitPro/libnds/lib/libnds9.a(fifosystem.o) (swiIntrWait)
/home/nrikee/devkitPro/libnds/lib/libnds9.a(debugprint.o)
                              /home/nrikee/devkitPro/libnds/lib/libnds9.a(console.o) (nocashWrite)
/home/nrikee/devkitPro/libnds/lib/libnds9.a(interruptDispatcher.o)
                              /home/nrikee/devkitPro/libnds/lib/libnds9.a(interrupts.o) (IntrMain)
/home/nrikee/devkitPro/libnds/lib/libnds9.a(swiSoftReset.o)
                              /home/nrikee/devkitPro/libnds/lib/libnds9.a(fifosystem.o) (swiSoftReset)
/home/nrikee/devkitPro/libnds/lib/libnds9.a(default_font.bin.o)
                              /home/nrikee/devkitPro/libnds/lib/libnds9.a(console.o) (default_font_bin)
/home/nrikee/devkitPro/libnds/lib/libnds9.a(background.o)
                              /home/nrikee/devkitPro/libnds/lib/libnds9.a(console.o) (bgState)
/home/nrikee/devkitPro/libnds/lib/libnds9.a(system.o)
                              /home/nrikee/devkitPro/libnds/lib/libnds9.a(initSystem.o) (systemValueHandler)
/home/nrikee/devkitPro/libnds/lib/libnds9.a(trig.o)
                              /home/nrikee/devkitPro/libnds/lib/libnds9.a(background.o) (sinLerp)
/home/nrikee/devkitPro/libnds/lib/libnds9.a(video.o)
                              /home/nrikee/devkitPro/libnds/lib/libnds9.a(initSystem.o) (vramDefault)
/home/nrikee/devkitPro/devkitARM/bin/../lib/gcc/arm-none-eabi/4.9.2/libgcc.a(_divsi3.o)
                              /home/nrikee/devkitPro/libnds/lib/libnds9.a(console.o) (__aeabi_idivmod)
/home/nrikee/devkitPro/devkitARM/bin/../lib/gcc/arm-none-eabi/4.9.2/libgcc.a(_dvmd_tls.o)
                              /home/nrikee/devkitPro/devkitARM/bin/../lib/gcc/arm-none-eabi/4.9.2/libgcc.a(_divsi3.o) (__aeabi_idiv0)
/home/nrikee/devkitPro/devkitARM/bin/../lib/gcc/arm-none-eabi/4.9.2/../../../../arm-none-eabi/lib/libg.a(lib_a-bsearch.o)
                              /home/nrikee/devkitPro/libnds/lib/libnds9.a(trig.o) (bsearch)
/home/nrikee/devkitPro/devkitARM/bin/../lib/gcc/arm-none-eabi/4.9.2/../../../../arm-none-eabi/lib/libg.a(lib_a-impure.o)
                              /home/nrikee/devkitPro/libnds/lib/libnds9.a(console.o) (_impure_ptr)
/home/nrikee/devkitPro/devkitARM/bin/../lib/gcc/arm-none-eabi/4.9.2/../../../../arm-none-eabi/lib/libg.a(lib_a-init.o)
                              /home/nrikee/devkitPro/devkitARM/bin/../lib/gcc/arm-none-eabi/4.9.2/../../../../arm-none-eabi/lib/ds_arm9_crt0.o (__libc_init_array)
/home/nrikee/devkitPro/devkitARM/bin/../lib/gcc/arm-none-eabi/4.9.2/../../../../arm-none-eabi/lib/libg.a(lib_a-iprintf.o)
                              main.o (iprintf)
/home/nrikee/devkitPro/devkitARM/bin/../lib/gcc/arm-none-eabi/4.9.2/../../../../arm-none-eabi/lib/libg.a(lib_a-memcpy-stub.o)
                              /home/nrikee/devkitPro/libnds/lib/libnds9.a(console.o) (memcpy)
/home/nrikee/devkitPro/devkitARM/bin/../lib/gcc/arm-none-eabi/4.9.2/../../../../arm-none-eabi/lib/libg.a(lib_a-setvbuf.o)
                              /home/nrikee/devkitPro/libnds/lib/libnds9.a(console.o) (setvbuf)
/home/nrikee/devkitPro/devkitARM/bin/../lib/gcc/arm-none-eabi/4.9.2/../../../../arm-none-eabi/lib/libg.a(lib_a-siscanf.o)
                              /home/nrikee/devkitPro/libnds/lib/libnds9.a(console.o) (siscanf)
/home/nrikee/devkitPro/devkitARM/bin/../lib/gcc/arm-none-eabi/4.9.2/../../../../arm-none-eabi/lib/libg.a(lib_a-stdio.o)
                              /home/nrikee/devkitPro/devkitARM/bin/../lib/gcc/arm-none-eabi/4.9.2/../../../../arm-none-eabi/lib/libg.a(lib_a-siscanf.o) (__seofread)
/home/nrikee/devkitPro/devkitARM/bin/../lib/gcc/arm-none-eabi/4.9.2/../../../../arm-none-eabi/lib/libg.a(lib_a-strlen.o)
[...]
Memory Configuration

Name             Origin             Length             Attributes
rom              0x0000000008000000 0x0000000002000000
ewram            0x0000000002000000 0x00000000003ff000
dtcm             0x000000000b000000 0x0000000000004000
vectors          0x0000000001000000 0x0000000000000100
itcm             0x0000000001000100 0x0000000000007f00
*default*        0x0000000000000000 0xffffffffffffffff

Linker script and memory map

                0x0000000001000000                __vectors_start = ORIGIN (vectors)
                0x0000000001000100                __itcm_start = ORIGIN (itcm)
                0x00000000023ff000                __ewram_end = (ORIGIN (ewram) + 0x3ff000)
                0x00000000023ff000                __eheap_end = (ORIGIN (ewram) + 0x3ff000)
                0x000000000b000000                __dtcm_start = ORIGIN (dtcm)
                0x000000000b004000                __dtcm_top = (ORIGIN (dtcm) + 0x4000)
                0x000000000b003ff8                __irq_flags = (__dtcm_top - 0x8)
                0x000000000b003ffc                __irq_vector = (__dtcm_top - 0x4)
                0x000000000b003f00                __sp_svc = (__dtcm_top - 0x100)
                0x000000000b003e00                __sp_irq = (__sp_svc - 0x100)
                0x000000000b003d00                __sp_usr = (__sp_irq - 0x100)

.init           0x0000000002000000      0x248
                0x0000000002000000                __text_start = .
 *(.init)
 .init          0x0000000002000000      0x230 /home/nrikee/devkitPro/devkitARM/bin/../lib/gcc/arm-none-eabi/4.9.2/../../../../arm-none-eabi/lib/ds_arm9_crt0.o
                0x0000000002000000                _start
 .init          0x0000000002000230        0xc /home/nrikee/devkitPro/devkitARM/bin/../lib/gcc/arm-none-eabi/4.9.2/crti.o
                0x0000000002000230                _init
 .init          0x000000000200023c        0xc /home/nrikee/devkitPro/devkitARM/bin/../lib/gcc/arm-none-eabi/4.9.2/crtn.o
                0x0000000002000248                . = ALIGN (0x4)

.plt
 *(.plt)

.text           0x0000000002000250    0x13860
 *(EXCLUDE_FILE(*.itcm*) .text)
 .text          0x0000000002000250        0x0 /home/nrikee/devkitPro/devkitARM/bin/../lib/gcc/arm-none-eabi/4.9.2/../../../../arm-none-eabi/lib/ds_arm9_crt0.o
 .text          0x0000000002000250        0x0 /home/nrikee/devkitPro/devkitARM/bin/../lib/gcc/arm-none-eabi/4.9.2/crti.o
 .text          0x0000000002000250      0x108 /home/nrikee/devkitPro/devkitARM/bin/../lib/gcc/arm-none-eabi/4.9.2/crtbegin.o
 .text          0x0000000002000358        0x0 main.o
 .text          0x0000000002000358     0x116c /home/nrikee/devkitPro/libnds/lib/libnds9.a(console.o)
                0x00000000020005c4                nocash_write
                0x000000000200063c                con_write
                0x0000000002000b70                consoleGetDefault
                0x0000000002000b7c                consoleLoadFont
                0x0000000002000ee4                consoleInit
                0x0000000002001110                consoleSelect
                0x0000000002001120                consoleSetFont
                0x0000000002001140                consoleDebugInit
                0x0000000002001194                consoleDemoInit
                0x000000000200139c                consolePrintChar
                0x0000000002001494                consoleClear
                0x00000000020014a4                consoleSetWindow
 .text          0x00000000020014c4      0x19c /home/nrikee/devkitPro/libnds/lib/libnds9.a(initSystem.o)
                0x00000000020014c4                initSystem
 .text          0x0000000002001660      0xcb8 /home/nrikee/devkitPro/libnds/lib/libnds9.a(fifosystem.o)
                0x0000000002001924                fifoSetValue32Handler
                0x0000000002001998                fifoSendAddress
                0x00000000020019c4                fifoSendValue32
                0x0000000002001a00                fifoSendDatamsg
                0x0000000002001a74                fifoGetAddress
                0x0000000002001ae0                fifoSetAddressHandler
                0x0000000002001b54                fifoGetValue32
                0x0000000002001b68                fifoGetDatamsg
                0x000000000200201c                fifoSetDatamsgHandler
                0x00000000020020b0                fifoCheckAddress
                0x00000000020020d4                fifoCheckDatamsg
                0x00000000020020f8                fifoCheckDatamsgLength
                0x0000000002002128                fifoCheckValue32
                0x000000000200214c                fifoInit
 .text          0x0000000002002318      0x244 /home/nrikee/devkitPro/libnds/lib/libnds9.a(interrupts.o)
                0x0000000002002318                irqDummy
                0x000000000200231c                irqSet
                0x0000000002002388                irqInit
                0x00000000020023d4                irqInitHandler
                0x0000000002002404                irqEnable
                0x0000000002002468                irqDisable
                0x00000000020024cc                irqClear
 .text          0x000000000200255c       0x5c /home/nrikee/devkitPro/libnds/lib/libnds9.a(libnds_exit.arm.o)
                0x000000000200255c                systemErrorExit
                0x0000000002002560                __libnds_exit
 .text          0x00000000020025b8      0x1b4 /home/nrikee/devkitPro/libnds/lib/libnds9.a(mpu_setup.o)
                0x00000000020025b8                __libnds_mpu_setup
                0x00000000020026f8                memCached
                0x0000000002002710                memUncached
 *fill*         0x000000000200276c        0x4 ff
 .text          0x0000000002002770       0x70 /home/nrikee/devkitPro/libnds/lib/libnds9.a(biosCalls.o)
                0x0000000002002770                swiDelay
                0x0000000002002774                swiIntrWait
                0x0000000002002778                swiWaitForVBlank
                0x000000000200277c                swiSleep
                0x0000000002002780                swiChangeSoundBias
                0x0000000002002784                swiDivide
                0x0000000002002788                swiRemainder
                0x000000000200278e                swiDivMod
                0x000000000200279a                swiCopy
                0x000000000200279e                swiFastCopy
                0x00000000020027a2                swiSqrt
                0x00000000020027a6                swiCRC16
                0x00000000020027aa                swiIsDebugger
                0x00000000020027ae                swiUnpackBits
                0x00000000020027b2                swiDecompressLZSSWram
                0x00000000020027b6                swiDecompressLZSSVramNTR
                0x00000000020027ba                swiDecompressLZSSVramTWL
                0x00000000020027be                swiDecompressHuffman
                0x00000000020027c2                swiDecompressRLEWram
                0x00000000020027c6                swiDecompressRLEVram
                0x00000000020027ca                swiWaitForIRQ
                0x00000000020027ce                swiDecodeDelta8
                0x00000000020027d2                swiDecodeDelta16
                0x00000000020027d6                swiSetHaltCR
 .text          0x00000000020027e0       0xa4 /home/nrikee/devkitPro/libnds/lib/libnds9.a(debugprint.o)
                0x00000000020027e0                nocashWrite
                0x00000000020027e2                nocashMessage
 .text          0x0000000002002884        0x0 /home/nrikee/devkitPro/libnds/lib/libnds9.a(interruptDispatcher.o)
 *fill*         0x0000000002002884        0xc ff
 .text          0x0000000002002890       0x30 /home/nrikee/devkitPro/libnds/lib/libnds9.a(swiSoftReset.o)
                0x0000000002002890                swiSoftReset
 .text          0x00000000020028c0        0x0 /home/nrikee/devkitPro/libnds/lib/libnds9.a(default_font.bin.o)
 .text          0x00000000020028c0      0x3bc /home/nrikee/devkitPro/libnds/lib/libnds9.a(background.o)
                0x00000000020028c0                bgIsText
                0x00000000020028cc                checkIfText
                0x0000000002002924                bgUpdate
                0x0000000002002a18                bgInit_call
                0x0000000002002b40                bgInitSub_call
 .text          0x0000000002002c7c      0x140 /home/nrikee/devkitPro/libnds/lib/libnds9.a(system.o)
                0x0000000002002c7c                setSDcallback
                0x0000000002002c88                systemValueHandler
                0x0000000002002cd0                systemMsgHandler
                0x0000000002002d20                systemSleep
                0x0000000002002d38                powerOn
                0x0000000002002d64                powerOff
                0x0000000002002d8c                ledBlink
                0x0000000002002d9c                getBatteryLevel
 .text          0x0000000002002dbc      0x3a8 /home/nrikee/devkitPro/libnds/lib/libnds9.a(trig.o)
                0x0000000002002dbc                asinComp
                0x0000000002002de0                sinLutLookup
                0x0000000002002e18                sinLerp
                0x0000000002002ea8                cosLerp
                0x0000000002002f64                tanLutLookup
                0x0000000002002f9c                tanLerp
                0x0000000002003044                asinLerp
                0x00000000020030c0                acosLerp
                0x000000000200313c                atanComp
 .text          0x0000000002003164      0x1f8 /home/nrikee/devkitPro/libnds/lib/libnds9.a(video.o)
                0x0000000002003164                vramSetPrimaryBanks
                0x00000000020031a8                vramSetMainBanks
                0x00000000020031ec                vramSetBanks_EFG
                0x0000000002003224                vramRestorePrimaryBanks
                0x0000000002003230                vramRestoreMainBanks
                0x000000000200323c                vramRestoreBanks_EFG
                0x0000000002003248                setBrightness
                0x0000000002003288                vramDefault
 .text          0x000000000200335c      0x148 /home/nrikee/devkitPro/devkitARM/bin/../lib/gcc/arm-none-eabi/4.9.2/libgcc.a(_divsi3.o)
                0x000000000200335c                __aeabi_idiv
                0x000000000200335c                __divsi3
                0x0000000002003484                __aeabi_idivmod
 .text          0x00000000020034a4        0x4 /home/nrikee/devkitPro/devkitARM/bin/../lib/gcc/arm-none-eabi/4.9.2/libgcc.a(_dvmd_tls.o)
                0x00000000020034a4                __aeabi_ldiv0
                0x00000000020034a4                __aeabi_idiv0
 .text          0x00000000020034a8       0x84 /home/nrikee/devkitPro/devkitARM/bin/../lib/gcc/arm-none-eabi/4.9.2/../../../../arm-none-eabi/lib/libg.a(lib_a-bsearch.o)
                0x00000000020034a8                bsearch
 .text          0x000000000200352c        0x0 /home/nrikee/devkitPro/devkitARM/bin/../lib/gcc/arm-none-eabi/4.9.2/../../../../arm-none-eabi/lib/libg.a(lib_a-impure.o)
 .text          0x000000000200352c       0x80 /home/nrikee/devkitPro/devkitARM/bin/../lib/gcc/arm-none-eabi/4.9.2/../../../../arm-none-eabi/lib/libg.a(lib_a-init.o)
                0x000000000200352c                __libc_init_array
 .text          0x00000000020035ac       0x74 /home/nrikee/devkitPro/devkitARM/bin/../lib/gcc/arm-none-eabi/4.9.2/../../../../arm-none-eabi/lib/libg.a(lib_a-iprintf.o)
                0x00000000020035ac                iprintf
                0x00000000020035ec                _iprintf_r
 .text          0x0000000002003620       0xf0 /home/nrikee/devkitPro/devkitARM/bin/../lib/gcc/arm-none-eabi/4.9.2/../../../../arm-none-eabi/lib/libg.a(lib_a-memcpy-stub.o)
                0x0000000002003620                memcpy
 .text          0x0000000002003710      0x174 /home/nrikee/devkitPro/devkitARM/bin/../lib/gcc/arm-none-eabi/4.9.2/../../../../arm-none-eabi/lib/libg.a(lib_a-setvbuf.o)
                0x0000000002003710                setvbuf
 .text          0x0000000002003884      0x100 /home/nrikee/devkitPro/devkitARM/bin/../lib/gcc/arm-none-eabi/4.9.2/../../../../arm-none-eabi/lib/libg.a(lib_a-siscanf.o)
                0x0000000002003884                siscanf
                0x0000000002003904                _siscanf_r
 .text          0x0000000002003984       0xd8 /home/nrikee/devkitPro/devkitARM/bin/../lib/gcc/arm-none-eabi/4.9.2/../../../../arm-none-eabi/lib/libg.a(lib_a-stdio.o)
                0x0000000002003984                __sread
                0x00000000020039b8                __seofread
                0x00000000020039c0                __swrite
                0x0000000002003a18                __sseek
                0x0000000002003a48                __sclose
 .text          0x0000000002003a5c       0x60 /home/nrikee/devkitPro/devkitARM/bin/../lib/gcc/arm-none-eabi/4.9.2/../../../../arm-none-eabi/lib/libg.a(lib_a-strlen.o)
                0x0000000002003a5c                strlen
 .text          0x0000000002003abc     0x237c /home/nrikee/devkitPro/devkitARM/bin/../lib/gcc/arm-none-eabi/4.9.2/../../../../arm-none-eabi/lib/libg.a(lib_a-svfiscanf.o)
                0x0000000002003abc                _sungetc_r
                0x0000000002003bb0                __ssrefill_r
                0x0000000002003c1c                _sfread_r
                0x0000000002003cf4                __ssvfiscanf_r
 .text          0x0000000002005e38      0x24c /home/nrikee/devkitPro/devkitARM/bin/../lib/gcc/arm-none-eabi/4.9.2/../../../../arm-none-eabi/lib/libg.a(lib_a-ungetc.o)
                0x0000000002005e38                __submore
                0x0000000002005ee8                _ungetc_r
                0x000000000200606c                ungetc
 .text          0x0000000002006084     0x3c00 /home/nrikee/devkitPro/devkitARM/bin/../lib/gcc/arm-none-eabi/4.9.2/../../../../arm-none-eabi/lib/libg.a(lib_a-vfiprintf.o)
                0x0000000002006990                __sprint_r
                0x00000000020069a8                _vfiprintf_r
                0x0000000002009bb0                vfiprintf
 .text          0x0000000002009c84      0x138 /home/nrikee/devkitPro/devkitARM/bin/../lib/gcc/arm-none-eabi/4.9.2/../../../../arm-none-eabi/lib/libg.a(lib_a-wcrtomb.o)
                0x0000000002009c84                _wcrtomb_r
                0x0000000002009d1c                wcrtomb
 .text          0x0000000002009dbc       0x60 /home/nrikee/devkitPro/devkitARM/bin/../lib/gcc/arm-none-eabi/4.9.2/../../../../arm-none-eabi/lib/libg.a(lib_a-wcsrtombs.o)
                0x0000000002009dbc                _wcsrtombs_r
                0x0000000002009de0                wcsrtombs
 .text          0x0000000002009e1c      0x3cc /home/nrikee/devkitPro/devkitARM/bin/../lib/gcc/arm-none-eabi/4.9.2/../../../../arm-none-eabi/lib/libg.a(lib_a-wctomb_r.o)
                0x0000000002009e1c                __utf8_wctomb
                0x0000000002009f30                _wctomb_r
                0x0000000002009f80                __ascii_wctomb
                0x0000000002009fa8                __sjis_wctomb
                0x000000000200a034                __eucjp_wctomb
                0x000000000200a108                __jis_wctomb
 .text          0x000000000200a1e8      0x160 /home/nrikee/devkitPro/devkitARM/bin/../lib/gcc/arm-none-eabi/4.9.2/../../../../arm-none-eabi/lib/libg.a(lib_a-wsetup.o)
                0x000000000200a1e8                __swsetup_r
 .text          0x000000000200a348       0x18 /home/nrikee/devkitPro/devkitARM/bin/../lib/gcc/arm-none-eabi/4.9.2/../../../../arm-none-eabi/lib/libg.a(lib_a-ctype_.o)
                0x000000000200a348                __set_ctype
 .text          0x000000000200a360      0x2d0 /home/nrikee/devkitPro/devkitARM/bin/../lib/gcc/arm-none-eabi/4.9.2/../../../../arm-none-eabi/lib/libg.a(lib_a-fflush.o)
                0x000000000200a360                __sflush_r
                0x000000000200a5a0                _fflush_r
                0x000000000200a5f4                fflush
 .text          0x000000000200a630      0x350 /home/nrikee/devkitPro/devkitARM/bin/../lib/gcc/arm-none-eabi/4.9.2/../../../../arm-none-eabi/lib/libg.a(lib_a-findfp.o)
                0x000000000200a640                _cleanup_r
                0x000000000200a7b8                __sfmoreglue
                0x000000000200a808                __sfp
                0x000000000200a8f4                _cleanup
                0x000000000200a918                __sinit
                0x000000000200a928                __sfp_lock_acquire
                0x000000000200a92c                __sfp_lock_release
                0x000000000200a930                __sinit_lock_acquire
                0x000000000200a934                __sinit_lock_release
                0x000000000200a938                __fp_lock_all
                0x000000000200a95c                __fp_unlock_all
 .text          0x000000000200a980      0x190 /home/nrikee/devkitPro/devkitARM/bin/../lib/gcc/arm-none-eabi/4.9.2/../../../../arm-none-eabi/lib/libg.a(lib_a-fputwc.o)
                0x000000000200a980                _fputwc_r
                0x000000000200aacc                fputwc
 .text          0x000000000200ab10      0x3bc /home/nrikee/devkitPro/devkitARM/bin/../lib/gcc/arm-none-eabi/4.9.2/../../../../arm-none-eabi/lib/libg.a(lib_a-freer.o)
                0x000000000200ab10                _malloc_trim_r
                0x000000000200ac10                _free_r
 .text          0x000000000200aecc      0x4ec /home/nrikee/devkitPro/devkitARM/bin/../lib/gcc/arm-none-eabi/4.9.2/../../../../arm-none-eabi/lib/libg.a(lib_a-fvwrite.o)
                0x000000000200aecc                __sfvwrite_r
 .text          0x000000000200b3b8      0x110 /home/nrikee/devkitPro/devkitARM/bin/../lib/gcc/arm-none-eabi/4.9.2/../../../../arm-none-eabi/lib/libg.a(lib_a-fwalk.o)
                0x000000000200b3b8                _fwalk
                0x000000000200b43c                _fwalk_reent
 .text          0x000000000200b4c8       0x7c /home/nrikee/devkitPro/devkitARM/bin/../lib/gcc/arm-none-eabi/4.9.2/../../../../arm-none-eabi/lib/libg.a(lib_a-iswspace.o)
                0x000000000200b4c8                iswspace
 .text          0x000000000200b544      0x280 /home/nrikee/devkitPro/devkitARM/bin/../lib/gcc/arm-none-eabi/4.9.2/../../../../arm-none-eabi/lib/libg.a(lib_a-jp2uc.o)
                0x000000000200b748                _jp2uc
 .text          0x000000000200b7c4      0xd40 /home/nrikee/devkitPro/devkitARM/bin/../lib/gcc/arm-none-eabi/4.9.2/../../../../arm-none-eabi/lib/libg.a(lib_a-locale.o)
                0x000000000200c194                _setlocale_r
                0x000000000200c49c                __locale_charset
                0x000000000200c4a8                __locale_mb_cur_max
                0x000000000200c4b8                __locale_msgcharset
                0x000000000200c4c4                __locale_cjk_lang
                0x000000000200c4d4                _localeconv_r
                0x000000000200c4e0                setlocale
                0x000000000200c4f8                localeconv
 .text          0x000000000200c504      0x168 /home/nrikee/devkitPro/devkitARM/bin/../lib/gcc/arm-none-eabi/4.9.2/../../../../arm-none-eabi/lib/libg.a(lib_a-makebuf.o)
                0x000000000200c504                __smakebuf_r
 .text          0x000000000200c66c       0x40 /home/nrikee/devkitPro/devkitARM/bin/../lib/gcc/arm-none-eabi/4.9.2/../../../../arm-none-eabi/lib/libg.a(lib_a-malloc.o)
                0x000000000200c66c                malloc
                0x000000000200c68c                free
 .text          0x000000000200c6ac      0x724 /home/nrikee/devkitPro/devkitARM/bin/../lib/gcc/arm-none-eabi/4.9.2/../../../../arm-none-eabi/lib/libg.a(lib_a-mallocr.o)
                0x000000000200c6ac                _malloc_r
 .text          0x000000000200cdd0      0x14c /home/nrikee/devkitPro/devkitARM/bin/../lib/gcc/arm-none-eabi/4.9.2/../../../../arm-none-eabi/lib/libg.a(lib_a-mbrtowc.o)
                0x000000000200cdd0                _mbrtowc_r
                0x000000000200ce74                mbrtowc
 .text          0x000000000200cf1c      0x784 /home/nrikee/devkitPro/devkitARM/bin/../lib/gcc/arm-none-eabi/4.9.2/../../../../arm-none-eabi/lib/libg.a(lib_a-mbtowc_r.o)
                0x000000000200cf1c                __utf8_mbtowc
                0x000000000200d220                _mbtowc_r
                0x000000000200d274                __ascii_mbtowc
                0x000000000200d2c0                __sjis_mbtowc
                0x000000000200d39c                __eucjp_mbtowc
                0x000000000200d4ec                __jis_mbtowc
 .text          0x000000000200d6a0      0x118 /home/nrikee/devkitPro/devkitARM/bin/../lib/gcc/arm-none-eabi/4.9.2/../../../../arm-none-eabi/lib/libg.a(lib_a-memchr-stub.o)
                0x000000000200d6a0                memchr
 .text          0x000000000200d7b8      0x12c /home/nrikee/devkitPro/devkitARM/bin/../lib/gcc/arm-none-eabi/4.9.2/../../../../arm-none-eabi/lib/libg.a(lib_a-memmove.o)
                0x000000000200d7b8                memmove
 .text          0x000000000200d8e4       0xf4 /home/nrikee/devkitPro/devkitARM/bin/../lib/gcc/arm-none-eabi/4.9.2/../../../../arm-none-eabi/lib/libg.a(lib_a-memset.o)
                0x000000000200d8e4                memset
 .text          0x000000000200d9d8        0x8 /home/nrikee/devkitPro/devkitARM/bin/../lib/gcc/arm-none-eabi/4.9.2/../../../../arm-none-eabi/lib/libg.a(lib_a-mlock.o)
                0x000000000200d9d8                __malloc_lock
                0x000000000200d9dc                __malloc_unlock
 .text          0x000000000200d9e0      0x4dc /home/nrikee/devkitPro/devkitARM/bin/../lib/gcc/arm-none-eabi/4.9.2/../../../../arm-none-eabi/lib/libg.a(lib_a-reallocr.o)
                0x000000000200d9e0                _realloc_r
 .text          0x000000000200debc       0xdc /home/nrikee/devkitPro/devkitARM/bin/../lib/gcc/arm-none-eabi/4.9.2/../../../../arm-none-eabi/lib/libg.a(lib_a-sccl.o)
                0x000000000200debc                __sccl
 .text          0x000000000200df98       0x6c /home/nrikee/devkitPro/devkitARM/bin/../lib/gcc/arm-none-eabi/4.9.2/../../../../arm-none-eabi/lib/libg.a(lib_a-strcasecmp.o)
                0x000000000200df98                strcasecmp
 .text          0x000000000200e004       0x84 /home/nrikee/devkitPro/devkitARM/bin/../lib/gcc/arm-none-eabi/4.9.2/../../../../arm-none-eabi/lib/libg.a(lib_a-strcat.o)
                0x000000000200e004                strcat
 .text          0x000000000200e088      0x160 /home/nrikee/devkitPro/devkitARM/bin/../lib/gcc/arm-none-eabi/4.9.2/../../../../arm-none-eabi/lib/libg.a(lib_a-strchr.o)
                0x000000000200e088                strchr
 .text          0x000000000200e1e8      0x230 /home/nrikee/devkitPro/devkitARM/bin/../lib/gcc/arm-none-eabi/4.9.2/../../../../arm-none-eabi/lib/libg.a(lib_a-strcmp.o)
                0x000000000200e1e8                strcmp
 .text          0x000000000200e418       0xf0 /home/nrikee/devkitPro/devkitARM/bin/../lib/gcc/arm-none-eabi/4.9.2/../../../../arm-none-eabi/lib/libg.a(lib_a-strcpy.o)
                0x000000000200e418                strcpy
 .text          0x000000000200e508       0x48 /home/nrikee/devkitPro/devkitARM/bin/../lib/gcc/arm-none-eabi/4.9.2/../../../../arm-none-eabi/lib/libg.a(lib_a-strlcpy.o)
                0x000000000200e508                strlcpy
 .text          0x000000000200e550       0x94 /home/nrikee/devkitPro/devkitARM/bin/../lib/gcc/arm-none-eabi/4.9.2/../../../../arm-none-eabi/lib/libg.a(lib_a-strncasecmp.o)
                0x000000000200e550                strncasecmp
 .text          0x000000000200e5e4      0x118 /home/nrikee/devkitPro/devkitARM/bin/../lib/gcc/arm-none-eabi/4.9.2/../../../../arm-none-eabi/lib/libg.a(lib_a-strncmp.o)
                0x000000000200e5e4                strncmp
 .text          0x000000000200e6fc       0xe4 /home/nrikee/devkitPro/devkitARM/bin/../lib/gcc/arm-none-eabi/4.9.2/../../../../arm-none-eabi/lib/libg.a(lib_a-strncpy.o)
                0x000000000200e6fc                strncpy
 .text          0x000000000200e7e0      0x2c8 /home/nrikee/devkitPro/devkitARM/bin/../lib/gcc/arm-none-eabi/4.9.2/../../../../arm-none-eabi/lib/libg.a(lib_a-strtoll_r.o)
                0x000000000200e7e0                _strtoll_r
 .text          0x000000000200eaa8      0x204 /home/nrikee/devkitPro/devkitARM/bin/../lib/gcc/arm-none-eabi/4.9.2/../../../../arm-none-eabi/lib/libg.a(lib_a-strtol.o)
                0x000000000200eaa8                _strtol_r
                0x000000000200ec84                strtol
 *fill*         0x000000000200ecac        0x4 ff
 .text          0x000000000200ecb0      0x270 /home/nrikee/devkitPro/devkitARM/bin/../lib/gcc/arm-none-eabi/4.9.2/../../../../arm-none-eabi/lib/libg.a(lib_a-strtoull_r.o)
                0x000000000200ecb0                _strtoull_r
 .text          0x000000000200ef20      0x1f4 /home/nrikee/devkitPro/devkitARM/bin/../lib/gcc/arm-none-eabi/4.9.2/../../../../arm-none-eabi/lib/libg.a(lib_a-strtoul.o)
                0x000000000200ef20                _strtoul_r
                0x000000000200f0ec                strtoul
 .text          0x000000000200f114     0x38b4 /home/nrikee/devkitPro/devkitARM/bin/../lib/gcc/arm-none-eabi/4.9.2/../../../../arm-none-eabi/lib/libg.a(lib_a-svfiprintf.o)
                0x000000000200f974                __ssprint_r
                0x000000000200fb24                _svfiprintf_r
 .text          0x00000000020129c8      0x140 /home/nrikee/devkitPro/devkitARM/bin/../lib/gcc/arm-none-eabi/4.9.2/../../../../arm-none-eabi/lib/libg.a(lib_a-wbuf.o)
                0x00000000020129c8                __swbuf_r
                0x0000000002012af0                __swbuf
 .text          0x0000000002012b08      0x1dc /home/nrikee/devkitPro/devkitARM/bin/../lib/gcc/arm-none-eabi/4.9.2/../../../../arm-none-eabi/lib/libg.a(lib_a-wcsnrtombs.o)
                0x0000000002012b08                _wcsnrtombs_r
                0x0000000002012c9c                wcsnrtombs
 .text          0x0000000002012ce4      0x110 /home/nrikee/devkitPro/devkitARM/bin/../lib/gcc/arm-none-eabi/4.9.2/../../../../arm-none-eabi/lib/libg.a(lib_a-fclose.o)
                0x0000000002012ce4                _fclose_r
                0x0000000002012de0                fclose
 .text          0x0000000002012df4       0xec /home/nrikee/devkitPro/devkitARM/bin/../lib/gcc/arm-none-eabi/4.9.2/../../../../arm-none-eabi/lib/libg.a(lib_a-getenv_r.o)
                0x0000000002012df4                _findenv_r
                0x0000000002012ec4                _getenv_r
 .text          0x0000000002012ee0        0x0 /home/nrikee/devkitPro/devkitARM/bin/../lib/gcc/arm-none-eabi/4.9.2/../../../../arm-none-eabi/lib/libg.a(lib_a-environ.o)
 .text          0x0000000002012ee0        0x8 /home/nrikee/devkitPro/devkitARM/bin/../lib/gcc/arm-none-eabi/4.9.2/../../../../arm-none-eabi/lib/libg.a(lib_a-envlock.o)
                0x0000000002012ee0                __env_lock
                0x0000000002012ee4                __env_unlock
 .text          0x0000000002012ee8      0x1c4 /home/nrikee/devkitPro/devkitARM/bin/../lib/gcc/arm-none-eabi/4.9.2/../../../../arm-none-eabi/lib/libsysbase.a(iosupport.o)
                0x0000000002012ee8                setDefaultDevice
                0x0000000002012f00                FindDevice
                0x0000000002012fb8                RemoveDevice
                0x0000000002012fe8                AddDevice
                0x0000000002013084                GetDeviceOpTab
 .text          0x00000000020130ac       0x74 /home/nrikee/devkitPro/devkitARM/bin/../lib/gcc/arm-none-eabi/4.9.2/../../../../arm-none-eabi/lib/libsysbase.a(close.o)
                0x00000000020130ac                _close_r
 .text          0x0000000002013120       0x80 /home/nrikee/devkitPro/devkitARM/bin/../lib/gcc/arm-none-eabi/4.9.2/../../../../arm-none-eabi/lib/libsysbase.a(fstat.o)
                0x0000000002013120                _fstat_r
 .text          0x00000000020131a0        0x8 /home/nrikee/devkitPro/devkitARM/bin/../lib/gcc/arm-none-eabi/4.9.2/../../../../arm-none-eabi/lib/libsysbase.a(isatty.o)
                0x00000000020131a0                _isatty_r
 .text          0x00000000020131a8       0x80 /home/nrikee/devkitPro/devkitARM/bin/../lib/gcc/arm-none-eabi/4.9.2/../../../../arm-none-eabi/lib/libsysbase.a(lseek.o)
                0x00000000020131a8                _lseek_r
 .text          0x0000000002013228       0x80 /home/nrikee/devkitPro/devkitARM/bin/../lib/gcc/arm-none-eabi/4.9.2/../../../../arm-none-eabi/lib/libsysbase.a(read.o)
                0x0000000002013228                _read_r
 .text          0x00000000020132a8       0x70 /home/nrikee/devkitPro/devkitARM/bin/../lib/gcc/arm-none-eabi/4.9.2/../../../../arm-none-eabi/lib/libsysbase.a(sbrk.o)
                0x00000000020132a8                _sbrk_r
 .text          0x0000000002013318       0x68 /home/nrikee/devkitPro/devkitARM/bin/../lib/gcc/arm-none-eabi/4.9.2/../../../../arm-none-eabi/lib/libsysbase.a(times.o)
                0x0000000002013318                _times
                0x0000000002013334                _times_r
                0x000000000201333c                _gettimeofday_r
 .text          0x0000000002013380       0x84 /home/nrikee/devkitPro/devkitARM/bin/../lib/gcc/arm-none-eabi/4.9.2/../../../../arm-none-eabi/lib/libsysbase.a(write.o)
                0x0000000002013380                _write_r
 .text          0x0000000002013404        0x0 /home/nrikee/devkitPro/devkitARM/bin/../lib/gcc/arm-none-eabi/4.9.2/../../../../arm-none-eabi/lib/libsysbase.a(malloc_vars.o)
 .text          0x0000000002013404       0x80 /home/nrikee/devkitPro/devkitARM/bin/../lib/gcc/arm-none-eabi/4.9.2/../../../../arm-none-eabi/lib/libsysbase.a(build_argv.o)
                0x0000000002013404                build_argv
 .text          0x0000000002013484        0x0 /home/nrikee/devkitPro/devkitARM/bin/../lib/gcc/arm-none-eabi/4.9.2/../../../../arm-none-eabi/lib/libsysbase.a(syscall_support.o)
 .text          0x0000000002013484       0xb0 /home/nrikee/devkitPro/devkitARM/bin/../lib/gcc/arm-none-eabi/4.9.2/../../../../arm-none-eabi/lib/libsysbase.a(handle_manager.o)
                0x0000000002013484                __release_handle
                0x00000000020134bc                __alloc_handle
                0x0000000002013518                __get_handle
 .text          0x0000000002013534      0x114 /home/nrikee/devkitPro/devkitARM/bin/../lib/gcc/arm-none-eabi/4.9.2/libgcc.a(_udivsi3.o)
                0x0000000002013534                __udivsi3
                0x0000000002013534                __aeabi_uidiv
                0x0000000002013628                __aeabi_uidivmod
 .text          0x0000000002013648       0x3c /home/nrikee/devkitPro/devkitARM/bin/../lib/gcc/arm-none-eabi/4.9.2/libgcc.a(_aeabi_uldivmod.o)
                0x0000000002013648                __aeabi_uldivmod
 .text          0x0000000002013684       0x84 /home/nrikee/devkitPro/devkitARM/bin/../lib/gcc/arm-none-eabi/4.9.2/libgcc.a(bpabi.o)
                0x0000000002013684                __gnu_ldivmod_helper
                0x00000000020136c8                __gnu_uldivmod_helper
 .text          0x0000000002013708      0x178 /home/nrikee/devkitPro/devkitARM/bin/../lib/gcc/arm-none-eabi/4.9.2/libgcc.a(_divdi3.o)
                0x0000000002013708                __divdi3
 .text          0x0000000002013880      0x120 /home/nrikee/devkitPro/devkitARM/bin/../lib/gcc/arm-none-eabi/4.9.2/libgcc.a(_udivdi3.o)
                0x0000000002013880                __udivdi3
 .text          0x00000000020139a0       0x28 /home/nrikee/devkitPro/devkitARM/bin/../lib/gcc/arm-none-eabi/4.9.2/libgcc.a(_clzdi2.o)
                0x00000000020139a0                __clzdi2
 .text          0x00000000020139c8       0x48 /home/nrikee/devkitPro/devkitARM/bin/../lib/gcc/arm-none-eabi/4.9.2/libgcc.a(_clzsi2.o)
                0x00000000020139c8                __clzsi2
 .text          0x0000000002013a10       0x10 /home/nrikee/devkitPro/devkitARM/bin/../lib/gcc/arm-none-eabi/4.9.2/../../../../arm-none-eabi/lib/libg.a(lib_a-errno.o)
                0x0000000002013a10                __errno
 .text          0x0000000002013a20        0x0 /home/nrikee/devkitPro/devkitARM/bin/../lib/gcc/arm-none-eabi/4.9.2/crtend.o
 .text          0x0000000002013a20        0x0 /home/nrikee/devkitPro/devkitARM/bin/../lib/gcc/arm-none-eabi/4.9.2/crtn.o
 *(.text.*)
 .text.startup  0x0000000002013a20       0x1c main.o
                0x0000000002013a20                main
 *fill*         0x0000000002013a3c        0x4 ff
 .text.startup.__stub
                0x0000000002013a40       0x64 linker stubs
 *(.stub)
 *(.gnu.warning)
 *(.gnu.linkonce.t*)
 *(.glue_7)
 .glue_7        0x0000000000000000        0x0 linker stubs
 *(.glue_7t)
 .glue_7t       0x0000000000000000        0x0 linker stubs
                0x0000000002013aa4                . = ALIGN (0x4)

.vfp11_veneer   0x0000000002013ab0        0x0
 .vfp11_veneer  0x0000000000000000        0x0 linker stubs

.v4_bx          0x0000000002013ab0        0x0
 .v4_bx         0x0000000000000000        0x0 linker stubs

.iplt           0x0000000002013ab0        0x0
 .iplt          0x0000000000000000        0x0 /home/nrikee/devkitPro/devkitARM/bin/../lib/gcc/arm-none-eabi/4.9.2/../../../../arm-none-eabi/lib/ds_arm9_crt0.o

.fini           0x0000000002013ab0       0x18
 *(.fini)
 .fini          0x0000000002013ab0        0xc /home/nrikee/devkitPro/devkitARM/bin/../lib/gcc/arm-none-eabi/4.9.2/crti.o
                0x0000000002013ab0                _fini
 .fini          0x0000000002013abc        0xc /home/nrikee/devkitPro/devkitARM/bin/../lib/gcc/arm-none-eabi/4.9.2/crtn.o
                0x0000000002013ac8                __text_end = .

.rodata         0x0000000002013ac8     0x5ff0
 *(.rodata)
 .rodata        0x0000000002013ac8      0x200 /home/nrikee/devkitPro/libnds/lib/libnds9.a(console.o)
 .rodata        0x0000000002013cc8     0x2004 /home/nrikee/devkitPro/libnds/lib/libnds9.a(default_font.bin.o)
                0x0000000002013cc8                default_font_bin
                0x0000000002015cc8                default_font_bin_end
                0x0000000002015cc8                default_font_bin_size
 .rodata        0x0000000002015ccc      0x308 /home/nrikee/devkitPro/libnds/lib/libnds9.a(trig.o)
                0x0000000002015ccc                SIN_LUT
                0x0000000002015dd0                TAN_LUT
 .rodata        0x0000000002015fd4        0x4 /home/nrikee/devkitPro/devkitARM/bin/../lib/gcc/arm-none-eabi/4.9.2/../../../../arm-none-eabi/lib/libg.a(lib_a-impure.o)
                0x0000000002015fd4                _global_impure_ptr
 .rodata        0x0000000002015fd8       0x24 /home/nrikee/devkitPro/devkitARM/bin/../lib/gcc/arm-none-eabi/4.9.2/../../../../arm-none-eabi/lib/libg.a(lib_a-svfiscanf.o)
 .rodata        0x0000000002015ffc       0x20 /home/nrikee/devkitPro/devkitARM/bin/../lib/gcc/arm-none-eabi/4.9.2/../../../../arm-none-eabi/lib/libg.a(lib_a-vfiprintf.o)
 .rodata        0x000000000201601c      0x104 /home/nrikee/devkitPro/devkitARM/bin/../lib/gcc/arm-none-eabi/4.9.2/../../../../arm-none-eabi/lib/libg.a(lib_a-ctype_.o)
                0x000000000201601c                _ctype_
 .rodata        0x0000000002016120     0x34d0 /home/nrikee/devkitPro/devkitARM/bin/../lib/gcc/arm-none-eabi/4.9.2/../../../../arm-none-eabi/lib/libg.a(lib_a-jp2uc.o)
 .rodata        0x00000000020195f0       0x1c /home/nrikee/devkitPro/devkitARM/bin/../lib/gcc/arm-none-eabi/4.9.2/../../../../arm-none-eabi/lib/libg.a(lib_a-locale.o)
 .rodata        0x000000000201960c       0x90 /home/nrikee/devkitPro/devkitARM/bin/../lib/gcc/arm-none-eabi/4.9.2/../../../../arm-none-eabi/lib/libg.a(lib_a-mbtowc_r.o)
 .rodata        0x000000000201969c      0x1f8 /home/nrikee/devkitPro/devkitARM/bin/../lib/gcc/arm-none-eabi/4.9.2/../../../../arm-none-eabi/lib/libg.a(lib_a-svfiprintf.o)
                0x000000000201969c                __chclass
                0x000000000201979c                __state_table
                0x0000000002019808                __action_table
 .rodata        0x0000000002019894       0x64 /home/nrikee/devkitPro/devkitARM/bin/../lib/gcc/arm-none-eabi/4.9.2/../../../../arm-none-eabi/lib/libsysbase.a(iosupport.o)
                0x0000000002019894                dotab_stdnull
 *all.rodata*(*)
 *(.roda)
 *(.rodata.*)
 .rodata.str1.4
                0x00000000020198f8        0xd main.o
                                         0x10 (size before relaxing)
 *fill*         0x0000000002019905        0x3 ff
 .rodata.str1.4
                0x0000000002019908       0x4c /home/nrikee/devkitPro/libnds/lib/libnds9.a(console.o)
 .rodata.str1.4
                0x0000000002019954        0x2 /home/nrikee/devkitPro/devkitARM/bin/../lib/gcc/arm-none-eabi/4.9.2/../../../../arm-none-eabi/lib/libg.a(lib_a-impure.o)
                                          0x4 (size before relaxing)
 *fill*         0x0000000002019956        0x2 ff
 .rodata.str1.4
                0x0000000002019958       0x2f /home/nrikee/devkitPro/devkitARM/bin/../lib/gcc/arm-none-eabi/4.9.2/../../../../arm-none-eabi/lib/libg.a(lib_a-vfiprintf.o)
                                         0x30 (size before relaxing)
 *fill*         0x0000000002019987        0x1 ff
 .rodata.str1.4
                0x0000000002019988       0x12 /home/nrikee/devkitPro/devkitARM/bin/../lib/gcc/arm-none-eabi/4.9.2/../../../../arm-none-eabi/lib/libg.a(lib_a-jp2uc.o)
                                         0x14 (size before relaxing)
 *fill*         0x000000000201999a        0x2 ff
 .rodata.str1.4
                0x000000000201999c      0x112 /home/nrikee/devkitPro/devkitARM/bin/../lib/gcc/arm-none-eabi/4.9.2/../../../../arm-none-eabi/lib/libg.a(lib_a-locale.o)
                                        0x130 (size before relaxing)
 .rodata.str1.4
                0x0000000000000000        0x4 /home/nrikee/devkitPro/devkitARM/bin/../lib/gcc/arm-none-eabi/4.9.2/../../../../arm-none-eabi/lib/libg.a(lib_a-mbrtowc.o)
 .rodata.str1.4
                0x0000000000000000       0x30 /home/nrikee/devkitPro/devkitARM/bin/../lib/gcc/arm-none-eabi/4.9.2/../../../../arm-none-eabi/lib/libg.a(lib_a-svfiprintf.o)
 *fill*         0x0000000002019aae        0x2 ff
 .rodata.str1.4
                0x0000000002019ab0        0x8 /home/nrikee/devkitPro/devkitARM/bin/../lib/gcc/arm-none-eabi/4.9.2/../../../../arm-none-eabi/lib/libsysbase.a(iosupport.o)
 *(.gnu.linkonce.r*)
                0x0000000002019ab8                . = ALIGN (0x4)

.rel.dyn        0x0000000002019ab8        0x0
 .rel.iplt      0x0000000000000000        0x0 /home/nrikee/devkitPro/devkitARM/bin/../lib/gcc/arm-none-eabi/4.9.2/../../../../arm-none-eabi/lib/ds_arm9_crt0.o

.ARM.extab
 *(.ARM.extab* .gnu.linkonce.armextab.*)
                0x0000000002019ab8                __exidx_start = .

ARM.exidx
 *(.ARM.exidx* .gnu.linkonce.armexidx.*)
                0x0000000002019ab8                __exidx_end = .
                0x0000000002019ab8                . = ALIGN (0x4)
                0x0000000002019ab8                PROVIDE (__preinit_array_start, .)

.preinit_array
 *(.preinit_array)
                0x0000000002019ab8                PROVIDE (__preinit_array_end, .)
                0x0000000002019ab8                PROVIDE (__init_array_start, .)

.init_array     0x0000000002019ab8        0x4
 *(SORT(.init_array.*))
 *(.init_array)
 .init_array    0x0000000002019ab8        0x4 /home/nrikee/devkitPro/devkitARM/bin/../lib/gcc/arm-none-eabi/4.9.2/crtbegin.o
                0x0000000002019abc                PROVIDE (__init_array_end, .)
                0x0000000002019abc                PROVIDE (__fini_array_start, .)

.fini_array     0x0000000002019abc        0x4
 *(.fini_array)
 .fini_array    0x0000000002019abc        0x4 /home/nrikee/devkitPro/devkitARM/bin/../lib/gcc/arm-none-eabi/4.9.2/crtbegin.o
 *(SORT(.fini_array.*))
                0x0000000002019ac0                PROVIDE (__fini_array_end, .)

.ctors          0x0000000002019ac0        0x0
 *crtbegin.o(.ctors)
 *(EXCLUDE_FILE(*crtend.o) .ctors)
 *(SORT(.ctors.*))
 *(.ctors)
                0x0000000002019ac0                . = ALIGN (0x4)

.dtors          0x0000000002019ac0        0x0
 *crtbegin.o(.dtors)
 *(EXCLUDE_FILE(*crtend.o) .dtors)
 *(SORT(.dtors.*))
 *(.dtors)
                0x0000000002019ac0                . = ALIGN (0x4)

.eh_frame       0x0000000002019ac0        0x4
 *(.eh_frame)
 .eh_frame      0x0000000002019ac0        0x0 /home/nrikee/devkitPro/devkitARM/bin/../lib/gcc/arm-none-eabi/4.9.2/crtbegin.o
 .eh_frame      0x0000000002019ac0        0x4 /home/nrikee/devkitPro/devkitARM/bin/../lib/gcc/arm-none-eabi/4.9.2/crtend.o
                0x0000000002019ac4                . = ALIGN (0x4)

.gcc_except_table
                0x0000000002019ac4        0x0
 *(.gcc_except_table)
                0x0000000002019ac4                . = ALIGN (0x4)

.jcr            0x0000000002019ac4        0x4
 *(.jcr)
 .jcr           0x0000000002019ac4        0x0 /home/nrikee/devkitPro/devkitARM/bin/../lib/gcc/arm-none-eabi/4.9.2/crtbegin.o
 .jcr           0x0000000002019ac4        0x4 /home/nrikee/devkitPro/devkitARM/bin/../lib/gcc/arm-none-eabi/4.9.2/crtend.o

.got
 *(.got.plt)
 *(.got)
 *(.rel.got)

.ewram          0x0000000002019ac8        0x0
                0x0000000002019ac8                __ewram_start = ABSOLUTE (.)
 *(.ewram)
 *ewram.*(.text)
                0x0000000002019ac8                . = ALIGN (0x4)

.data           0x0000000002019ac8      0xae8
                0x0000000002019ac8                __data_start = ABSOLUTE (.)
 *(.data)
 .data          0x0000000002019ac8        0x0 /home/nrikee/devkitPro/devkitARM/bin/../lib/gcc/arm-none-eabi/4.9.2/../../../../arm-none-eabi/lib/ds_arm9_crt0.o
 .data          0x0000000002019ac8        0x0 /home/nrikee/devkitPro/devkitARM/bin/../lib/gcc/arm-none-eabi/4.9.2/crti.o
 .data          0x0000000002019ac8        0x4 /home/nrikee/devkitPro/devkitARM/bin/../lib/gcc/arm-none-eabi/4.9.2/crtbegin.o
                0x0000000002019ac8                __dso_handle
 .data          0x0000000002019acc        0x0 main.o
 .data          0x0000000002019acc       0x64 /home/nrikee/devkitPro/libnds/lib/libnds9.a(console.o)
                0x0000000002019acc                currentConsole
                0x0000000002019ad0                defaultConsole
 .data          0x0000000002019b30        0x0 /home/nrikee/devkitPro/libnds/lib/libnds9.a(initSystem.o)
 .data          0x0000000002019b30       0x10 /home/nrikee/devkitPro/libnds/lib/libnds9.a(fifosystem.o)
                0x0000000002019b30                fifo_buffer_free
                0x0000000002019b34                fifo_freewords
                0x0000000002019b38                fifo_send_queue
                0x0000000002019b3c                fifo_receive_queue
 .data          0x0000000002019b40        0x0 /home/nrikee/devkitPro/libnds/lib/libnds9.a(interrupts.o)
 .data          0x0000000002019b40        0x0 /home/nrikee/devkitPro/libnds/lib/libnds9.a(libnds_exit.arm.o)
 .data          0x0000000002019b40        0x0 /home/nrikee/devkitPro/libnds/lib/libnds9.a(mpu_setup.o)
 .data          0x0000000002019b40        0x0 /home/nrikee/devkitPro/libnds/lib/libnds9.a(biosCalls.o)
 .data          0x0000000002019b40        0x0 /home/nrikee/devkitPro/libnds/lib/libnds9.a(debugprint.o)
 .data          0x0000000002019b40        0x0 /home/nrikee/devkitPro/libnds/lib/libnds9.a(interruptDispatcher.o)
 .data          0x0000000002019b40        0x0 /home/nrikee/devkitPro/libnds/lib/libnds9.a(swiSoftReset.o)
 .data          0x0000000002019b40        0x0 /home/nrikee/devkitPro/libnds/lib/libnds9.a(default_font.bin.o)
 .data          0x0000000002019b40       0x60 /home/nrikee/devkitPro/libnds/lib/libnds9.a(background.o)
                0x0000000002019b40                bgScrollTable
                0x0000000002019b60                bgTransform
                0x0000000002019b80                bgControl
 .data          0x0000000002019ba0        0x0 /home/nrikee/devkitPro/libnds/lib/libnds9.a(system.o)
 .data          0x0000000002019ba0        0x0 /home/nrikee/devkitPro/libnds/lib/libnds9.a(trig.o)
 .data          0x0000000002019ba0        0x0 /home/nrikee/devkitPro/libnds/lib/libnds9.a(video.o)
 .data          0x0000000002019ba0        0x0 /home/nrikee/devkitPro/devkitARM/bin/../lib/gcc/arm-none-eabi/4.9.2/libgcc.a(_divsi3.o)
 .data          0x0000000002019ba0        0x0 /home/nrikee/devkitPro/devkitARM/bin/../lib/gcc/arm-none-eabi/4.9.2/libgcc.a(_dvmd_tls.o)
 .data          0x0000000002019ba0        0x0 /home/nrikee/devkitPro/devkitARM/bin/../lib/gcc/arm-none-eabi/4.9.2/../../../../arm-none-eabi/lib/libg.a(lib_a-bsearch.o)
 *fill*         0x0000000002019ba0        0x0 ff
 .data          0x0000000002019ba0      0x430 /home/nrikee/devkitPro/devkitARM/bin/../lib/gcc/arm-none-eabi/4.9.2/../../../../arm-none-eabi/lib/libg.a(lib_a-impure.o)
                0x0000000002019ba0                _impure_ptr
 .data          0x0000000002019fd0        0x0 /home/nrikee/devkitPro/devkitARM/bin/../lib/gcc/arm-none-eabi/4.9.2/../../../../arm-none-eabi/lib/libg.a(lib_a-init.o)
 .data          0x0000000002019fd0        0x0 /home/nrikee/devkitPro/devkitARM/bin/../lib/gcc/arm-none-eabi/4.9.2/../../../../arm-none-eabi/lib/libg.a(lib_a-iprintf.o)
 .data          0x0000000002019fd0        0x0 /home/nrikee/devkitPro/devkitARM/bin/../lib/gcc/arm-none-eabi/4.9.2/../../../../arm-none-eabi/lib/libg.a(lib_a-memcpy-stub.o)
 .data          0x0000000002019fd0        0x0 /home/nrikee/devkitPro/devkitARM/bin/../lib/gcc/arm-none-eabi/4.9.2/../../../../arm-none-eabi/lib/libg.a(lib_a-setvbuf.o)
 .data          0x0000000002019fd0        0x0 /home/nrikee/devkitPro/devkitARM/bin/../lib/gcc/arm-none-eabi/4.9.2/../../../../arm-none-eabi/lib/libg.a(lib_a-siscanf.o)
 .data          0x0000000002019fd0        0x0 /home/nrikee/devkitPro/devkitARM/bin/../lib/gcc/arm-none-eabi/4.9.2/../../../../arm-none-eabi/lib/libg.a(lib_a-stdio.o)
 .data          0x0000000002019fd0        0x0 /home/nrikee/devkitPro/devkitARM/bin/../lib/gcc/arm-none-eabi/4.9.2/../../../../arm-none-eabi/lib/libg.a(lib_a-strlen.o)
 .data          0x0000000002019fd0        0x0 /home/nrikee/devkitPro/devkitARM/bin/../lib/gcc/arm-none-eabi/4.9.2/../../../../arm-none-eabi/lib/libg.a(lib_a-svfiscanf.o)
 .data          0x0000000002019fd0        0x0 /home/nrikee/devkitPro/devkitARM/bin/../lib/gcc/arm-none-eabi/4.9.2/../../../../arm-none-eabi/lib/libg.a(lib_a-ungetc.o)
 .data          0x0000000002019fd0        0x0 /home/nrikee/devkitPro/devkitARM/bin/../lib/gcc/arm-none-eabi/4.9.2/../../../../arm-none-eabi/lib/libg.a(lib_a-vfiprintf.o)
 .data          0x0000000002019fd0        0x0 /home/nrikee/devkitPro/devkitARM/bin/../lib/gcc/arm-none-eabi/4.9.2/../../../../arm-none-eabi/lib/libg.a(lib_a-wcrtomb.o)
 .data          0x0000000002019fd0        0x0 /home/nrikee/devkitPro/devkitARM/bin/../lib/gcc/arm-none-eabi/4.9.2/../../../../arm-none-eabi/lib/libg.a(lib_a-wcsrtombs.o)
 .data          0x0000000002019fd0        0x4 /home/nrikee/devkitPro/devkitARM/bin/../lib/gcc/arm-none-eabi/4.9.2/../../../../arm-none-eabi/lib/libg.a(lib_a-wctomb_r.o)
                0x0000000002019fd0                __wctomb
 .data          0x0000000002019fd4        0x0 /home/nrikee/devkitPro/devkitARM/bin/../lib/gcc/arm-none-eabi/4.9.2/../../../../arm-none-eabi/lib/libg.a(lib_a-wsetup.o)
 .data          0x0000000002019fd4        0x4 /home/nrikee/devkitPro/devkitARM/bin/../lib/gcc/arm-none-eabi/4.9.2/../../../../arm-none-eabi/lib/libg.a(lib_a-ctype_.o)
                0x0000000002019fd4                __ctype_ptr__
 .data          0x0000000002019fd8        0x0 /home/nrikee/devkitPro/devkitARM/bin/../lib/gcc/arm-none-eabi/4.9.2/../../../../arm-none-eabi/lib/libg.a(lib_a-fflush.o)
 .data          0x0000000002019fd8        0x0 /home/nrikee/devkitPro/devkitARM/bin/../lib/gcc/arm-none-eabi/4.9.2/../../../../arm-none-eabi/lib/libg.a(lib_a-findfp.o)
 .data          0x0000000002019fd8        0x0 /home/nrikee/devkitPro/devkitARM/bin/../lib/gcc/arm-none-eabi/4.9.2/../../../../arm-none-eabi/lib/libg.a(lib_a-fputwc.o)
 .data          0x0000000002019fd8        0x0 /home/nrikee/devkitPro/devkitARM/bin/../lib/gcc/arm-none-eabi/4.9.2/../../../../arm-none-eabi/lib/libg.a(lib_a-freer.o)
 .data          0x0000000002019fd8        0x0 /home/nrikee/devkitPro/devkitARM/bin/../lib/gcc/arm-none-eabi/4.9.2/../../../../arm-none-eabi/lib/libg.a(lib_a-fvwrite.o)
 .data          0x0000000002019fd8        0x0 /home/nrikee/devkitPro/devkitARM/bin/../lib/gcc/arm-none-eabi/4.9.2/../../../../arm-none-eabi/lib/libg.a(lib_a-fwalk.o)
 .data          0x0000000002019fd8        0x0 /home/nrikee/devkitPro/devkitARM/bin/../lib/gcc/arm-none-eabi/4.9.2/../../../../arm-none-eabi/lib/libg.a(lib_a-iswspace.o)
 .data          0x0000000002019fd8        0x0 /home/nrikee/devkitPro/devkitARM/bin/../lib/gcc/arm-none-eabi/4.9.2/../../../../arm-none-eabi/lib/libg.a(lib_a-jp2uc.o)
 .data          0x0000000002019fd8      0x17c /home/nrikee/devkitPro/devkitARM/bin/../lib/gcc/arm-none-eabi/4.9.2/../../../../arm-none-eabi/lib/libg.a(lib_a-locale.o)
                0x0000000002019fd8                __default_locale
                0x000000000201a0f8                __mb_cur_max
 .data          0x000000000201a154        0x0 /home/nrikee/devkitPro/devkitARM/bin/../lib/gcc/arm-none-eabi/4.9.2/../../../../arm-none-eabi/lib/libg.a(lib_a-makebuf.o)
 .data          0x000000000201a154        0x0 /home/nrikee/devkitPro/devkitARM/bin/../lib/gcc/arm-none-eabi/4.9.2/../../../../arm-none-eabi/lib/libg.a(lib_a-malloc.o)
 .data          0x000000000201a154      0x410 /home/nrikee/devkitPro/devkitARM/bin/../lib/gcc/arm-none-eabi/4.9.2/../../../../arm-none-eabi/lib/libg.a(lib_a-mallocr.o)
                0x000000000201a154                __malloc_av_
                0x000000000201a55c                __malloc_sbrk_base
                0x000000000201a560                __malloc_trim_threshold
 .data          0x000000000201a564        0x0 /home/nrikee/devkitPro/devkitARM/bin/../lib/gcc/arm-none-eabi/4.9.2/../../../../arm-none-eabi/lib/libg.a(lib_a-mbrtowc.o)
 .data          0x000000000201a564        0x4 /home/nrikee/devkitPro/devkitARM/bin/../lib/gcc/arm-none-eabi/4.9.2/../../../../arm-none-eabi/lib/libg.a(lib_a-mbtowc_r.o)
                0x000000000201a564                __mbtowc
 .data          0x000000000201a568        0x0 /home/nrikee/devkitPro/devkitARM/bin/../lib/gcc/arm-none-eabi/4.9.2/../../../../arm-none-eabi/lib/libg.a(lib_a-memchr-stub.o)
 .data          0x000000000201a568        0x0 /home/nrikee/devkitPro/devkitARM/bin/../lib/gcc/arm-none-eabi/4.9.2/../../../../arm-none-eabi/lib/libg.a(lib_a-memmove.o)
 .data          0x000000000201a568        0x0 /home/nrikee/devkitPro/devkitARM/bin/../lib/gcc/arm-none-eabi/4.9.2/../../../../arm-none-eabi/lib/libg.a(lib_a-memset.o)
 .data          0x000000000201a568        0x0 /home/nrikee/devkitPro/devkitARM/bin/../lib/gcc/arm-none-eabi/4.9.2/../../../../arm-none-eabi/lib/libg.a(lib_a-mlock.o)
 .data          0x000000000201a568        0x0 /home/nrikee/devkitPro/devkitARM/bin/../lib/gcc/arm-none-eabi/4.9.2/../../../../arm-none-eabi/lib/libg.a(lib_a-reallocr.o)
 .data          0x000000000201a568        0x0 /home/nrikee/devkitPro/devkitARM/bin/../lib/gcc/arm-none-eabi/4.9.2/../../../../arm-none-eabi/lib/libg.a(lib_a-sccl.o)
 .data          0x000000000201a568        0x0 /home/nrikee/devkitPro/devkitARM/bin/../lib/gcc/arm-none-eabi/4.9.2/../../../../arm-none-eabi/lib/libg.a(lib_a-strcasecmp.o)
 .data          0x000000000201a568        0x0 /home/nrikee/devkitPro/devkitARM/bin/../lib/gcc/arm-none-eabi/4.9.2/../../../../arm-none-eabi/lib/libg.a(lib_a-strcat.o)
 .data          0x000000000201a568        0x0 /home/nrikee/devkitPro/devkitARM/bin/../lib/gcc/arm-none-eabi/4.9.2/../../../../arm-none-eabi/lib/libg.a(lib_a-strchr.o)
 .data          0x000000000201a568        0x0 /home/nrikee/devkitPro/devkitARM/bin/../lib/gcc/arm-none-eabi/4.9.2/../../../../arm-none-eabi/lib/libg.a(lib_a-strcmp.o)
 .data          0x000000000201a568        0x0 /home/nrikee/devkitPro/devkitARM/bin/../lib/gcc/arm-none-eabi/4.9.2/../../../../arm-none-eabi/lib/libg.a(lib_a-strcpy.o)
 .data          0x000000000201a568        0x0 /home/nrikee/devkitPro/devkitARM/bin/../lib/gcc/arm-none-eabi/4.9.2/../../../../arm-none-eabi/lib/libg.a(lib_a-strlcpy.o)
 .data          0x000000000201a568        0x0 /home/nrikee/devkitPro/devkitARM/bin/../lib/gcc/arm-none-eabi/4.9.2/../../../../arm-none-eabi/lib/libg.a(lib_a-strncasecmp.o)
 .data          0x000000000201a568        0x0 /home/nrikee/devkitPro/devkitARM/bin/../lib/gcc/arm-none-eabi/4.9.2/../../../../arm-none-eabi/lib/libg.a(lib_a-strncmp.o)
 .data          0x000000000201a568        0x0 /home/nrikee/devkitPro/devkitARM/bin/../lib/gcc/arm-none-eabi/4.9.2/../../../../arm-none-eabi/lib/libg.a(lib_a-strncpy.o)
 .data          0x000000000201a568        0x0 /home/nrikee/devkitPro/devkitARM/bin/../lib/gcc/arm-none-eabi/4.9.2/../../../../arm-none-eabi/lib/libg.a(lib_a-strtoll_r.o)
 .data          0x000000000201a568        0x0 /home/nrikee/devkitPro/devkitARM/bin/../lib/gcc/arm-none-eabi/4.9.2/../../../../arm-none-eabi/lib/libg.a(lib_a-strtol.o)
 .data          0x000000000201a568        0x0 /home/nrikee/devkitPro/devkitARM/bin/../lib/gcc/arm-none-eabi/4.9.2/../../../../arm-none-eabi/lib/libg.a(lib_a-strtoull_r.o)
 .data          0x000000000201a568        0x0 /home/nrikee/devkitPro/devkitARM/bin/../lib/gcc/arm-none-eabi/4.9.2/../../../../arm-none-eabi/lib/libg.a(lib_a-strtoul.o)
 .data          0x000000000201a568        0x0 /home/nrikee/devkitPro/devkitARM/bin/../lib/gcc/arm-none-eabi/4.9.2/../../../../arm-none-eabi/lib/libg.a(lib_a-svfiprintf.o)
 .data          0x000000000201a568        0x0 /home/nrikee/devkitPro/devkitARM/bin/../lib/gcc/arm-none-eabi/4.9.2/../../../../arm-none-eabi/lib/libg.a(lib_a-wbuf.o)
 .data          0x000000000201a568        0x0 /home/nrikee/devkitPro/devkitARM/bin/../lib/gcc/arm-none-eabi/4.9.2/../../../../arm-none-eabi/lib/libg.a(lib_a-wcsnrtombs.o)
 .data          0x000000000201a568        0x0 /home/nrikee/devkitPro/devkitARM/bin/../lib/gcc/arm-none-eabi/4.9.2/../../../../arm-none-eabi/lib/libg.a(lib_a-fclose.o)
 .data          0x000000000201a568        0x0 /home/nrikee/devkitPro/devkitARM/bin/../lib/gcc/arm-none-eabi/4.9.2/../../../../arm-none-eabi/lib/libg.a(lib_a-getenv_r.o)
 .data          0x000000000201a568        0x4 /home/nrikee/devkitPro/devkitARM/bin/../lib/gcc/arm-none-eabi/4.9.2/../../../../arm-none-eabi/lib/libg.a(lib_a-environ.o)
                0x000000000201a568                environ
 .data          0x000000000201a56c        0x0 /home/nrikee/devkitPro/devkitARM/bin/../lib/gcc/arm-none-eabi/4.9.2/../../../../arm-none-eabi/lib/libg.a(lib_a-envlock.o)
 .data          0x000000000201a56c       0x44 /home/nrikee/devkitPro/devkitARM/bin/../lib/gcc/arm-none-eabi/4.9.2/../../../../arm-none-eabi/lib/libsysbase.a(iosupport.o)
                0x000000000201a570                devoptab_list
 .data          0x000000000201a5b0        0x0 /home/nrikee/devkitPro/devkitARM/bin/../lib/gcc/arm-none-eabi/4.9.2/../../../../arm-none-eabi/lib/libsysbase.a(close.o)
 .data          0x000000000201a5b0        0x0 /home/nrikee/devkitPro/devkitARM/bin/../lib/gcc/arm-none-eabi/4.9.2/../../../../arm-none-eabi/lib/libsysbase.a(fstat.o)
 .data          0x000000000201a5b0        0x0 /home/nrikee/devkitPro/devkitARM/bin/../lib/gcc/arm-none-eabi/4.9.2/../../../../arm-none-eabi/lib/libsysbase.a(isatty.o)
 .data          0x000000000201a5b0        0x0 /home/nrikee/devkitPro/devkitARM/bin/../lib/gcc/arm-none-eabi/4.9.2/../../../../arm-none-eabi/lib/libsysbase.a(lseek.o)
 .data          0x000000000201a5b0        0x0 /home/nrikee/devkitPro/devkitARM/bin/../lib/gcc/arm-none-eabi/4.9.2/../../../../arm-none-eabi/lib/libsysbase.a(read.o)
 .data          0x000000000201a5b0        0x0 /home/nrikee/devkitPro/devkitARM/bin/../lib/gcc/arm-none-eabi/4.9.2/../../../../arm-none-eabi/lib/libsysbase.a(sbrk.o)
 .data          0x000000000201a5b0        0x0 /home/nrikee/devkitPro/devkitARM/bin/../lib/gcc/arm-none-eabi/4.9.2/../../../../arm-none-eabi/lib/libsysbase.a(times.o)
 .data          0x000000000201a5b0        0x0 /home/nrikee/devkitPro/devkitARM/bin/../lib/gcc/arm-none-eabi/4.9.2/../../../../arm-none-eabi/lib/libsysbase.a(write.o)
 .data          0x000000000201a5b0        0x0 /home/nrikee/devkitPro/devkitARM/bin/../lib/gcc/arm-none-eabi/4.9.2/../../../../arm-none-eabi/lib/libsysbase.a(malloc_vars.o)
 .data          0x000000000201a5b0        0x0 /home/nrikee/devkitPro/devkitARM/bin/../lib/gcc/arm-none-eabi/4.9.2/../../../../arm-none-eabi/lib/libsysbase.a(build_argv.o)
 .data          0x000000000201a5b0        0x0 /home/nrikee/devkitPro/devkitARM/bin/../lib/gcc/arm-none-eabi/4.9.2/../../../../arm-none-eabi/lib/libsysbase.a(syscall_support.o)
 .data          0x000000000201a5b0        0x0 /home/nrikee/devkitPro/devkitARM/bin/../lib/gcc/arm-none-eabi/4.9.2/../../../../arm-none-eabi/lib/libsysbase.a(handle_manager.o)
 .data          0x000000000201a5b0        0x0 /home/nrikee/devkitPro/devkitARM/bin/../lib/gcc/arm-none-eabi/4.9.2/libgcc.a(_udivsi3.o)
 .data          0x000000000201a5b0        0x0 /home/nrikee/devkitPro/devkitARM/bin/../lib/gcc/arm-none-eabi/4.9.2/libgcc.a(_aeabi_uldivmod.o)
 .data          0x000000000201a5b0        0x0 /home/nrikee/devkitPro/devkitARM/bin/../lib/gcc/arm-none-eabi/4.9.2/libgcc.a(bpabi.o)
 .data          0x000000000201a5b0        0x0 /home/nrikee/devkitPro/devkitARM/bin/../lib/gcc/arm-none-eabi/4.9.2/libgcc.a(_divdi3.o)
 .data          0x000000000201a5b0        0x0 /home/nrikee/devkitPro/devkitARM/bin/../lib/gcc/arm-none-eabi/4.9.2/libgcc.a(_udivdi3.o)
 .data          0x000000000201a5b0        0x0 /home/nrikee/devkitPro/devkitARM/bin/../lib/gcc/arm-none-eabi/4.9.2/libgcc.a(_clzdi2.o)
 .data          0x000000000201a5b0        0x0 /home/nrikee/devkitPro/devkitARM/bin/../lib/gcc/arm-none-eabi/4.9.2/libgcc.a(_clzsi2.o)
 .data          0x000000000201a5b0        0x0 /home/nrikee/devkitPro/devkitARM/bin/../lib/gcc/arm-none-eabi/4.9.2/../../../../arm-none-eabi/lib/libg.a(lib_a-errno.o)
 .data          0x000000000201a5b0        0x0 /home/nrikee/devkitPro/devkitARM/bin/../lib/gcc/arm-none-eabi/4.9.2/crtend.o
 .data          0x000000000201a5b0        0x0 /home/nrikee/devkitPro/devkitARM/bin/../lib/gcc/arm-none-eabi/4.9.2/crtn.o
 *(.data.*)
 *(.gnu.linkonce.d*)
                0x000000000201a5b0                . = ALIGN (0x4)
                0x000000000201a5b0                __data_end = ABSOLUTE (.)
                0x000000000201a5b0                __dtcm_lma = .
                0x000000000201a5b0                __bss_vma = .

.igot.plt       0x000000000201a5b0        0x0
 .igot.plt      0x0000000000000000        0x0 /home/nrikee/devkitPro/devkitARM/bin/../lib/gcc/arm-none-eabi/4.9.2/../../../../arm-none-eabi/lib/ds_arm9_crt0.o

.tm_clone_table
                0x000000000201a5b0        0x0
 .tm_clone_table
                0x000000000201a5b0        0x0 /home/nrikee/devkitPro/devkitARM/bin/../lib/gcc/arm-none-eabi/4.9.2/crtbegin.o
 .tm_clone_table
                0x000000000201a5b0        0x0 /home/nrikee/devkitPro/devkitARM/bin/../lib/gcc/arm-none-eabi/4.9.2/crtend.o

.dtcm           0x000000000b000000        0x0 load address 0x000000000201a5b0
 *(.dtcm)
 *(.dtcm.*)
                0x000000000b000000                . = ALIGN (0x4)
                0x000000000b000000                __dtcm_end = ABSOLUTE (.)
                0x000000000201a5b0                __itcm_lma = (__dtcm_lma + SIZEOF (.dtcm))

.itcm           0x0000000001000100      0x194 load address 0x000000000201a5b0
 *(.itcm)
 .itcm          0x0000000001000100       0xc8 /home/nrikee/devkitPro/libnds/lib/libnds9.a(interrupts.o)
                0x0000000001000100                irqTable
 .itcm          0x00000000010001c8       0xcc /home/nrikee/devkitPro/libnds/lib/libnds9.a(interruptDispatcher.o)
                0x00000000010001c8                IntrMain
 *itcm.*(.text)
                0x0000000001000294                . = ALIGN (0x4)
                0x0000000001000294                __itcm_end = ABSOLUTE (.)
                0x000000000201a744                __vectors_lma = (__itcm_lma + SIZEOF (.itcm))

.vectors        0x0000000001000000        0x0 load address 0x000000000201a744
 *(.vectors)
 *vectors.*(.text)
                0x0000000001000000                . = ALIGN (0x4)
                0x0000000001000000                __vectors_end = ABSOLUTE (.)

.sbss           0x000000000b000000        0x0
                0x000000000b000000                __sbss_start = ABSOLUTE (.)
                0x000000000b000000                __sbss_start__ = ABSOLUTE (.)
 *(.sbss)
                0x000000000b000000                . = ALIGN (0x4)
                0x000000000b000000                __sbss_end = ABSOLUTE (.)

.bss            0x000000000201a5b0     0x1f18
                0x000000000201a5b0                __bss_start = ABSOLUTE (.)
                0x000000000201a5b0                __bss_start__ = ABSOLUTE (.)
 *(.dynbss)
 *(.gnu.linkonce.b*)
 *(.bss*)
 .bss           0x000000000201a5b0        0x0 /home/nrikee/devkitPro/devkitARM/bin/../lib/gcc/arm-none-eabi/4.9.2/../../../../arm-none-eabi/lib/ds_arm9_crt0.o
 .bss           0x000000000201a5b0        0x0 /home/nrikee/devkitPro/devkitARM/bin/../lib/gcc/arm-none-eabi/4.9.2/crti.o
 .bss           0x000000000201a5b0       0x1c /home/nrikee/devkitPro/devkitARM/bin/../lib/gcc/arm-none-eabi/4.9.2/crtbegin.o
 .bss           0x000000000201a5cc        0x0 main.o
 .bss           0x000000000201a5cc        0x0 /home/nrikee/devkitPro/libnds/lib/libnds9.a(console.o)
 .bss           0x000000000201a5cc        0x0 /home/nrikee/devkitPro/libnds/lib/libnds9.a(initSystem.o)
 .bss           0x000000000201a5cc        0x8 /home/nrikee/devkitPro/libnds/lib/libnds9.a(fifosystem.o)
                0x000000000201a5d0                processing
 .bss           0x000000000201a5d4        0x0 /home/nrikee/devkitPro/libnds/lib/libnds9.a(interrupts.o)
 .bss           0x000000000201a5d4        0x0 /home/nrikee/devkitPro/libnds/lib/libnds9.a(libnds_exit.arm.o)
 .bss           0x000000000201a5d4        0x0 /home/nrikee/devkitPro/libnds/lib/libnds9.a(mpu_setup.o)
 .bss           0x000000000201a5d4        0x0 /home/nrikee/devkitPro/libnds/lib/libnds9.a(biosCalls.o)
 .bss           0x000000000201a5d4        0x0 /home/nrikee/devkitPro/libnds/lib/libnds9.a(debugprint.o)
 .bss           0x000000000201a5d4        0x0 /home/nrikee/devkitPro/libnds/lib/libnds9.a(interruptDispatcher.o)
 .bss           0x000000000201a5d4        0x0 /home/nrikee/devkitPro/libnds/lib/libnds9.a(swiSoftReset.o)
 .bss           0x000000000201a5d4        0x0 /home/nrikee/devkitPro/libnds/lib/libnds9.a(default_font.bin.o)
 .bss           0x000000000201a5d4        0x0 /home/nrikee/devkitPro/libnds/lib/libnds9.a(background.o)
 .bss           0x000000000201a5d4        0x4 /home/nrikee/devkitPro/libnds/lib/libnds9.a(system.o)
 .bss           0x000000000201a5d8        0x0 /home/nrikee/devkitPro/libnds/lib/libnds9.a(trig.o)
 .bss           0x000000000201a5d8        0x0 /home/nrikee/devkitPro/libnds/lib/libnds9.a(video.o)
 .bss           0x000000000201a5d8        0x0 /home/nrikee/devkitPro/devkitARM/bin/../lib/gcc/arm-none-eabi/4.9.2/libgcc.a(_divsi3.o)
 .bss           0x000000000201a5d8        0x0 /home/nrikee/devkitPro/devkitARM/bin/../lib/gcc/arm-none-eabi/4.9.2/libgcc.a(_dvmd_tls.o)
 .bss           0x000000000201a5d8        0x0 /home/nrikee/devkitPro/devkitARM/bin/../lib/gcc/arm-none-eabi/4.9.2/../../../../arm-none-eabi/lib/libg.a(lib_a-bsearch.o)
 .bss           0x000000000201a5d8        0x0 /home/nrikee/devkitPro/devkitARM/bin/../lib/gcc/arm-none-eabi/4.9.2/../../../../arm-none-eabi/lib/libg.a(lib_a-impure.o)
 .bss           0x000000000201a5d8        0x0 /home/nrikee/devkitPro/devkitARM/bin/../lib/gcc/arm-none-eabi/4.9.2/../../../../arm-none-eabi/lib/libg.a(lib_a-init.o)
 .bss           0x000000000201a5d8        0x0 /home/nrikee/devkitPro/devkitARM/bin/../lib/gcc/arm-none-eabi/4.9.2/../../../../arm-none-eabi/lib/libg.a(lib_a-iprintf.o)
 .bss           0x000000000201a5d8        0x0 /home/nrikee/devkitPro/devkitARM/bin/../lib/gcc/arm-none-eabi/4.9.2/../../../../arm-none-eabi/lib/libg.a(lib_a-memcpy-stub.o)
 .bss           0x000000000201a5d8        0x0 /home/nrikee/devkitPro/devkitARM/bin/../lib/gcc/arm-none-eabi/4.9.2/../../../../arm-none-eabi/lib/libg.a(lib_a-setvbuf.o)
 .bss           0x000000000201a5d8        0x0 /home/nrikee/devkitPro/devkitARM/bin/../lib/gcc/arm-none-eabi/4.9.2/../../../../arm-none-eabi/lib/libg.a(lib_a-siscanf.o)
 .bss           0x000000000201a5d8        0x0 /home/nrikee/devkitPro/devkitARM/bin/../lib/gcc/arm-none-eabi/4.9.2/../../../../arm-none-eabi/lib/libg.a(lib_a-stdio.o)
 .bss           0x000000000201a5d8        0x0 /home/nrikee/devkitPro/devkitARM/bin/../lib/gcc/arm-none-eabi/4.9.2/../../../../arm-none-eabi/lib/libg.a(lib_a-strlen.o)
 .bss           0x000000000201a5d8        0x0 /home/nrikee/devkitPro/devkitARM/bin/../lib/gcc/arm-none-eabi/4.9.2/../../../../arm-none-eabi/lib/libg.a(lib_a-svfiscanf.o)
 .bss           0x000000000201a5d8        0x0 /home/nrikee/devkitPro/devkitARM/bin/../lib/gcc/arm-none-eabi/4.9.2/../../../../arm-none-eabi/lib/libg.a(lib_a-ungetc.o)
 .bss           0x000000000201a5d8        0x0 /home/nrikee/devkitPro/devkitARM/bin/../lib/gcc/arm-none-eabi/4.9.2/../../../../arm-none-eabi/lib/libg.a(lib_a-vfiprintf.o)
 .bss           0x000000000201a5d8        0x0 /home/nrikee/devkitPro/devkitARM/bin/../lib/gcc/arm-none-eabi/4.9.2/../../../../arm-none-eabi/lib/libg.a(lib_a-wcrtomb.o)
 .bss           0x000000000201a5d8        0x0 /home/nrikee/devkitPro/devkitARM/bin/../lib/gcc/arm-none-eabi/4.9.2/../../../../arm-none-eabi/lib/libg.a(lib_a-wcsrtombs.o)
 .bss           0x000000000201a5d8        0x0 /home/nrikee/devkitPro/devkitARM/bin/../lib/gcc/arm-none-eabi/4.9.2/../../../../arm-none-eabi/lib/libg.a(lib_a-wctomb_r.o)
 .bss           0x000000000201a5d8        0x0 /home/nrikee/devkitPro/devkitARM/bin/../lib/gcc/arm-none-eabi/4.9.2/../../../../arm-none-eabi/lib/libg.a(lib_a-wsetup.o)
 .bss           0x000000000201a5d8        0x0 /home/nrikee/devkitPro/devkitARM/bin/../lib/gcc/arm-none-eabi/4.9.2/../../../../arm-none-eabi/lib/libg.a(lib_a-ctype_.o)
 .bss           0x000000000201a5d8        0x0 /home/nrikee/devkitPro/devkitARM/bin/../lib/gcc/arm-none-eabi/4.9.2/../../../../arm-none-eabi/lib/libg.a(lib_a-fflush.o)
 .bss           0x000000000201a5d8        0x0 /home/nrikee/devkitPro/devkitARM/bin/../lib/gcc/arm-none-eabi/4.9.2/../../../../arm-none-eabi/lib/libg.a(lib_a-findfp.o)
 .bss           0x000000000201a5d8        0x0 /home/nrikee/devkitPro/devkitARM/bin/../lib/gcc/arm-none-eabi/4.9.2/../../../../arm-none-eabi/lib/libg.a(lib_a-fputwc.o)
 .bss           0x000000000201a5d8        0x0 /home/nrikee/devkitPro/devkitARM/bin/../lib/gcc/arm-none-eabi/4.9.2/../../../../arm-none-eabi/lib/libg.a(lib_a-freer.o)
 .bss           0x000000000201a5d8        0x0 /home/nrikee/devkitPro/devkitARM/bin/../lib/gcc/arm-none-eabi/4.9.2/../../../../arm-none-eabi/lib/libg.a(lib_a-fvwrite.o)
 .bss           0x000000000201a5d8        0x0 /home/nrikee/devkitPro/devkitARM/bin/../lib/gcc/arm-none-eabi/4.9.2/../../../../arm-none-eabi/lib/libg.a(lib_a-fwalk.o)
 .bss           0x000000000201a5d8        0x0 /home/nrikee/devkitPro/devkitARM/bin/../lib/gcc/arm-none-eabi/4.9.2/../../../../arm-none-eabi/lib/libg.a(lib_a-iswspace.o)
 .bss           0x000000000201a5d8        0x0 /home/nrikee/devkitPro/devkitARM/bin/../lib/gcc/arm-none-eabi/4.9.2/../../../../arm-none-eabi/lib/libg.a(lib_a-jp2uc.o)
 .bss           0x000000000201a5d8      0x2b8 /home/nrikee/devkitPro/devkitARM/bin/../lib/gcc/arm-none-eabi/4.9.2/../../../../arm-none-eabi/lib/libg.a(lib_a-locale.o)
                0x000000000201a884                _PathLocale
                0x000000000201a888                __mlocale_changed
                0x000000000201a88c                __nlocale_changed
 .bss           0x000000000201a890        0x0 /home/nrikee/devkitPro/devkitARM/bin/../lib/gcc/arm-none-eabi/4.9.2/../../../../arm-none-eabi/lib/libg.a(lib_a-makebuf.o)
 .bss           0x000000000201a890        0x0 /home/nrikee/devkitPro/devkitARM/bin/../lib/gcc/arm-none-eabi/4.9.2/../../../../arm-none-eabi/lib/libg.a(lib_a-malloc.o)
 .bss           0x000000000201a890       0x34 /home/nrikee/devkitPro/devkitARM/bin/../lib/gcc/arm-none-eabi/4.9.2/../../../../arm-none-eabi/lib/libg.a(lib_a-mallocr.o)
                0x000000000201a890                __malloc_top_pad
                0x000000000201a894                __malloc_current_mallinfo
                0x000000000201a8bc                __malloc_max_sbrked_mem
                0x000000000201a8c0                __malloc_max_total_mem
 .bss           0x000000000201a8c4        0x0 /home/nrikee/devkitPro/devkitARM/bin/../lib/gcc/arm-none-eabi/4.9.2/../../../../arm-none-eabi/lib/libg.a(lib_a-mbrtowc.o)
 .bss           0x000000000201a8c4        0x0 /home/nrikee/devkitPro/devkitARM/bin/../lib/gcc/arm-none-eabi/4.9.2/../../../../arm-none-eabi/lib/libg.a(lib_a-mbtowc_r.o)
 .bss           0x000000000201a8c4        0x0 /home/nrikee/devkitPro/devkitARM/bin/../lib/gcc/arm-none-eabi/4.9.2/../../../../arm-none-eabi/lib/libg.a(lib_a-memchr-stub.o)
 .bss           0x000000000201a8c4        0x0 /home/nrikee/devkitPro/devkitARM/bin/../lib/gcc/arm-none-eabi/4.9.2/../../../../arm-none-eabi/lib/libg.a(lib_a-memmove.o)
 .bss           0x000000000201a8c4        0x0 /home/nrikee/devkitPro/devkitARM/bin/../lib/gcc/arm-none-eabi/4.9.2/../../../../arm-none-eabi/lib/libg.a(lib_a-memset.o)
 .bss           0x000000000201a8c4        0x0 /home/nrikee/devkitPro/devkitARM/bin/../lib/gcc/arm-none-eabi/4.9.2/../../../../arm-none-eabi/lib/libg.a(lib_a-mlock.o)
 .bss           0x000000000201a8c4        0x0 /home/nrikee/devkitPro/devkitARM/bin/../lib/gcc/arm-none-eabi/4.9.2/../../../../arm-none-eabi/lib/libg.a(lib_a-reallocr.o)
 .bss           0x000000000201a8c4        0x0 /home/nrikee/devkitPro/devkitARM/bin/../lib/gcc/arm-none-eabi/4.9.2/../../../../arm-none-eabi/lib/libg.a(lib_a-sccl.o)
 .bss           0x000000000201a8c4        0x0 /home/nrikee/devkitPro/devkitARM/bin/../lib/gcc/arm-none-eabi/4.9.2/../../../../arm-none-eabi/lib/libg.a(lib_a-strcasecmp.o)
 .bss           0x000000000201a8c4        0x0 /home/nrikee/devkitPro/devkitARM/bin/../lib/gcc/arm-none-eabi/4.9.2/../../../../arm-none-eabi/lib/libg.a(lib_a-strcat.o)
 .bss           0x000000000201a8c4        0x0 /home/nrikee/devkitPro/devkitARM/bin/../lib/gcc/arm-none-eabi/4.9.2/../../../../arm-none-eabi/lib/libg.a(lib_a-strchr.o)
 .bss           0x000000000201a8c4        0x0 /home/nrikee/devkitPro/devkitARM/bin/../lib/gcc/arm-none-eabi/4.9.2/../../../../arm-none-eabi/lib/libg.a(lib_a-strcmp.o)
 .bss           0x000000000201a8c4        0x0 /home/nrikee/devkitPro/devkitARM/bin/../lib/gcc/arm-none-eabi/4.9.2/../../../../arm-none-eabi/lib/libg.a(lib_a-strcpy.o)
 .bss           0x000000000201a8c4        0x0 /home/nrikee/devkitPro/devkitARM/bin/../lib/gcc/arm-none-eabi/4.9.2/../../../../arm-none-eabi/lib/libg.a(lib_a-strlcpy.o)
 .bss           0x000000000201a8c4        0x0 /home/nrikee/devkitPro/devkitARM/bin/../lib/gcc/arm-none-eabi/4.9.2/../../../../arm-none-eabi/lib/libg.a(lib_a-strncasecmp.o)
 .bss           0x000000000201a8c4        0x0 /home/nrikee/devkitPro/devkitARM/bin/../lib/gcc/arm-none-eabi/4.9.2/../../../../arm-none-eabi/lib/libg.a(lib_a-strncmp.o)
 .bss           0x000000000201a8c4        0x0 /home/nrikee/devkitPro/devkitARM/bin/../lib/gcc/arm-none-eabi/4.9.2/../../../../arm-none-eabi/lib/libg.a(lib_a-strncpy.o)
 .bss           0x000000000201a8c4        0x0 /home/nrikee/devkitPro/devkitARM/bin/../lib/gcc/arm-none-eabi/4.9.2/../../../../arm-none-eabi/lib/libg.a(lib_a-strtoll_r.o)
 .bss           0x000000000201a8c4        0x0 /home/nrikee/devkitPro/devkitARM/bin/../lib/gcc/arm-none-eabi/4.9.2/../../../../arm-none-eabi/lib/libg.a(lib_a-strtol.o)
 .bss           0x000000000201a8c4        0x0 /home/nrikee/devkitPro/devkitARM/bin/../lib/gcc/arm-none-eabi/4.9.2/../../../../arm-none-eabi/lib/libg.a(lib_a-strtoull_r.o)
 .bss           0x000000000201a8c4        0x0 /home/nrikee/devkitPro/devkitARM/bin/../lib/gcc/arm-none-eabi/4.9.2/../../../../arm-none-eabi/lib/libg.a(lib_a-strtoul.o)
 .bss           0x000000000201a8c4        0x0 /home/nrikee/devkitPro/devkitARM/bin/../lib/gcc/arm-none-eabi/4.9.2/../../../../arm-none-eabi/lib/libg.a(lib_a-svfiprintf.o)
 .bss           0x000000000201a8c4        0x0 /home/nrikee/devkitPro/devkitARM/bin/../lib/gcc/arm-none-eabi/4.9.2/../../../../arm-none-eabi/lib/libg.a(lib_a-wbuf.o)
 .bss           0x000000000201a8c4        0x0 /home/nrikee/devkitPro/devkitARM/bin/../lib/gcc/arm-none-eabi/4.9.2/../../../../arm-none-eabi/lib/libg.a(lib_a-wcsnrtombs.o)
 .bss           0x000000000201a8c4        0x0 /home/nrikee/devkitPro/devkitARM/bin/../lib/gcc/arm-none-eabi/4.9.2/../../../../arm-none-eabi/lib/libg.a(lib_a-fclose.o)
 .bss           0x000000000201a8c4        0x0 /home/nrikee/devkitPro/devkitARM/bin/../lib/gcc/arm-none-eabi/4.9.2/../../../../arm-none-eabi/lib/libg.a(lib_a-getenv_r.o)
 .bss           0x000000000201a8c4        0x4 /home/nrikee/devkitPro/devkitARM/bin/../lib/gcc/arm-none-eabi/4.9.2/../../../../arm-none-eabi/lib/libg.a(lib_a-environ.o)
 .bss           0x000000000201a8c8        0x0 /home/nrikee/devkitPro/devkitARM/bin/../lib/gcc/arm-none-eabi/4.9.2/../../../../arm-none-eabi/lib/libg.a(lib_a-envlock.o)
 .bss           0x000000000201a8c8        0x0 /home/nrikee/devkitPro/devkitARM/bin/../lib/gcc/arm-none-eabi/4.9.2/../../../../arm-none-eabi/lib/libsysbase.a(iosupport.o)
 .bss           0x000000000201a8c8        0x0 /home/nrikee/devkitPro/devkitARM/bin/../lib/gcc/arm-none-eabi/4.9.2/../../../../arm-none-eabi/lib/libsysbase.a(close.o)
 .bss           0x000000000201a8c8        0x0 /home/nrikee/devkitPro/devkitARM/bin/../lib/gcc/arm-none-eabi/4.9.2/../../../../arm-none-eabi/lib/libsysbase.a(fstat.o)
 .bss           0x000000000201a8c8        0x0 /home/nrikee/devkitPro/devkitARM/bin/../lib/gcc/arm-none-eabi/4.9.2/../../../../arm-none-eabi/lib/libsysbase.a(isatty.o)
 .bss           0x000000000201a8c8        0x0 /home/nrikee/devkitPro/devkitARM/bin/../lib/gcc/arm-none-eabi/4.9.2/../../../../arm-none-eabi/lib/libsysbase.a(lseek.o)
 .bss           0x000000000201a8c8        0x0 /home/nrikee/devkitPro/devkitARM/bin/../lib/gcc/arm-none-eabi/4.9.2/../../../../arm-none-eabi/lib/libsysbase.a(read.o)
 .bss           0x000000000201a8c8        0x4 /home/nrikee/devkitPro/devkitARM/bin/../lib/gcc/arm-none-eabi/4.9.2/../../../../arm-none-eabi/lib/libsysbase.a(sbrk.o)
 .bss           0x000000000201a8cc        0x0 /home/nrikee/devkitPro/devkitARM/bin/../lib/gcc/arm-none-eabi/4.9.2/../../../../arm-none-eabi/lib/libsysbase.a(times.o)
 .bss           0x000000000201a8cc        0x0 /home/nrikee/devkitPro/devkitARM/bin/../lib/gcc/arm-none-eabi/4.9.2/../../../../arm-none-eabi/lib/libsysbase.a(write.o)
 .bss           0x000000000201a8cc        0x8 /home/nrikee/devkitPro/devkitARM/bin/../lib/gcc/arm-none-eabi/4.9.2/../../../../arm-none-eabi/lib/libsysbase.a(malloc_vars.o)
                0x000000000201a8cc                fake_heap_start
                0x000000000201a8d0                fake_heap_end
 .bss           0x000000000201a8d4        0x0 /home/nrikee/devkitPro/devkitARM/bin/../lib/gcc/arm-none-eabi/4.9.2/../../../../arm-none-eabi/lib/libsysbase.a(build_argv.o)
 .bss           0x000000000201a8d4        0x8 /home/nrikee/devkitPro/devkitARM/bin/../lib/gcc/arm-none-eabi/4.9.2/../../../../arm-none-eabi/lib/libsysbase.a(syscall_support.o)
                0x000000000201a8d4                __syscalls
 .bss           0x000000000201a8dc     0x1000 /home/nrikee/devkitPro/devkitARM/bin/../lib/gcc/arm-none-eabi/4.9.2/../../../../arm-none-eabi/lib/libsysbase.a(handle_manager.o)
 .bss           0x000000000201b8dc        0x0 /home/nrikee/devkitPro/devkitARM/bin/../lib/gcc/arm-none-eabi/4.9.2/libgcc.a(_udivsi3.o)
 .bss           0x000000000201b8dc        0x0 /home/nrikee/devkitPro/devkitARM/bin/../lib/gcc/arm-none-eabi/4.9.2/libgcc.a(_aeabi_uldivmod.o)
 .bss           0x000000000201b8dc        0x0 /home/nrikee/devkitPro/devkitARM/bin/../lib/gcc/arm-none-eabi/4.9.2/libgcc.a(bpabi.o)
 .bss           0x000000000201b8dc        0x0 /home/nrikee/devkitPro/devkitARM/bin/../lib/gcc/arm-none-eabi/4.9.2/libgcc.a(_divdi3.o)
 .bss           0x000000000201b8dc        0x0 /home/nrikee/devkitPro/devkitARM/bin/../lib/gcc/arm-none-eabi/4.9.2/libgcc.a(_udivdi3.o)
 .bss           0x000000000201b8dc        0x0 /home/nrikee/devkitPro/devkitARM/bin/../lib/gcc/arm-none-eabi/4.9.2/libgcc.a(_clzdi2.o)
 .bss           0x000000000201b8dc        0x0 /home/nrikee/devkitPro/devkitARM/bin/../lib/gcc/arm-none-eabi/4.9.2/libgcc.a(_clzsi2.o)
 .bss           0x000000000201b8dc        0x0 /home/nrikee/devkitPro/devkitARM/bin/../lib/gcc/arm-none-eabi/4.9.2/../../../../arm-none-eabi/lib/libg.a(lib_a-errno.o)
 .bss           0x000000000201b8dc        0x0 /home/nrikee/devkitPro/devkitARM/bin/../lib/gcc/arm-none-eabi/4.9.2/crtend.o
 .bss           0x000000000201b8dc        0x0 /home/nrikee/devkitPro/devkitARM/bin/../lib/gcc/arm-none-eabi/4.9.2/crtn.o
 *(COMMON)
 COMMON         0x000000000201b8dc       0x5c /home/nrikee/devkitPro/libnds/lib/libnds9.a(console.o)
                0x000000000201b8dc                currentCopy
 COMMON         0x000000000201b938        0x1 /home/nrikee/devkitPro/libnds/lib/libnds9.a(initSystem.o)
                0x000000000201b938                __dsimode
 *fill*         0x000000000201b939        0x3 
 COMMON         0x000000000201b93c      0xa40 /home/nrikee/devkitPro/libnds/lib/libnds9.a(fifosystem.o)
                0x000000000201b93c                fifo_datamsg_data
                0x000000000201b97c                fifo_buffer
                0x000000000201c17c                fifo_value32_func
                0x000000000201c1bc                fifo_address_func
                0x000000000201c1fc                fifo_value32_data
                0x000000000201c23c                fifo_value32_queue
                0x000000000201c27c                fifo_data_queue
                0x000000000201c2bc                fifo_address_data
                0x000000000201c2fc                fifo_datamsg_func
                0x000000000201c33c                fifo_address_queue
 COMMON         0x000000000201c37c      0x148 /home/nrikee/devkitPro/libnds/lib/libnds9.a(background.o)
                0x000000000201c37c                bgState
                0x000000000201c4bc                bgIsTextLut
 COMMON         0x000000000201c4c4        0x4 /home/nrikee/devkitPro/devkitARM/bin/../lib/gcc/arm-none-eabi/4.9.2/../../../../arm-none-eabi/lib/libsysbase.a(times.o)
                0x000000000201c4c4                punixTime
                0x000000000201c4c8                . = ALIGN (0x4)
                0x000000000201c4c8                __bss_end__ = ABSOLUTE (.)
                0x000000000201c4c8                __end__ = ABSOLUTE (.)

.stab
 *(.stab)

.stabstr
 *(.stabstr)

.stab.excl
 *(.stab.excl)

.stab.exclstr
 *(.stab.exclstr)

.stab.index
 *(.stab.index)

.stab.indexstr
 *(.stab.indexstr)

.comment        0x0000000000000000       0x44
 *(.comment)
 .comment       0x0000000000000000       0x22 /home/nrikee/devkitPro/devkitARM/bin/../lib/gcc/arm-none-eabi/4.9.2/crtbegin.o
                                         0x23 (size before relaxing)
 .comment       0x0000000000000000       0x23 main.o
 .comment       0x0000000000000022       0x22 /home/nrikee/devkitPro/libnds/lib/libnds9.a(console.o)
                                         0x23 (size before relaxing)
 .comment       0x0000000000000000       0x23 /home/nrikee/devkitPro/libnds/lib/libnds9.a(initSystem.o)
 .comment       0x0000000000000000       0x23 /home/nrikee/devkitPro/libnds/lib/libnds9.a(fifosystem.o)
 .comment       0x0000000000000000       0x23 /home/nrikee/devkitPro/libnds/lib/libnds9.a(interrupts.o)
 .comment       0x0000000000000000       0x23 /home/nrikee/devkitPro/libnds/lib/libnds9.a(libnds_exit.arm.o)
 .comment       0x0000000000000000       0x23 /home/nrikee/devkitPro/libnds/lib/libnds9.a(background.o)
 .comment       0x0000000000000000       0x23 /home/nrikee/devkitPro/libnds/lib/libnds9.a(system.o)
 .comment       0x0000000000000000       0x23 /home/nrikee/devkitPro/libnds/lib/libnds9.a(trig.o)
 .comment       0x0000000000000000       0x23 /home/nrikee/devkitPro/libnds/lib/libnds9.a(video.o)
 .comment       0x0000000000000000       0x23 /home/nrikee/devkitPro/devkitARM/bin/../lib/gcc/arm-none-eabi/4.9.2/../../../../arm-none-eabi/lib/libg.a(lib_a-bsearch.o)
 .comment       0x0000000000000000       0x23 /home/nrikee/devkitPro/devkitARM/bin/../lib/gcc/arm-none-eabi/4.9.2/../../../../arm-none-eabi/lib/libg.a(lib_a-impure.o)
 .comment       0x0000000000000000       0x23 /home/nrikee/devkitPro/devkitARM/bin/../lib/gcc/arm-none-eabi/4.9.2/../../../../arm-none-eabi/lib/libg.a(lib_a-init.o)
 .comment       0x0000000000000000       0x23 /home/nrikee/devkitPro/devkitARM/bin/../lib/gcc/arm-none-eabi/4.9.2/../../../../arm-none-eabi/lib/libg.a(lib_a-iprintf.o)
 .comment       0x0000000000000000       0x23 /home/nrikee/devkitPro/devkitARM/bin/../lib/gcc/arm-none-eabi/4.9.2/../../../../arm-none-eabi/lib/libg.a(lib_a-memcpy-stub.o)
 .comment       0x0000000000000000       0x23 /home/nrikee/devkitPro/devkitARM/bin/../lib/gcc/arm-none-eabi/4.9.2/../../../../arm-none-eabi/lib/libg.a(lib_a-setvbuf.o)
 .comment       0x0000000000000000       0x23 /home/nrikee/devkitPro/devkitARM/bin/../lib/gcc/arm-none-eabi/4.9.2/../../../../arm-none-eabi/lib/libg.a(lib_a-siscanf.o)
 .comment       0x0000000000000000       0x23 /home/nrikee/devkitPro/devkitARM/bin/../lib/gcc/arm-none-eabi/4.9.2/../../../../arm-none-eabi/lib/libg.a(lib_a-stdio.o)
 .comment       0x0000000000000000       0x23 /home/nrikee/devkitPro/devkitARM/bin/../lib/gcc/arm-none-eabi/4.9.2/../../../../arm-none-eabi/lib/libg.a(lib_a-strlen.o)
 .comment       0x0000000000000000       0x23 /home/nrikee/devkitPro/devkitARM/bin/../lib/gcc/arm-none-eabi/4.9.2/../../../../arm-none-eabi/lib/libg.a(lib_a-svfiscanf.o)
 .comment       0x0000000000000000       0x23 /home/nrikee/devkitPro/devkitARM/bin/../lib/gcc/arm-none-eabi/4.9.2/../../../../arm-none-eabi/lib/libg.a(lib_a-ungetc.o)
 .comment       0x0000000000000000       0x23 /home/nrikee/devkitPro/devkitARM/bin/../lib/gcc/arm-none-eabi/4.9.2/../../../../arm-none-eabi/lib/libg.a(lib_a-vfiprintf.o)
 .comment       0x0000000000000000       0x23 /home/nrikee/devkitPro/devkitARM/bin/../lib/gcc/arm-none-eabi/4.9.2/../../../../arm-none-eabi/lib/libg.a(lib_a-wcrtomb.o)
 .comment       0x0000000000000000       0x23 /home/nrikee/devkitPro/devkitARM/bin/../lib/gcc/arm-none-eabi/4.9.2/../../../../arm-none-eabi/lib/libg.a(lib_a-wcsrtombs.o)
 .comment       0x0000000000000000       0x23 /home/nrikee/devkitPro/devkitARM/bin/../lib/gcc/arm-none-eabi/4.9.2/../../../../arm-none-eabi/lib/libg.a(lib_a-wctomb_r.o)
 .comment       0x0000000000000000       0x23 /home/nrikee/devkitPro/devkitARM/bin/../lib/gcc/arm-none-eabi/4.9.2/../../../../arm-none-eabi/lib/libg.a(lib_a-wsetup.o)
 .comment       0x0000000000000000       0x23 /home/nrikee/devkitPro/devkitARM/bin/../lib/gcc/arm-none-eabi/4.9.2/../../../../arm-none-eabi/lib/libg.a(lib_a-ctype_.o)
 .comment       0x0000000000000000       0x23 /home/nrikee/devkitPro/devkitARM/bin/../lib/gcc/arm-none-eabi/4.9.2/../../../../arm-none-eabi/lib/libg.a(lib_a-fflush.o)
 .comment       0x0000000000000000       0x23 /home/nrikee/devkitPro/devkitARM/bin/../lib/gcc/arm-none-eabi/4.9.2/../../../../arm-none-eabi/lib/libg.a(lib_a-findfp.o)
 .comment       0x0000000000000000       0x23 /home/nrikee/devkitPro/devkitARM/bin/../lib/gcc/arm-none-eabi/4.9.2/../../../../arm-none-eabi/lib/libg.a(lib_a-fputwc.o)
 .comment       0x0000000000000000       0x23 /home/nrikee/devkitPro/devkitARM/bin/../lib/gcc/arm-none-eabi/4.9.2/../../../../arm-none-eabi/lib/libg.a(lib_a-freer.o)
 .comment       0x0000000000000000       0x23 /home/nrikee/devkitPro/devkitARM/bin/../lib/gcc/arm-none-eabi/4.9.2/../../../../arm-none-eabi/lib/libg.a(lib_a-fvwrite.o)
 .comment       0x0000000000000000       0x23 /home/nrikee/devkitPro/devkitARM/bin/../lib/gcc/arm-none-eabi/4.9.2/../../../../arm-none-eabi/lib/libg.a(lib_a-fwalk.o)
 .comment       0x0000000000000000       0x23 /home/nrikee/devkitPro/devkitARM/bin/../lib/gcc/arm-none-eabi/4.9.2/../../../../arm-none-eabi/lib/libg.a(lib_a-iswspace.o)
 .comment       0x0000000000000000       0x23 /home/nrikee/devkitPro/devkitARM/bin/../lib/gcc/arm-none-eabi/4.9.2/../../../../arm-none-eabi/lib/libg.a(lib_a-jp2uc.o)
 .comment       0x0000000000000000       0x23 /home/nrikee/devkitPro/devkitARM/bin/../lib/gcc/arm-none-eabi/4.9.2/../../../../arm-none-eabi/lib/libg.a(lib_a-locale.o)
 .comment       0x0000000000000000       0x23 /home/nrikee/devkitPro/devkitARM/bin/../lib/gcc/arm-none-eabi/4.9.2/../../../../arm-none-eabi/lib/libg.a(lib_a-makebuf.o)
 .comment       0x0000000000000000       0x23 /home/nrikee/devkitPro/devkitARM/bin/../lib/gcc/arm-none-eabi/4.9.2/../../../../arm-none-eabi/lib/libg.a(lib_a-malloc.o)
 .comment       0x0000000000000000       0x23 /home/nrikee/devkitPro/devkitARM/bin/../lib/gcc/arm-none-eabi/4.9.2/../../../../arm-none-eabi/lib/libg.a(lib_a-mallocr.o)
 .comment       0x0000000000000000       0x23 /home/nrikee/devkitPro/devkitARM/bin/../lib/gcc/arm-none-eabi/4.9.2/../../../../arm-none-eabi/lib/libg.a(lib_a-mbrtowc.o)
 .comment       0x0000000000000000       0x23 /home/nrikee/devkitPro/devkitARM/bin/../lib/gcc/arm-none-eabi/4.9.2/../../../../arm-none-eabi/lib/libg.a(lib_a-mbtowc_r.o)
 .comment       0x0000000000000000       0x23 /home/nrikee/devkitPro/devkitARM/bin/../lib/gcc/arm-none-eabi/4.9.2/../../../../arm-none-eabi/lib/libg.a(lib_a-memchr-stub.o)
 .comment       0x0000000000000000       0x23 /home/nrikee/devkitPro/devkitARM/bin/../lib/gcc/arm-none-eabi/4.9.2/../../../../arm-none-eabi/lib/libg.a(lib_a-memmove.o)
 .comment       0x0000000000000000       0x23 /home/nrikee/devkitPro/devkitARM/bin/../lib/gcc/arm-none-eabi/4.9.2/../../../../arm-none-eabi/lib/libg.a(lib_a-memset.o)
 .comment       0x0000000000000000       0x23 /home/nrikee/devkitPro/devkitARM/bin/../lib/gcc/arm-none-eabi/4.9.2/../../../../arm-none-eabi/lib/libg.a(lib_a-mlock.o)
 .comment       0x0000000000000000       0x23 /home/nrikee/devkitPro/devkitARM/bin/../lib/gcc/arm-none-eabi/4.9.2/../../../../arm-none-eabi/lib/libg.a(lib_a-reallocr.o)
 .comment       0x0000000000000000       0x23 /home/nrikee/devkitPro/devkitARM/bin/../lib/gcc/arm-none-eabi/4.9.2/../../../../arm-none-eabi/lib/libg.a(lib_a-sccl.o)
 .comment       0x0000000000000000       0x23 /home/nrikee/devkitPro/devkitARM/bin/../lib/gcc/arm-none-eabi/4.9.2/../../../../arm-none-eabi/lib/libg.a(lib_a-strcasecmp.o)
 .comment       0x0000000000000000       0x23 /home/nrikee/devkitPro/devkitARM/bin/../lib/gcc/arm-none-eabi/4.9.2/../../../../arm-none-eabi/lib/libg.a(lib_a-strcat.o)
 .comment       0x0000000000000000       0x23 /home/nrikee/devkitPro/devkitARM/bin/../lib/gcc/arm-none-eabi/4.9.2/../../../../arm-none-eabi/lib/libg.a(lib_a-strchr.o)
 .comment       0x0000000000000000       0x23 /home/nrikee/devkitPro/devkitARM/bin/../lib/gcc/arm-none-eabi/4.9.2/../../../../arm-none-eabi/lib/libg.a(lib_a-strcpy.o)
 .comment       0x0000000000000000       0x23 /home/nrikee/devkitPro/devkitARM/bin/../lib/gcc/arm-none-eabi/4.9.2/../../../../arm-none-eabi/lib/libg.a(lib_a-strlcpy.o)
 .comment       0x0000000000000000       0x23 /home/nrikee/devkitPro/devkitARM/bin/../lib/gcc/arm-none-eabi/4.9.2/../../../../arm-none-eabi/lib/libg.a(lib_a-strncasecmp.o)
 .comment       0x0000000000000000       0x23 /home/nrikee/devkitPro/devkitARM/bin/../lib/gcc/arm-none-eabi/4.9.2/../../../../arm-none-eabi/lib/libg.a(lib_a-strncmp.o)
 .comment       0x0000000000000000       0x23 /home/nrikee/devkitPro/devkitARM/bin/../lib/gcc/arm-none-eabi/4.9.2/../../../../arm-none-eabi/lib/libg.a(lib_a-strncpy.o)
 .comment       0x0000000000000000       0x23 /home/nrikee/devkitPro/devkitARM/bin/../lib/gcc/arm-none-eabi/4.9.2/../../../../arm-none-eabi/lib/libg.a(lib_a-strtoll_r.o)
 .comment       0x0000000000000000       0x23 /home/nrikee/devkitPro/devkitARM/bin/../lib/gcc/arm-none-eabi/4.9.2/../../../../arm-none-eabi/lib/libg.a(lib_a-strtol.o)
 .comment       0x0000000000000000       0x23 /home/nrikee/devkitPro/devkitARM/bin/../lib/gcc/arm-none-eabi/4.9.2/../../../../arm-none-eabi/lib/libg.a(lib_a-strtoull_r.o)
 .comment       0x0000000000000000       0x23 /home/nrikee/devkitPro/devkitARM/bin/../lib/gcc/arm-none-eabi/4.9.2/../../../../arm-none-eabi/lib/libg.a(lib_a-strtoul.o)
 .comment       0x0000000000000000       0x23 /home/nrikee/devkitPro/devkitARM/bin/../lib/gcc/arm-none-eabi/4.9.2/../../../../arm-none-eabi/lib/libg.a(lib_a-svfiprintf.o)
 .comment       0x0000000000000000       0x23 /home/nrikee/devkitPro/devkitARM/bin/../lib/gcc/arm-none-eabi/4.9.2/../../../../arm-none-eabi/lib/libg.a(lib_a-wbuf.o)
 .comment       0x0000000000000000       0x23 /home/nrikee/devkitPro/devkitARM/bin/../lib/gcc/arm-none-eabi/4.9.2/../../../../arm-none-eabi/lib/libg.a(lib_a-wcsnrtombs.o)
 .comment       0x0000000000000000       0x23 /home/nrikee/devkitPro/devkitARM/bin/../lib/gcc/arm-none-eabi/4.9.2/../../../../arm-none-eabi/lib/libg.a(lib_a-fclose.o)
 .comment       0x0000000000000000       0x23 /home/nrikee/devkitPro/devkitARM/bin/../lib/gcc/arm-none-eabi/4.9.2/../../../../arm-none-eabi/lib/libg.a(lib_a-getenv_r.o)
 .comment       0x0000000000000000       0x23 /home/nrikee/devkitPro/devkitARM/bin/../lib/gcc/arm-none-eabi/4.9.2/../../../../arm-none-eabi/lib/libg.a(lib_a-environ.o)
 .comment       0x0000000000000000       0x23 /home/nrikee/devkitPro/devkitARM/bin/../lib/gcc/arm-none-eabi/4.9.2/../../../../arm-none-eabi/lib/libg.a(lib_a-envlock.o)
 .comment       0x0000000000000000       0x23 /home/nrikee/devkitPro/devkitARM/bin/../lib/gcc/arm-none-eabi/4.9.2/../../../../arm-none-eabi/lib/libsysbase.a(iosupport.o)
 .comment       0x0000000000000000       0x23 /home/nrikee/devkitPro/devkitARM/bin/../lib/gcc/arm-none-eabi/4.9.2/../../../../arm-none-eabi/lib/libsysbase.a(close.o)
 .comment       0x0000000000000000       0x23 /home/nrikee/devkitPro/devkitARM/bin/../lib/gcc/arm-none-eabi/4.9.2/../../../../arm-none-eabi/lib/libsysbase.a(fstat.o)
 .comment       0x0000000000000000       0x23 /home/nrikee/devkitPro/devkitARM/bin/../lib/gcc/arm-none-eabi/4.9.2/../../../../arm-none-eabi/lib/libsysbase.a(isatty.o)
 .comment       0x0000000000000000       0x23 /home/nrikee/devkitPro/devkitARM/bin/../lib/gcc/arm-none-eabi/4.9.2/../../../../arm-none-eabi/lib/libsysbase.a(lseek.o)
 .comment       0x0000000000000000       0x23 /home/nrikee/devkitPro/devkitARM/bin/../lib/gcc/arm-none-eabi/4.9.2/../../../../arm-none-eabi/lib/libsysbase.a(read.o)
 .comment       0x0000000000000000       0x23 /home/nrikee/devkitPro/devkitARM/bin/../lib/gcc/arm-none-eabi/4.9.2/../../../../arm-none-eabi/lib/libsysbase.a(sbrk.o)
 .comment       0x0000000000000000       0x23 /home/nrikee/devkitPro/devkitARM/bin/../lib/gcc/arm-none-eabi/4.9.2/../../../../arm-none-eabi/lib/libsysbase.a(times.o)
 .comment       0x0000000000000000       0x23 /home/nrikee/devkitPro/devkitARM/bin/../lib/gcc/arm-none-eabi/4.9.2/../../../../arm-none-eabi/lib/libsysbase.a(write.o)
 .comment       0x0000000000000000       0x23 /home/nrikee/devkitPro/devkitARM/bin/../lib/gcc/arm-none-eabi/4.9.2/../../../../arm-none-eabi/lib/libsysbase.a(malloc_vars.o)
 .comment       0x0000000000000000       0x23 /home/nrikee/devkitPro/devkitARM/bin/../lib/gcc/arm-none-eabi/4.9.2/../../../../arm-none-eabi/lib/libsysbase.a(build_argv.o)
 .comment       0x0000000000000000       0x23 /home/nrikee/devkitPro/devkitARM/bin/../lib/gcc/arm-none-eabi/4.9.2/../../../../arm-none-eabi/lib/libsysbase.a(syscall_support.o)
 .comment       0x0000000000000000       0x23 /home/nrikee/devkitPro/devkitARM/bin/../lib/gcc/arm-none-eabi/4.9.2/../../../../arm-none-eabi/lib/libsysbase.a(handle_manager.o)
 .comment       0x0000000000000000       0x23 /home/nrikee/devkitPro/devkitARM/bin/../lib/gcc/arm-none-eabi/4.9.2/libgcc.a(bpabi.o)
 .comment       0x0000000000000000       0x23 /home/nrikee/devkitPro/devkitARM/bin/../lib/gcc/arm-none-eabi/4.9.2/libgcc.a(_divdi3.o)
 .comment       0x0000000000000000       0x23 /home/nrikee/devkitPro/devkitARM/bin/../lib/gcc/arm-none-eabi/4.9.2/libgcc.a(_udivdi3.o)
 .comment       0x0000000000000000       0x23 /home/nrikee/devkitPro/devkitARM/bin/../lib/gcc/arm-none-eabi/4.9.2/../../../../arm-none-eabi/lib/libg.a(lib_a-errno.o)
 .comment       0x0000000000000000       0x23 /home/nrikee/devkitPro/devkitARM/bin/../lib/gcc/arm-none-eabi/4.9.2/crtend.o

.ARM.attributes
                0x0000000000000000       0x2d
 .ARM.attributes
                0x0000000000000000       0x21 /home/nrikee/devkitPro/devkitARM/bin/../lib/gcc/arm-none-eabi/4.9.2/../../../../arm-none-eabi/lib/ds_arm9_crt0.o
 .ARM.attributes
                0x0000000000000021       0x16 /home/nrikee/devkitPro/devkitARM/bin/../lib/gcc/arm-none-eabi/4.9.2/crti.o
 .ARM.attributes
                0x0000000000000037       0x30 /home/nrikee/devkitPro/devkitARM/bin/../lib/gcc/arm-none-eabi/4.9.2/crtbegin.o
 .ARM.attributes
                0x0000000000000067       0x2b main.o
 .ARM.attributes
                0x0000000000000092       0x27 /home/nrikee/devkitPro/libnds/lib/libnds9.a(console.o)
 .ARM.attributes
                0x00000000000000b9       0x27 /home/nrikee/devkitPro/libnds/lib/libnds9.a(initSystem.o)
 .ARM.attributes
                0x00000000000000e0       0x27 /home/nrikee/devkitPro/libnds/lib/libnds9.a(fifosystem.o)
 .ARM.attributes
                0x0000000000000107       0x27 /home/nrikee/devkitPro/libnds/lib/libnds9.a(interrupts.o)
 .ARM.attributes
                0x000000000000012e       0x27 /home/nrikee/devkitPro/libnds/lib/libnds9.a(libnds_exit.arm.o)
 .ARM.attributes
                0x0000000000000155       0x21 /home/nrikee/devkitPro/libnds/lib/libnds9.a(mpu_setup.o)
 .ARM.attributes
                0x0000000000000176       0x1b /home/nrikee/devkitPro/libnds/lib/libnds9.a(biosCalls.o)
 .ARM.attributes