Archive member included because of file (symbol)

/home/nrikee/devkitPro/libnds/lib/libmm9.a(mm_comms.o)
                              main.o (mmStart)
/home/nrikee/devkitPro/libnds/lib/libmm9.a(mm_main9.o)
                              /home/nrikee/devkitPro/libnds/lib/libmm9.a(mm_comms.o) (mmCallback)
/home/nrikee/devkitPro/libnds/lib/libmm9.a(mm_memory.o)
                              main.o (mmLoad)
/home/nrikee/devkitPro/libnds/lib/libmm9.a(mm_soundbank.o)
                              /home/nrikee/devkitPro/libnds/lib/libmm9.a(mm_main9.o) (mmSoundBankInMemory)
/home/nrikee/devkitPro/libnds/lib/libmm9.a(mm_flusher.o)
                              /home/nrikee/devkitPro/libnds/lib/libmm9.a(mm_memory.o) (mmFlushBank)
/home/nrikee/devkitPro/libnds/lib/libnds9.a(background.o)
                              main.o (bgState)
/home/nrikee/devkitPro/libnds/lib/libnds9.a(console.o)
                              main.o (consoleInit)
/home/nrikee/devkitPro/libnds/lib/libnds9.a(decompress.o)
                              main.o (decompress)
/home/nrikee/devkitPro/libnds/lib/libnds9.a(keys.o)
                              main.o (scanKeys)
/home/nrikee/devkitPro/libnds/lib/libnds9.a(touch.o)
                              main.o (touchRead)
/home/nrikee/devkitPro/libnds/lib/libnds9.a(trig.o)
                              /home/nrikee/devkitPro/libnds/lib/libnds9.a(background.o) (sinLerp)
/home/nrikee/devkitPro/libnds/lib/libnds9.a(initSystem.o)
                              /home/nrikee/devkitPro/devkitARM/bin/../lib/gcc/arm-none-eabi/4.9.2/../../../../arm-none-eabi/lib/ds_arm9_crt0.o (initSystem)
/home/nrikee/devkitPro/libnds/lib/libnds9.a(fifosystem.o)
                              /home/nrikee/devkitPro/libnds/lib/libmm9.a(mm_comms.o) (fifoSetValue32Handler)
/home/nrikee/devkitPro/libnds/lib/libnds9.a(interrupts.o)
                              /home/nrikee/devkitPro/libnds/lib/libnds9.a(fifosystem.o) (irqSet)
/home/nrikee/devkitPro/libnds/lib/libnds9.a(libnds_exit.arm.o)
                              /home/nrikee/devkitPro/devkitARM/bin/../lib/gcc/arm-none-eabi/4.9.2/../../../../arm-none-eabi/lib/ds_arm9_crt0.o (__libnds_exit)
/home/nrikee/devkitPro/libnds/lib/libnds9.a(syscalls.o)
                              /home/nrikee/devkitPro/libnds/lib/libnds9.a(decompress.o) (swiDecompressLZSSVram)
/home/nrikee/devkitPro/libnds/lib/libnds9.a(timers.o)
                              main.o (timerStart)
/home/nrikee/devkitPro/libnds/lib/libnds9.a(mpu_setup.o)
                              /home/nrikee/devkitPro/devkitARM/bin/../lib/gcc/arm-none-eabi/4.9.2/../../../../arm-none-eabi/lib/ds_arm9_crt0.o (__libnds_mpu_setup)
/home/nrikee/devkitPro/libnds/lib/libnds9.a(biosCalls.o)
                              /home/nrikee/devkitPro/libnds/lib/libnds9.a(fifosystem.o) (swiIntrWait)
/home/nrikee/devkitPro/libnds/lib/libnds9.a(debugprint.o)
                              /home/nrikee/devkitPro/libnds/lib/libnds9.a(console.o) (nocashWrite)
/home/nrikee/devkitPro/libnds/lib/libnds9.a(interruptDispatcher.o)
                              /home/nrikee/devkitPro/libnds/lib/libnds9.a(interrupts.o) (IntrMain)
/home/nrikee/devkitPro/libnds/lib/libnds9.a(swiSoftReset.o)
                              /home/nrikee/devkitPro/libnds/lib/libnds9.a(fifosystem.o) (swiSoftReset)
/home/nrikee/devkitPro/libnds/lib/libnds9.a(default_font.bin.o)
                              /home/nrikee/devkitPro/libnds/lib/libnds9.a(console.o) (default_font_bin)
/home/nrikee/devkitPro/libnds/lib/libnds9.a(system.o)
                              /home/nrikee/devkitPro/libnds/lib/libnds9.a(initSystem.o) (systemValueHandler)
/home/nrikee/devkitPro/libnds/lib/libnds9.a(video.o)
                              /home/nrikee/devkitPro/libnds/lib/libnds9.a(initSystem.o) (vramDefault)
/home/nrikee/devkitPro/devkitARM/bin/../lib/gcc/arm-none-eabi/4.9.2/libgcc.a(_divsi3.o)
                              main.o (__aeabi_idivmod)
/home/nrikee/devkitPro/devkitARM/bin/../lib/gcc/arm-none-eabi/4.9.2/libgcc.a(_dvmd_tls.o)
                              /home/nrikee/devkitPro/devkitARM/bin/../lib/gcc/arm-none-eabi/4.9.2/libgcc.a(_divsi3.o) (__aeabi_idiv0)
/home/nrikee/devkitPro/devkitARM/bin/../lib/gcc/arm-none-eabi/4.9.2/../../../../arm-none-eabi/lib/libg.a(lib_a-bsearch.o)
                              /home/nrikee/devkitPro/libnds/lib/libnds9.a(trig.o) (bsearch)
/home/nrikee/devkitPro/devkitARM/bin/../lib/gcc/arm-none-eabi/4.9.2/../../../../arm-none-eabi/lib/libg.a(lib_a-fclose.o)
                              /home/nrikee/devkitPro/libnds/lib/libmm9.a(mm_main9.o) (fclose)
/home/nrikee/devkitPro/devkitARM/bin/../lib/gcc/arm-none-eabi/4.9.2/../../../../arm-none-eabi/lib/libg.a(lib_a-fflush.o)
                              /home/nrikee/devkitPro/devkitARM/bin/../lib/gcc/arm-none-eabi/4.9.2/../../../../arm-none-eabi/lib/libg.a(lib_a-fclose.o) (_fflush_r)
/home/nrikee/devkitPro/devkitARM/bin/../lib/gcc/arm-none-eabi/4.9.2/../../../../arm-none-eabi/lib/libg.a(lib_a-findfp.o)
[...]
Memory Configuration

Name             Origin             Length             Attributes
rom              0x0000000008000000 0x0000000002000000
ewram            0x0000000002000000 0x00000000003ff000
dtcm             0x000000000b000000 0x0000000000004000
vectors          0x0000000001000000 0x0000000000000100
itcm             0x0000000001000100 0x0000000000007f00
*default*        0x0000000000000000 0xffffffffffffffff

Linker script and memory map

                0x0000000001000000                __vectors_start = ORIGIN (vectors)
                0x0000000001000100                __itcm_start = ORIGIN (itcm)
                0x00000000023ff000                __ewram_end = (ORIGIN (ewram) + 0x3ff000)
                0x00000000023ff000                __eheap_end = (ORIGIN (ewram) + 0x3ff000)
                0x000000000b000000                __dtcm_start = ORIGIN (dtcm)
                0x000000000b004000                __dtcm_top = (ORIGIN (dtcm) + 0x4000)
                0x000000000b003ff8                __irq_flags = (__dtcm_top - 0x8)
                0x000000000b003ffc                __irq_vector = (__dtcm_top - 0x4)
                0x000000000b003f00                __sp_svc = (__dtcm_top - 0x100)
                0x000000000b003e00                __sp_irq = (__sp_svc - 0x100)
                0x000000000b003d00                __sp_usr = (__sp_irq - 0x100)

.init           0x0000000002000000      0x248
                0x0000000002000000                __text_start = .
 *(.init)
 .init          0x0000000002000000      0x230 /home/nrikee/devkitPro/devkitARM/bin/../lib/gcc/arm-none-eabi/4.9.2/../../../../arm-none-eabi/lib/ds_arm9_crt0.o
                0x0000000002000000                _start
 .init          0x0000000002000230        0xc /home/nrikee/devkitPro/devkitARM/bin/../lib/gcc/arm-none-eabi/4.9.2/crti.o
                0x0000000002000230                _init
 .init          0x000000000200023c        0xc /home/nrikee/devkitPro/devkitARM/bin/../lib/gcc/arm-none-eabi/4.9.2/crtn.o
                0x0000000002000248                . = ALIGN (0x4)

.plt
 *(.plt)

.text           0x0000000002000250    0x161b0
 *(EXCLUDE_FILE(*.itcm*) .text)
 .text          0x0000000002000250        0x0 /home/nrikee/devkitPro/devkitARM/bin/../lib/gcc/arm-none-eabi/4.9.2/../../../../arm-none-eabi/lib/ds_arm9_crt0.o
 .text          0x0000000002000250        0x0 /home/nrikee/devkitPro/devkitARM/bin/../lib/gcc/arm-none-eabi/4.9.2/crti.o
 .text          0x0000000002000250      0x108 /home/nrikee/devkitPro/devkitARM/bin/../lib/gcc/arm-none-eabi/4.9.2/crtbegin.o
 .text          0x0000000002000358        0x0 soundbank.bin.o
 .text          0x0000000002000358        0x0 back.o
 .text          0x0000000002000358        0x0 blue.o
 .text          0x0000000002000358        0x0 chromeP2.o
 .text          0x0000000002000358        0x0 green.o
 .text          0x0000000002000358        0x0 lose.o
 .text          0x0000000002000358        0x0 menu.o
 .text          0x0000000002000358        0x0 portada.o
 .text          0x0000000002000358        0x0 red.o
 .text          0x0000000002000358        0x0 topScreen.o
 .text          0x0000000002000358        0x0 win.o
 .text          0x0000000002000358        0x0 yellow.o
 .text          0x0000000002000358        0x0 font.o
 .text          0x0000000002000358      0x67c main.o
                0x0000000002000358                updateTimer
                0x00000000020003e4                initSol
                0x0000000002000408                sleep
                0x0000000002000470                changeTimer
                0x0000000002000518                randint
                0x0000000002000584                randchar
                0x00000000020005c4                appendSol
                0x0000000002000688                loadBG
                0x000000000200074c                confirm
                0x0000000002000768                selection
 .text          0x00000000020009d4      0x208 mainMenu.o
                0x00000000020009d4                loadMenu
                0x0000000002000ad0                loadFinal
 .text          0x0000000002000bdc      0x24c /home/nrikee/devkitPro/libnds/lib/libmm9.a(mm_comms.o)
                0x0000000002000bdc                mmSetupComms
                0x0000000002000c2e                mmSendBank
                0x0000000002000c38                mmLockChannels
                0x0000000002000c3e                mmUnlockChannels
                0x0000000002000c44                mmStart
                0x0000000002000c4e                mmPause
                0x0000000002000c52                mmResume
                0x0000000002000c56                mmStop
                0x0000000002000c5a                mmPosition
                0x0000000002000c5e                mmJingle
                0x0000000002000c62                mmSetModuleVolume
                0x0000000002000c66                mmSetJingleVolume
                0x0000000002000c6a                mmSetModuleTempo
                0x0000000002000c6e                mmSetModulePitch
                0x0000000002000c72                mmSetEffectsVolume
                0x0000000002000c76                mmSelectMode
                0x0000000002000c7a                mmStreamBegin
                0x0000000002000c8e                mmStreamEnd
                0x0000000002000ce4                mmEffect
                0x0000000002000d08                mmEffectVolume
                0x0000000002000d0c                mmEffectPanning
                0x0000000002000d10                mmEffectRate
                0x0000000002000d1a                mmEffectScaleRate
                0x0000000002000d24                mmEffectRelease
                0x0000000002000d2a                mmEffectCancel
                0x0000000002000d30                mmEffectEx
                0x0000000002000d6e                mmEffectCancelAll
                0x0000000002000d72                mmReverbEnable
                0x0000000002000d76                mmReverbDisable
                0x0000000002000d7a                mmReverbConfigure
                0x0000000002000dd6                mmReverbStart
                0x0000000002000dda                mmReverbStop
 .text          0x0000000002000e28      0x108 /home/nrikee/devkitPro/libnds/lib/libmm9.a(mm_main9.o)
                0x0000000002000e28                mmActive
                0x0000000002000e2e                mmSetEventHandler
                0x0000000002000e34                mmInit
                0x0000000002000e5e                mmInitDefault
                0x0000000002000ea8                mmInitDefaultMem
                0x0000000002000eca                mmSuspendIRQ_t
                0x0000000002000ee8                mmRestoreIRQ_t
 .text          0x0000000002000f30      0x120 /home/nrikee/devkitPro/libnds/lib/libmm9.a(mm_memory.o)
                0x0000000002000f30                mmLoad
                0x0000000002000f80                mmUnload
                0x0000000002000fd8                mmLoadEffect
                0x0000000002001010                mmUnloadEffect
 .text          0x0000000002001050      0x100 /home/nrikee/devkitPro/libnds/lib/libmm9.a(mm_soundbank.o)
                0x0000000002001050                mmSoundBankInMemory
                0x0000000002001058                mmSoundBankInFiles
                0x000000000200106a                mmSetCustomSoundBankHandler
                0x0000000002001096                mmsHandleFileOp
 .text          0x0000000002001150       0x3c /home/nrikee/devkitPro/libnds/lib/libmm9.a(mm_flusher.o)
                0x0000000002001150                mmFlushBank
 .text          0x000000000200118c      0x3bc /home/nrikee/devkitPro/libnds/lib/libnds9.a(background.o)
                0x000000000200118c                bgIsText
                0x0000000002001198                checkIfText
                0x00000000020011f0                bgUpdate
                0x00000000020012e4                bgInit_call
                0x000000000200140c                bgInitSub_call
 .text          0x0000000002001548     0x116c /home/nrikee/devkitPro/libnds/lib/libnds9.a(console.o)
                0x00000000020017b4                nocash_write
                0x000000000200182c                con_write
                0x0000000002001d60                consoleGetDefault
                0x0000000002001d6c                consoleLoadFont
                0x00000000020020d4                consoleInit
                0x0000000002002300                consoleSelect
                0x0000000002002310                consoleSetFont
                0x0000000002002330                consoleDebugInit
                0x0000000002002384                consoleDemoInit
                0x000000000200258c                consolePrintChar
                0x0000000002002684                consoleClear
                0x0000000002002694                consoleSetWindow
 .text          0x00000000020026b4       0x84 /home/nrikee/devkitPro/libnds/lib/libnds9.a(decompress.o)
                0x00000000020026b4                getHeader
                0x00000000020026b8                readByte
                0x00000000020026bc                decompress
                0x00000000020026fc                decompressStream
 .text          0x0000000002002738       0xf4 /home/nrikee/devkitPro/libnds/lib/libnds9.a(keys.o)
                0x0000000002002738                scanKeys
                0x00000000020027a4                keysHeld
                0x00000000020027b0                keysDown
                0x00000000020027c0                keysDownRepeat
                0x00000000020027d0                keysSetRepeat
                0x00000000020027e8                keysUp
                0x00000000020027f8                keysCurrent
 .text          0x000000000200282c       0x48 /home/nrikee/devkitPro/libnds/lib/libnds9.a(touch.o)
                0x000000000200282c                touchRead
                0x0000000002002850                touchReadXY
 .text          0x0000000002002874      0x3a8 /home/nrikee/devkitPro/libnds/lib/libnds9.a(trig.o)
                0x0000000002002874                asinComp
                0x0000000002002898                sinLutLookup
                0x00000000020028d0                sinLerp
                0x0000000002002960                cosLerp
                0x0000000002002a1c                tanLutLookup
                0x0000000002002a54                tanLerp
                0x0000000002002afc                asinLerp
                0x0000000002002b78                acosLerp
                0x0000000002002bf4                atanComp
 .text          0x0000000002002c1c      0x19c /home/nrikee/devkitPro/libnds/lib/libnds9.a(initSystem.o)
                0x0000000002002c1c                initSystem
 .text          0x0000000002002db8      0xcb8 /home/nrikee/devkitPro/libnds/lib/libnds9.a(fifosystem.o)
                0x000000000200307c                fifoSetValue32Handler
                0x00000000020030f0                fifoSendAddress
                0x000000000200311c                fifoSendValue32
                0x0000000002003158                fifoSendDatamsg
                0x00000000020031cc                fifoGetAddress
                0x0000000002003238                fifoSetAddressHandler
                0x00000000020032ac                fifoGetValue32
                0x00000000020032c0                fifoGetDatamsg
                0x0000000002003774                fifoSetDatamsgHandler
                0x0000000002003808                fifoCheckAddress
                0x000000000200382c                fifoCheckDatamsg
                0x0000000002003850                fifoCheckDatamsgLength
                0x0000000002003880                fifoCheckValue32
                0x00000000020038a4                fifoInit
 .text          0x0000000002003a70      0x244 /home/nrikee/devkitPro/libnds/lib/libnds9.a(interrupts.o)
                0x0000000002003a70                irqDummy
                0x0000000002003a74                irqSet
                0x0000000002003ae0                irqInit
                0x0000000002003b2c                irqInitHandler
                0x0000000002003b5c                irqEnable
                0x0000000002003bc0                irqDisable
                0x0000000002003c24                irqClear
 .text          0x0000000002003cb4       0x5c /home/nrikee/devkitPro/libnds/lib/libnds9.a(libnds_exit.arm.o)
                0x0000000002003cb4                systemErrorExit
                0x0000000002003cb8                __libnds_exit
 .text          0x0000000002003d10       0x1c /home/nrikee/devkitPro/libnds/lib/libnds9.a(syscalls.o)
                0x0000000002003d10                swiDecompressLZSSVram
 .text          0x0000000002003d2c      0x1b4 /home/nrikee/devkitPro/libnds/lib/libnds9.a(timers.o)
                0x0000000002003d2c                timerStart
                0x0000000002003d74                timerElapsed
                0x0000000002003da4                timerPause
                0x0000000002003de4                timerStop
                0x0000000002003e20                cpuStartTiming
                0x0000000002003e5c                cpuGetTiming
                0x0000000002003e98                cpuEndTiming
 .text          0x0000000002003ee0      0x1b4 /home/nrikee/devkitPro/libnds/lib/libnds9.a(mpu_setup.o)
                0x0000000002003ee0                __libnds_mpu_setup
                0x0000000002004020                memCached
                0x0000000002004038                memUncached
 *fill*         0x0000000002004094        0xc ff
 .text          0x00000000020040a0       0x70 /home/nrikee/devkitPro/libnds/lib/libnds9.a(biosCalls.o)
                0x00000000020040a0                swiDelay
                0x00000000020040a4                swiIntrWait
                0x00000000020040a8                swiWaitForVBlank
                0x00000000020040ac                swiSleep
                0x00000000020040b0                swiChangeSoundBias
                0x00000000020040b4                swiDivide
                0x00000000020040b8                swiRemainder
                0x00000000020040be                swiDivMod
                0x00000000020040ca                swiCopy
                0x00000000020040ce                swiFastCopy
                0x00000000020040d2                swiSqrt
                0x00000000020040d6                swiCRC16
                0x00000000020040da                swiIsDebugger
                0x00000000020040de                swiUnpackBits
                0x00000000020040e2                swiDecompressLZSSWram
                0x00000000020040e6                swiDecompressLZSSVramNTR
                0x00000000020040ea                swiDecompressLZSSVramTWL
                0x00000000020040ee                swiDecompressHuffman
                0x00000000020040f2                swiDecompressRLEWram
                0x00000000020040f6                swiDecompressRLEVram
                0x00000000020040fa                swiWaitForIRQ
                0x00000000020040fe                swiDecodeDelta8
                0x0000000002004102                swiDecodeDelta16
                0x0000000002004106                swiSetHaltCR
 .text          0x0000000002004110       0xa4 /home/nrikee/devkitPro/libnds/lib/libnds9.a(debugprint.o)
                0x0000000002004110                nocashWrite
                0x0000000002004112                nocashMessage
 .text          0x00000000020041b4        0x0 /home/nrikee/devkitPro/libnds/lib/libnds9.a(interruptDispatcher.o)
 *fill*         0x00000000020041b4        0xc ff
 .text          0x00000000020041c0       0x30 /home/nrikee/devkitPro/libnds/lib/libnds9.a(swiSoftReset.o)
                0x00000000020041c0                swiSoftReset
 .text          0x00000000020041f0        0x0 /home/nrikee/devkitPro/libnds/lib/libnds9.a(default_font.bin.o)
 .text          0x00000000020041f0      0x140 /home/nrikee/devkitPro/libnds/lib/libnds9.a(system.o)
                0x00000000020041f0                setSDcallback
                0x00000000020041fc                systemValueHandler
                0x0000000002004244                systemMsgHandler
                0x0000000002004294                systemSleep
                0x00000000020042ac                powerOn
                0x00000000020042d8                powerOff
                0x0000000002004300                ledBlink
                0x0000000002004310                getBatteryLevel
 .text          0x0000000002004330      0x1f8 /home/nrikee/devkitPro/libnds/lib/libnds9.a(video.o)
                0x0000000002004330                vramSetPrimaryBanks
                0x0000000002004374                vramSetMainBanks
                0x00000000020043b8                vramSetBanks_EFG
                0x00000000020043f0                vramRestorePrimaryBanks
                0x00000000020043fc                vramRestoreMainBanks
                0x0000000002004408                vramRestoreBanks_EFG
                0x0000000002004414                setBrightness
                0x0000000002004454                vramDefault
 .text          0x0000000002004528      0x148 /home/nrikee/devkitPro/devkitARM/bin/../lib/gcc/arm-none-eabi/4.9.2/libgcc.a(_divsi3.o)
                0x0000000002004528                __aeabi_idiv
                0x0000000002004528                __divsi3
                0x0000000002004650                __aeabi_idivmod
 .text          0x0000000002004670        0x4 /home/nrikee/devkitPro/devkitARM/bin/../lib/gcc/arm-none-eabi/4.9.2/libgcc.a(_dvmd_tls.o)
                0x0000000002004670                __aeabi_ldiv0
                0x0000000002004670                __aeabi_idiv0
 .text          0x0000000002004674       0x84 /home/nrikee/devkitPro/devkitARM/bin/../lib/gcc/arm-none-eabi/4.9.2/../../../../arm-none-eabi/lib/libg.a(lib_a-bsearch.o)
                0x0000000002004674                bsearch
 .text          0x00000000020046f8      0x110 /home/nrikee/devkitPro/devkitARM/bin/../lib/gcc/arm-none-eabi/4.9.2/../../../../arm-none-eabi/lib/libg.a(lib_a-fclose.o)
                0x00000000020046f8                _fclose_r
                0x00000000020047f4                fclose
 .text          0x0000000002004808      0x2d0 /home/nrikee/devkitPro/devkitARM/bin/../lib/gcc/arm-none-eabi/4.9.2/../../../../arm-none-eabi/lib/libg.a(lib_a-fflush.o)
                0x0000000002004808                __sflush_r
                0x0000000002004a48                _fflush_r
                0x0000000002004a9c                fflush
 .text          0x0000000002004ad8      0x350 /home/nrikee/devkitPro/devkitARM/bin/../lib/gcc/arm-none-eabi/4.9.2/../../../../arm-none-eabi/lib/libg.a(lib_a-findfp.o)
                0x0000000002004ae8                _cleanup_r
                0x0000000002004c60                __sfmoreglue
                0x0000000002004cb0                __sfp
                0x0000000002004d9c                _cleanup
                0x0000000002004dc0                __sinit
                0x0000000002004dd0                __sfp_lock_acquire
                0x0000000002004dd4                __sfp_lock_release
                0x0000000002004dd8                __sinit_lock_acquire
                0x0000000002004ddc                __sinit_lock_release
                0x0000000002004de0                __fp_lock_all
                0x0000000002004e04                __fp_unlock_all
 .text          0x0000000002004e28      0x114 /home/nrikee/devkitPro/devkitARM/bin/../lib/gcc/arm-none-eabi/4.9.2/../../../../arm-none-eabi/lib/libg.a(lib_a-fopen.o)
                0x0000000002004e28                _fopen_r
                0x0000000002004f24                fopen
 .text          0x0000000002004f3c      0x270 /home/nrikee/devkitPro/devkitARM/bin/../lib/gcc/arm-none-eabi/4.9.2/../../../../arm-none-eabi/lib/libg.a(lib_a-fread.o)
                0x0000000002004f3c                _fread_r
                0x000000000200516c                fread
 .text          0x00000000020051ac      0x3bc /home/nrikee/devkitPro/devkitARM/bin/../lib/gcc/arm-none-eabi/4.9.2/../../../../arm-none-eabi/lib/libg.a(lib_a-freer.o)
                0x00000000020051ac                _malloc_trim_r
                0x00000000020052ac                _free_r
 .text          0x0000000002005568       0x3c /home/nrikee/devkitPro/devkitARM/bin/../lib/gcc/arm-none-eabi/4.9.2/../../../../arm-none-eabi/lib/libg.a(lib_a-fseek.o)
                0x0000000002005568                _fseek_r
                0x0000000002005578                fseek
 .text          0x00000000020055a4      0x4a8 /home/nrikee/devkitPro/devkitARM/bin/../lib/gcc/arm-none-eabi/4.9.2/../../../../arm-none-eabi/lib/libg.a(lib_a-fseeko.o)
                0x00000000020055a4                _fseeko_r
                0x0000000002005a24                fseeko
 .text          0x0000000002005a4c      0x110 /home/nrikee/devkitPro/devkitARM/bin/../lib/gcc/arm-none-eabi/4.9.2/../../../../arm-none-eabi/lib/libg.a(lib_a-fwalk.o)
                0x0000000002005a4c                _fwalk
                0x0000000002005ad0                _fwalk_reent
 .text          0x0000000002005b5c        0x0 /home/nrikee/devkitPro/devkitARM/bin/../lib/gcc/arm-none-eabi/4.9.2/../../../../arm-none-eabi/lib/libg.a(lib_a-impure.o)
 .text          0x0000000002005b5c       0x80 /home/nrikee/devkitPro/devkitARM/bin/../lib/gcc/arm-none-eabi/4.9.2/../../../../arm-none-eabi/lib/libg.a(lib_a-init.o)
                0x0000000002005b5c                __libc_init_array
 .text          0x0000000002005bdc       0x74 /home/nrikee/devkitPro/devkitARM/bin/../lib/gcc/arm-none-eabi/4.9.2/../../../../arm-none-eabi/lib/libg.a(lib_a-iprintf.o)
                0x0000000002005bdc                iprintf
                0x0000000002005c1c                _iprintf_r
 .text          0x0000000002005c50      0x168 /home/nrikee/devkitPro/devkitARM/bin/../lib/gcc/arm-none-eabi/4.9.2/../../../../arm-none-eabi/lib/libg.a(lib_a-makebuf.o)
                0x0000000002005c50                __smakebuf_r
 .text          0x0000000002005db8       0x40 /home/nrikee/devkitPro/devkitARM/bin/../lib/gcc/arm-none-eabi/4.9.2/../../../../arm-none-eabi/lib/libg.a(lib_a-malloc.o)
                0x0000000002005db8                malloc
                0x0000000002005dd8                free
 .text          0x0000000002005df8      0x724 /home/nrikee/devkitPro/devkitARM/bin/../lib/gcc/arm-none-eabi/4.9.2/../../../../arm-none-eabi/lib/libg.a(lib_a-mallocr.o)
                0x0000000002005df8                _malloc_r
 .text          0x000000000200651c       0xf0 /home/nrikee/devkitPro/devkitARM/bin/../lib/gcc/arm-none-eabi/4.9.2/../../../../arm-none-eabi/lib/libg.a(lib_a-memcpy-stub.o)
                0x000000000200651c                memcpy
 .text          0x000000000200660c       0xf4 /home/nrikee/devkitPro/devkitARM/bin/../lib/gcc/arm-none-eabi/4.9.2/../../../../arm-none-eabi/lib/libg.a(lib_a-memset.o)
                0x000000000200660c                memset
 .text          0x0000000002006700        0x8 /home/nrikee/devkitPro/devkitARM/bin/../lib/gcc/arm-none-eabi/4.9.2/../../../../arm-none-eabi/lib/libg.a(lib_a-mlock.o)
                0x0000000002006700                __malloc_lock
                0x0000000002006704                __malloc_unlock
 .text          0x0000000002006708       0x70 /home/nrikee/devkitPro/devkitARM/bin/../lib/gcc/arm-none-eabi/4.9.2/../../../../arm-none-eabi/lib/libg.a(lib_a-rand.o)
                0x0000000002006708                srand
                0x0000000002006724                rand
 .text          0x0000000002006778      0x20c /home/nrikee/devkitPro/devkitARM/bin/../lib/gcc/arm-none-eabi/4.9.2/../../../../arm-none-eabi/lib/libg.a(lib_a-refill.o)
                0x00000000020067a4                __srefill_r
 .text          0x0000000002006984      0x174 /home/nrikee/devkitPro/devkitARM/bin/../lib/gcc/arm-none-eabi/4.9.2/../../../../arm-none-eabi/lib/libg.a(lib_a-setvbuf.o)
                0x0000000002006984                setvbuf
 .text          0x0000000002006af8      0x100 /home/nrikee/devkitPro/devkitARM/bin/../lib/gcc/arm-none-eabi/4.9.2/../../../../arm-none-eabi/lib/libg.a(lib_a-siscanf.o)
                0x0000000002006af8                siscanf
                0x0000000002006b78                _siscanf_r
 .text          0x0000000002006bf8       0xd8 /home/nrikee/devkitPro/devkitARM/bin/../lib/gcc/arm-none-eabi/4.9.2/../../../../arm-none-eabi/lib/libg.a(lib_a-stdio.o)
                0x0000000002006bf8                __sread
                0x0000000002006c2c                __seofread
                0x0000000002006c34                __swrite
                0x0000000002006c8c                __sseek
                0x0000000002006cbc                __sclose
 .text          0x0000000002006cd0       0x60 /home/nrikee/devkitPro/devkitARM/bin/../lib/gcc/arm-none-eabi/4.9.2/../../../../arm-none-eabi/lib/libg.a(lib_a-strlen.o)
                0x0000000002006cd0                strlen
 .text          0x0000000002006d30     0x237c /home/nrikee/devkitPro/devkitARM/bin/../lib/gcc/arm-none-eabi/4.9.2/../../../../arm-none-eabi/lib/libg.a(lib_a-svfiscanf.o)
                0x0000000002006d30                _sungetc_r
                0x0000000002006e24                __ssrefill_r
                0x0000000002006e90                _sfread_r
                0x0000000002006f68                __ssvfiscanf_r
 .text          0x00000000020090ac      0x24c /home/nrikee/devkitPro/devkitARM/bin/../lib/gcc/arm-none-eabi/4.9.2/../../../../arm-none-eabi/lib/libg.a(lib_a-ungetc.o)
                0x00000000020090ac                __submore
                0x000000000200915c                _ungetc_r
                0x00000000020092e0                ungetc
 .text          0x00000000020092f8     0x3c00 /home/nrikee/devkitPro/devkitARM/bin/../lib/gcc/arm-none-eabi/4.9.2/../../../../arm-none-eabi/lib/libg.a(lib_a-vfiprintf.o)
                0x0000000002009c04                __sprint_r
                0x0000000002009c1c                _vfiprintf_r
                0x000000000200ce24                vfiprintf
 .text          0x000000000200cef8      0x138 /home/nrikee/devkitPro/devkitARM/bin/../lib/gcc/arm-none-eabi/4.9.2/../../../../arm-none-eabi/lib/libg.a(lib_a-wcrtomb.o)
                0x000000000200cef8                _wcrtomb_r
                0x000000000200cf90                wcrtomb
 .text          0x000000000200d030       0x60 /home/nrikee/devkitPro/devkitARM/bin/../lib/gcc/arm-none-eabi/4.9.2/../../../../arm-none-eabi/lib/libg.a(lib_a-wcsrtombs.o)
                0x000000000200d030                _wcsrtombs_r
                0x000000000200d054                wcsrtombs
 .text          0x000000000200d090      0x3cc /home/nrikee/devkitPro/devkitARM/bin/../lib/gcc/arm-none-eabi/4.9.2/../../../../arm-none-eabi/lib/libg.a(lib_a-wctomb_r.o)
                0x000000000200d090                __utf8_wctomb
                0x000000000200d1a4                _wctomb_r
                0x000000000200d1f4                __ascii_wctomb
                0x000000000200d21c                __sjis_wctomb
                0x000000000200d2a8                __eucjp_wctomb
                0x000000000200d37c                __jis_wctomb
 .text          0x000000000200d45c      0x160 /home/nrikee/devkitPro/devkitARM/bin/../lib/gcc/arm-none-eabi/4.9.2/../../../../arm-none-eabi/lib/libg.a(lib_a-wsetup.o)
                0x000000000200d45c                __swsetup_r
 .text          0x000000000200d5bc       0x18 /home/nrikee/devkitPro/devkitARM/bin/../lib/gcc/arm-none-eabi/4.9.2/../../../../arm-none-eabi/lib/libg.a(lib_a-ctype_.o)
                0x000000000200d5bc                __set_ctype
 .text          0x000000000200d5d4       0xb8 /home/nrikee/devkitPro/devkitARM/bin/../lib/gcc/arm-none-eabi/4.9.2/../../../../arm-none-eabi/lib/libg.a(lib_a-flags.o)
                0x000000000200d5d4                __sflags
 .text          0x000000000200d68c      0x190 /home/nrikee/devkitPro/devkitARM/bin/../lib/gcc/arm-none-eabi/4.9.2/../../../../arm-none-eabi/lib/libg.a(lib_a-fputwc.o)
                0x000000000200d68c                _fputwc_r
                0x000000000200d7d8                fputwc
 .text          0x000000000200d81c      0x4ec /home/nrikee/devkitPro/devkitARM/bin/../lib/gcc/arm-none-eabi/4.9.2/../../../../arm-none-eabi/lib/libg.a(lib_a-fvwrite.o)
                0x000000000200d81c                __sfvwrite_r
 .text          0x000000000200dd08       0x7c /home/nrikee/devkitPro/devkitARM/bin/../lib/gcc/arm-none-eabi/4.9.2/../../../../arm-none-eabi/lib/libg.a(lib_a-iswspace.o)
                0x000000000200dd08                iswspace
 .text          0x000000000200dd84      0x280 /home/nrikee/devkitPro/devkitARM/bin/../lib/gcc/arm-none-eabi/4.9.2/../../../../arm-none-eabi/lib/libg.a(lib_a-jp2uc.o)
                0x000000000200df88                _jp2uc
 .text          0x000000000200e004      0xd40 /home/nrikee/devkitPro/devkitARM/bin/../lib/gcc/arm-none-eabi/4.9.2/../../../../arm-none-eabi/lib/libg.a(lib_a-locale.o)
                0x000000000200e9d4                _setlocale_r
                0x000000000200ecdc                __locale_charset
                0x000000000200ece8                __locale_mb_cur_max
                0x000000000200ecf8                __locale_msgcharset
                0x000000000200ed04                __locale_cjk_lang
                0x000000000200ed14                _localeconv_r
                0x000000000200ed20                setlocale
                0x000000000200ed38                localeconv
 .text          0x000000000200ed44      0x14c /home/nrikee/devkitPro/devkitARM/bin/../lib/gcc/arm-none-eabi/4.9.2/../../../../arm-none-eabi/lib/libg.a(lib_a-mbrtowc.o)
                0x000000000200ed44                _mbrtowc_r
                0x000000000200ede8                mbrtowc
 .text          0x000000000200ee90      0x784 /home/nrikee/devkitPro/devkitARM/bin/../lib/gcc/arm-none-eabi/4.9.2/../../../../arm-none-eabi/lib/libg.a(lib_a-mbtowc_r.o)
                0x000000000200ee90                __utf8_mbtowc
                0x000000000200f194                _mbtowc_r
                0x000000000200f1e8                __ascii_mbtowc
                0x000000000200f234                __sjis_mbtowc
                0x000000000200f310                __eucjp_mbtowc
                0x000000000200f460                __jis_mbtowc
 .text          0x000000000200f614      0x118 /home/nrikee/devkitPro/devkitARM/bin/../lib/gcc/arm-none-eabi/4.9.2/../../../../arm-none-eabi/lib/libg.a(lib_a-memchr-stub.o)
                0x000000000200f614                memchr
 .text          0x000000000200f72c      0x12c /home/nrikee/devkitPro/devkitARM/bin/../lib/gcc/arm-none-eabi/4.9.2/../../../../arm-none-eabi/lib/libg.a(lib_a-memmove.o)
                0x000000000200f72c                memmove
 .text          0x000000000200f858      0x4dc /home/nrikee/devkitPro/devkitARM/bin/../lib/gcc/arm-none-eabi/4.9.2/../../../../arm-none-eabi/lib/libg.a(lib_a-reallocr.o)
                0x000000000200f858                _realloc_r
 .text          0x000000000200fd34       0xdc /home/nrikee/devkitPro/devkitARM/bin/../lib/gcc/arm-none-eabi/4.9.2/../../../../arm-none-eabi/lib/libg.a(lib_a-sccl.o)
                0x000000000200fd34                __sccl
 .text          0x000000000200fe10       0x6c /home/nrikee/devkitPro/devkitARM/bin/../lib/gcc/arm-none-eabi/4.9.2/../../../../arm-none-eabi/lib/libg.a(lib_a-strcasecmp.o)
                0x000000000200fe10                strcasecmp
 .text          0x000000000200fe7c       0x84 /home/nrikee/devkitPro/devkitARM/bin/../lib/gcc/arm-none-eabi/4.9.2/../../../../arm-none-eabi/lib/libg.a(lib_a-strcat.o)
                0x000000000200fe7c                strcat
 .text          0x000000000200ff00      0x160 /home/nrikee/devkitPro/devkitARM/bin/../lib/gcc/arm-none-eabi/4.9.2/../../../../arm-none-eabi/lib/libg.a(lib_a-strchr.o)
                0x000000000200ff00                strchr
 .text          0x0000000002010060      0x230 /home/nrikee/devkitPro/devkitARM/bin/../lib/gcc/arm-none-eabi/4.9.2/../../../../arm-none-eabi/lib/libg.a(lib_a-strcmp.o)
                0x0000000002010060                strcmp
 .text          0x0000000002010290       0xf0 /home/nrikee/devkitPro/devkitARM/bin/../lib/gcc/arm-none-eabi/4.9.2/../../../../arm-none-eabi/lib/libg.a(lib_a-strcpy.o)
                0x0000000002010290                strcpy
 .text          0x0000000002010380       0x48 /home/nrikee/devkitPro/devkitARM/bin/../lib/gcc/arm-none-eabi/4.9.2/../../../../arm-none-eabi/lib/libg.a(lib_a-strlcpy.o)
                0x0000000002010380                strlcpy
 .text          0x00000000020103c8       0x94 /home/nrikee/devkitPro/devkitARM/bin/../lib/gcc/arm-none-eabi/4.9.2/../../../../arm-none-eabi/lib/libg.a(lib_a-strncasecmp.o)
                0x00000000020103c8                strncasecmp
 .text          0x000000000201045c      0x118 /home/nrikee/devkitPro/devkitARM/bin/../lib/gcc/arm-none-eabi/4.9.2/../../../../arm-none-eabi/lib/libg.a(lib_a-strncmp.o)
                0x000000000201045c                strncmp
 .text          0x0000000002010574       0xe4 /home/nrikee/devkitPro/devkitARM/bin/../lib/gcc/arm-none-eabi/4.9.2/../../../../arm-none-eabi/lib/libg.a(lib_a-strncpy.o)
                0x0000000002010574                strncpy
 .text          0x0000000002010658      0x2c8 /home/nrikee/devkitPro/devkitARM/bin/../lib/gcc/arm-none-eabi/4.9.2/../../../../arm-none-eabi/lib/libg.a(lib_a-strtoll_r.o)
                0x0000000002010658                _strtoll_r
 .text          0x0000000002010920      0x204 /home/nrikee/devkitPro/devkitARM/bin/../lib/gcc/arm-none-eabi/4.9.2/../../../../arm-none-eabi/lib/libg.a(lib_a-strtol.o)
                0x0000000002010920                _strtol_r
                0x0000000002010afc                strtol
 *fill*         0x0000000002010b24        0x4 ff
 .text          0x0000000002010b28      0x270 /home/nrikee/devkitPro/devkitARM/bin/../lib/gcc/arm-none-eabi/4.9.2/../../../../arm-none-eabi/lib/libg.a(lib_a-strtoull_r.o)
                0x0000000002010b28                _strtoull_r
 .text          0x0000000002010d98      0x1f4 /home/nrikee/devkitPro/devkitARM/bin/../lib/gcc/arm-none-eabi/4.9.2/../../../../arm-none-eabi/lib/libg.a(lib_a-strtoul.o)
                0x0000000002010d98                _strtoul_r
                0x0000000002010f64                strtoul
 .text          0x0000000002010f8c     0x38b4 /home/nrikee/devkitPro/devkitARM/bin/../lib/gcc/arm-none-eabi/4.9.2/../../../../arm-none-eabi/lib/libg.a(lib_a-svfiprintf.o)
                0x00000000020117ec                __ssprint_r
                0x000000000201199c                _svfiprintf_r
 .text          0x0000000002014840      0x140 /home/nrikee/devkitPro/devkitARM/bin/../lib/gcc/arm-none-eabi/4.9.2/../../../../arm-none-eabi/lib/libg.a(lib_a-wbuf.o)
                0x0000000002014840                __swbuf_r
                0x0000000002014968                __swbuf
 .text          0x0000000002014980      0x1dc /home/nrikee/devkitPro/devkitARM/bin/../lib/gcc/arm-none-eabi/4.9.2/../../../../arm-none-eabi/lib/libg.a(lib_a-wcsnrtombs.o)
                0x0000000002014980                _wcsnrtombs_r
                0x0000000002014b14                wcsnrtombs
 .text          0x0000000002014b5c       0xec /home/nrikee/devkitPro/devkitARM/bin/../lib/gcc/arm-none-eabi/4.9.2/../../../../arm-none-eabi/lib/libg.a(lib_a-getenv_r.o)
                0x0000000002014b5c                _findenv_r
                0x0000000002014c2c                _getenv_r
 .text          0x0000000002014c48        0x0 /home/nrikee/devkitPro/devkitARM/bin/../lib/gcc/arm-none-eabi/4.9.2/../../../../arm-none-eabi/lib/libg.a(lib_a-environ.o)
 .text          0x0000000002014c48        0x8 /home/nrikee/devkitPro/devkitARM/bin/../lib/gcc/arm-none-eabi/4.9.2/../../../../arm-none-eabi/lib/libg.a(lib_a-envlock.o)
                0x0000000002014c48                __env_lock
                0x0000000002014c4c                __env_unlock
 .text          0x0000000002014c50      0x1c4 /home/nrikee/devkitPro/devkitARM/bin/../lib/gcc/arm-none-eabi/4.9.2/../../../../arm-none-eabi/lib/libsysbase.a(iosupport.o)
                0x0000000002014c50                setDefaultDevice
                0x0000000002014c68                FindDevice
                0x0000000002014d20                RemoveDevice
                0x0000000002014d50                AddDevice
                0x0000000002014dec                GetDeviceOpTab
 .text          0x0000000002014e14       0x74 /home/nrikee/devkitPro/devkitARM/bin/../lib/gcc/arm-none-eabi/4.9.2/../../../../arm-none-eabi/lib/libsysbase.a(close.o)
                0x0000000002014e14                _close_r
 .text          0x0000000002014e88       0x80 /home/nrikee/devkitPro/devkitARM/bin/../lib/gcc/arm-none-eabi/4.9.2/../../../../arm-none-eabi/lib/libsysbase.a(fstat.o)
                0x0000000002014e88                _fstat_r
 .text          0x0000000002014f08        0x8 /home/nrikee/devkitPro/devkitARM/bin/../lib/gcc/arm-none-eabi/4.9.2/../../../../arm-none-eabi/lib/libsysbase.a(isatty.o)
                0x0000000002014f08                _isatty_r
 .text          0x0000000002014f10       0x80 /home/nrikee/devkitPro/devkitARM/bin/../lib/gcc/arm-none-eabi/4.9.2/../../../../arm-none-eabi/lib/libsysbase.a(lseek.o)
                0x0000000002014f10                _lseek_r
 .text          0x0000000002014f90       0xd0 /home/nrikee/devkitPro/devkitARM/bin/../lib/gcc/arm-none-eabi/4.9.2/../../../../arm-none-eabi/lib/libsysbase.a(open.o)
                0x0000000002014f90                _open_r
 .text          0x0000000002015060       0x80 /home/nrikee/devkitPro/devkitARM/bin/../lib/gcc/arm-none-eabi/4.9.2/../../../../arm-none-eabi/lib/libsysbase.a(read.o)
                0x0000000002015060                _read_r
 .text          0x00000000020150e0       0x70 /home/nrikee/devkitPro/devkitARM/bin/../lib/gcc/arm-none-eabi/4.9.2/../../../../arm-none-eabi/lib/libsysbase.a(sbrk.o)
                0x00000000020150e0                _sbrk_r
 .text          0x0000000002015150       0x68 /home/nrikee/devkitPro/devkitARM/bin/../lib/gcc/arm-none-eabi/4.9.2/../../../../arm-none-eabi/lib/libsysbase.a(times.o)
                0x0000000002015150                _times
                0x000000000201516c                _times_r
                0x0000000002015174                _gettimeofday_r
 .text          0x00000000020151b8       0x84 /home/nrikee/devkitPro/devkitARM/bin/../lib/gcc/arm-none-eabi/4.9.2/../../../../arm-none-eabi/lib/libsysbase.a(write.o)
                0x00000000020151b8                _write_r
 .text          0x000000000201523c        0x0 /home/nrikee/devkitPro/devkitARM/bin/../lib/gcc/arm-none-eabi/4.9.2/../../../../arm-none-eabi/lib/libsysbase.a(malloc_vars.o)
 .text          0x000000000201523c       0x80 /home/nrikee/devkitPro/devkitARM/bin/../lib/gcc/arm-none-eabi/4.9.2/../../../../arm-none-eabi/lib/libsysbase.a(build_argv.o)
                0x000000000201523c                build_argv
 .text          0x00000000020152bc        0x0 /home/nrikee/devkitPro/devkitARM/bin/../lib/gcc/arm-none-eabi/4.9.2/../../../../arm-none-eabi/lib/libsysbase.a(syscall_support.o)
 .text          0x00000000020152bc       0xb0 /home/nrikee/devkitPro/devkitARM/bin/../lib/gcc/arm-none-eabi/4.9.2/../../../../arm-none-eabi/lib/libsysbase.a(handle_manager.o)
                0x00000000020152bc                __release_handle
                0x00000000020152f4                __alloc_handle
                0x0000000002015350                __get_handle
 .text          0x000000000201536c      0x114 /home/nrikee/devkitPro/devkitARM/bin/../lib/gcc/arm-none-eabi/4.9.2/libgcc.a(_udivsi3.o)
                0x000000000201536c                __udivsi3
                0x000000000201536c                __aeabi_uidiv
                0x0000000002015460                __aeabi_uidivmod
 .text          0x0000000002015480       0x3c /home/nrikee/devkitPro/devkitARM/bin/../lib/gcc/arm-none-eabi/4.9.2/libgcc.a(_aeabi_uldivmod.o)
                0x0000000002015480                __aeabi_uldivmod
 .text          0x00000000020154bc       0x84 /home/nrikee/devkitPro/devkitARM/bin/../lib/gcc/arm-none-eabi/4.9.2/libgcc.a(bpabi.o)
                0x00000000020154bc                __gnu_ldivmod_helper
                0x0000000002015500                __gnu_uldivmod_helper
 .text          0x0000000002015540      0x178 /home/nrikee/devkitPro/devkitARM/bin/../lib/gcc/arm-none-eabi/4.9.2/libgcc.a(_divdi3.o)
                0x0000000002015540                __divdi3
 .text          0x00000000020156b8      0x120 /home/nrikee/devkitPro/devkitARM/bin/../lib/gcc/arm-none-eabi/4.9.2/libgcc.a(_udivdi3.o)
                0x00000000020156b8                __udivdi3
 .text          0x00000000020157d8       0x28 /home/nrikee/devkitPro/devkitARM/bin/../lib/gcc/arm-none-eabi/4.9.2/libgcc.a(_clzdi2.o)
                0x00000000020157d8                __clzdi2
 .text          0x0000000002015800       0x48 /home/nrikee/devkitPro/devkitARM/bin/../lib/gcc/arm-none-eabi/4.9.2/libgcc.a(_clzsi2.o)
                0x0000000002015800                __clzsi2
 .text          0x0000000002015848       0x10 /home/nrikee/devkitPro/devkitARM/bin/../lib/gcc/arm-none-eabi/4.9.2/../../../../arm-none-eabi/lib/libg.a(lib_a-errno.o)
                0x0000000002015848                __errno
 .text          0x0000000002015858        0x0 /home/nrikee/devkitPro/devkitARM/bin/../lib/gcc/arm-none-eabi/4.9.2/crtend.o
 .text          0x0000000002015858        0x0 /home/nrikee/devkitPro/devkitARM/bin/../lib/gcc/arm-none-eabi/4.9.2/crtn.o
 *(.text.*)
 .text.startup  0x0000000002015858      0xa1c main.o
                0x0000000002015858                main
 *fill*         0x0000000002016274        0x4 ff
 .text.startup.__stub
                0x0000000002016278      0x138 linker stubs
 *(.stub)
 *(.gnu.warning)
 *(.gnu.linkonce.t*)
 *(.glue_7)
 .glue_7        0x0000000000000000        0x0 linker stubs
 *(.glue_7t)
 .glue_7t       0x0000000000000000        0x0 linker stubs
                0x00000000020163b0                . = ALIGN (0x4)

.vfp11_veneer   0x0000000002016400        0x0
 .vfp11_veneer  0x0000000000000000        0x0 linker stubs

.v4_bx          0x0000000002016400        0x0
 .v4_bx         0x0000000000000000        0x0 linker stubs

.iplt           0x0000000002016400        0x0
 .iplt          0x0000000000000000        0x0 /home/nrikee/devkitPro/devkitARM/bin/../lib/gcc/arm-none-eabi/4.9.2/../../../../arm-none-eabi/lib/ds_arm9_crt0.o

.fini           0x0000000002016400       0x18
 *(.fini)
 .fini          0x0000000002016400        0xc /home/nrikee/devkitPro/devkitARM/bin/../lib/gcc/arm-none-eabi/4.9.2/crti.o
                0x0000000002016400                _fini
 .fini          0x000000000201640c        0xc /home/nrikee/devkitPro/devkitARM/bin/../lib/gcc/arm-none-eabi/4.9.2/crtn.o
                0x0000000002016418                __text_end = .

.rodata         0x0000000002016418    0xbd0b4
 *(.rodata)
 .rodata        0x0000000002016418    0x7f540 soundbank.bin.o
                0x0000000002016418                soundbank_bin
                0x0000000002095954                soundbank_bin_end
                0x0000000002095954                soundbank_bin_size
 .rodata        0x0000000002095958     0x41cc back.o
                0x0000000002095958                backBitmap
 .rodata        0x0000000002099b24     0x52d0 blue.o
                0x0000000002099b24                blueBitmap
 .rodata        0x000000000209edf4     0x54ac chromeP2.o
                0x000000000209edf4                chromeP2Bitmap
 .rodata        0x00000000020a42a0     0x5f9c green.o
                0x00000000020a42a0                greenBitmap
 .rodata        0x00000000020aa23c     0x4f38 lose.o
                0x00000000020aa23c                loseBitmap
 .rodata        0x00000000020af174     0x48fc menu.o
                0x00000000020af174                menuBitmap
 .rodata        0x00000000020b3a70     0x50c4 portada.o
                0x00000000020b3a70                portadaBitmap
 .rodata        0x00000000020b8b34     0x5fa4 red.o
                0x00000000020b8b34                redBitmap
 .rodata        0x00000000020bead8     0x3670 topScreen.o
                0x00000000020bead8                topScreenBitmap
 .rodata        0x00000000020c2148     0x44ac win.o
                0x00000000020c2148                winBitmap
 .rodata        0x00000000020c65f4     0x6248 yellow.o
                0x00000000020c65f4                yellowBitmap
 .rodata        0x00000000020cc83c      0xc20 font.o
                0x00000000020cc83c                fontTiles
                0x00000000020cd43c                fontPal
 .rodata        0x00000000020cd45c       0x48 main.o
 .rodata        0x00000000020cd4a4      0x200 /home/nrikee/devkitPro/libnds/lib/libnds9.a(console.o)
 .rodata        0x00000000020cd6a4       0x14 /home/nrikee/devkitPro/libnds/lib/libnds9.a(decompress.o)
 .rodata        0x00000000020cd6b8      0x308 /home/nrikee/devkitPro/libnds/lib/libnds9.a(trig.o)
                0x00000000020cd6b8                SIN_LUT
                0x00000000020cd7bc                TAN_LUT
 .rodata        0x00000000020cd9c0     0x2004 /home/nrikee/devkitPro/libnds/lib/libnds9.a(default_font.bin.o)
                0x00000000020cd9c0                default_font_bin
                0x00000000020cf9c0                default_font_bin_end
                0x00000000020cf9c0                default_font_bin_size
 .rodata        0x00000000020cf9c4        0x4 /home/nrikee/devkitPro/devkitARM/bin/../lib/gcc/arm-none-eabi/4.9.2/../../../../arm-none-eabi/lib/libg.a(lib_a-impure.o)
                0x00000000020cf9c4                _global_impure_ptr
 .rodata        0x00000000020cf9c8       0x24 /home/nrikee/devkitPro/devkitARM/bin/../lib/gcc/arm-none-eabi/4.9.2/../../../../arm-none-eabi/lib/libg.a(lib_a-svfiscanf.o)
 .rodata        0x00000000020cf9ec       0x20 /home/nrikee/devkitPro/devkitARM/bin/../lib/gcc/arm-none-eabi/4.9.2/../../../../arm-none-eabi/lib/libg.a(lib_a-vfiprintf.o)
 .rodata        0x00000000020cfa0c      0x104 /home/nrikee/devkitPro/devkitARM/bin/../lib/gcc/arm-none-eabi/4.9.2/../../../../arm-none-eabi/lib/libg.a(lib_a-ctype_.o)
                0x00000000020cfa0c                _ctype_
 .rodata        0x00000000020cfb10     0x34d0 /home/nrikee/devkitPro/devkitARM/bin/../lib/gcc/arm-none-eabi/4.9.2/../../../../arm-none-eabi/lib/libg.a(lib_a-jp2uc.o)
 .rodata        0x00000000020d2fe0       0x1c /home/nrikee/devkitPro/devkitARM/bin/../lib/gcc/arm-none-eabi/4.9.2/../../../../arm-none-eabi/lib/libg.a(lib_a-locale.o)
 .rodata        0x00000000020d2ffc       0x90 /home/nrikee/devkitPro/devkitARM/bin/../lib/gcc/arm-none-eabi/4.9.2/../../../../arm-none-eabi/lib/libg.a(lib_a-mbtowc_r.o)
 .rodata        0x00000000020d308c      0x1f8 /home/nrikee/devkitPro/devkitARM/bin/../lib/gcc/arm-none-eabi/4.9.2/../../../../arm-none-eabi/lib/libg.a(lib_a-svfiprintf.o)
                0x00000000020d308c                __chclass
                0x00000000020d318c                __state_table
                0x00000000020d31f8                __action_table
 .rodata        0x00000000020d3284       0x64 /home/nrikee/devkitPro/devkitARM/bin/../lib/gcc/arm-none-eabi/4.9.2/../../../../arm-none-eabi/lib/libsysbase.a(iosupport.o)
                0x00000000020d3284                dotab_stdnull
 *all.rodata*(*)
 *(.roda)
 *(.rodata.*)
 .rodata.str1.4
                0x00000000020d32e8       0x31 main.o
                                         0x34 (size before relaxing)
 *fill*         0x00000000020d3319        0x3 ff
 .rodata.str1.4
                0x00000000020d331c       0x4c /home/nrikee/devkitPro/libnds/lib/libnds9.a(console.o)
 .rodata.str1.4
                0x00000000020d3368        0x2 /home/nrikee/devkitPro/devkitARM/bin/../lib/gcc/arm-none-eabi/4.9.2/../../../../arm-none-eabi/lib/libg.a(lib_a-impure.o)
                                          0x4 (size before relaxing)
 *fill*         0x00000000020d336a        0x2 ff
 .rodata.str1.4
                0x00000000020d336c       0x2f /home/nrikee/devkitPro/devkitARM/bin/../lib/gcc/arm-none-eabi/4.9.2/../../../../arm-none-eabi/lib/libg.a(lib_a-vfiprintf.o)
                                         0x30 (size before relaxing)
 *fill*         0x00000000020d339b        0x1 ff
 .rodata.str1.4
                0x00000000020d339c       0x12 /home/nrikee/devkitPro/devkitARM/bin/../lib/gcc/arm-none-eabi/4.9.2/../../../../arm-none-eabi/lib/libg.a(lib_a-jp2uc.o)
                                         0x14 (size before relaxing)
 *fill*         0x00000000020d33ae        0x2 ff
 .rodata.str1.4
                0x00000000020d33b0      0x112 /home/nrikee/devkitPro/devkitARM/bin/../lib/gcc/arm-none-eabi/4.9.2/../../../../arm-none-eabi/lib/libg.a(lib_a-locale.o)
                                        0x130 (size before relaxing)
 .rodata.str1.4
                0x0000000000000000        0x4 /home/nrikee/devkitPro/devkitARM/bin/../lib/gcc/arm-none-eabi/4.9.2/../../../../arm-none-eabi/lib/libg.a(lib_a-mbrtowc.o)
 .rodata.str1.4
                0x0000000000000000       0x30 /home/nrikee/devkitPro/devkitARM/bin/../lib/gcc/arm-none-eabi/4.9.2/../../../../arm-none-eabi/lib/libg.a(lib_a-svfiprintf.o)
 *fill*         0x00000000020d34c2        0x2 ff
 .rodata.str1.4
                0x00000000020d34c4        0x8 /home/nrikee/devkitPro/devkitARM/bin/../lib/gcc/arm-none-eabi/4.9.2/../../../../arm-none-eabi/lib/libsysbase.a(iosupport.o)
 *(.gnu.linkonce.r*)
                0x00000000020d34cc                . = ALIGN (0x4)

.rel.dyn        0x00000000020d34cc        0x0
 .rel.iplt      0x0000000000000000        0x0 /home/nrikee/devkitPro/devkitARM/bin/../lib/gcc/arm-none-eabi/4.9.2/../../../../arm-none-eabi/lib/ds_arm9_crt0.o

.ARM.extab
 *(.ARM.extab* .gnu.linkonce.armextab.*)
                0x00000000020d34cc                __exidx_start = .

ARM.exidx
 *(.ARM.exidx* .gnu.linkonce.armexidx.*)
                0x00000000020d34cc                __exidx_end = .
                0x00000000020d34cc                . = ALIGN (0x4)
                0x00000000020d34cc                PROVIDE (__preinit_array_start, .)

.preinit_array
 *(.preinit_array)
                0x00000000020d34cc                PROVIDE (__preinit_array_end, .)
                0x00000000020d34cc                PROVIDE (__init_array_start, .)

.init_array     0x00000000020d34cc        0x4
 *(SORT(.init_array.*))
 *(.init_array)
 .init_array    0x00000000020d34cc        0x4 /home/nrikee/devkitPro/devkitARM/bin/../lib/gcc/arm-none-eabi/4.9.2/crtbegin.o
                0x00000000020d34d0                PROVIDE (__init_array_end, .)
                0x00000000020d34d0                PROVIDE (__fini_array_start, .)

.fini_array     0x00000000020d34d0        0x4
 *(.fini_array)
 .fini_array    0x00000000020d34d0        0x4 /home/nrikee/devkitPro/devkitARM/bin/../lib/gcc/arm-none-eabi/4.9.2/crtbegin.o
 *(SORT(.fini_array.*))
                0x00000000020d34d4                PROVIDE (__fini_array_end, .)

.ctors          0x00000000020d34d4        0x0
 *crtbegin.o(.ctors)
 *(EXCLUDE_FILE(*crtend.o) .ctors)
 *(SORT(.ctors.*))
 *(.ctors)
                0x00000000020d34d4                . = ALIGN (0x4)

.dtors          0x00000000020d34d4        0x0
 *crtbegin.o(.dtors)
 *(EXCLUDE_FILE(*crtend.o) .dtors)
 *(SORT(.dtors.*))
 *(.dtors)
                0x00000000020d34d4                . = ALIGN (0x4)

.eh_frame       0x00000000020d34d4        0x4
 *(.eh_frame)
 .eh_frame      0x00000000020d34d4        0x0 /home/nrikee/devkitPro/devkitARM/bin/../lib/gcc/arm-none-eabi/4.9.2/crtbegin.o
 .eh_frame      0x00000000020d34d4        0x4 /home/nrikee/devkitPro/devkitARM/bin/../lib/gcc/arm-none-eabi/4.9.2/crtend.o
                0x00000000020d34d8                . = ALIGN (0x4)

.gcc_except_table
                0x00000000020d34d8        0x0
 *(.gcc_except_table)
                0x00000000020d34d8                . = ALIGN (0x4)

.jcr            0x00000000020d34d8        0x4
 *(.jcr)
 .jcr           0x00000000020d34d8        0x0 /home/nrikee/devkitPro/devkitARM/bin/../lib/gcc/arm-none-eabi/4.9.2/crtbegin.o
 .jcr           0x00000000020d34d8        0x4 /home/nrikee/devkitPro/devkitARM/bin/../lib/gcc/arm-none-eabi/4.9.2/crtend.o

.got
 *(.got.plt)
 *(.got)
 *(.rel.got)

.ewram          0x00000000020d34dc        0x0
                0x00000000020d34dc                __ewram_start = ABSOLUTE (.)
 *(.ewram)
 *ewram.*(.text)
                0x00000000020d34dc                . = ALIGN (0x4)

.data           0x00000000020d34dc      0xb04
                0x00000000020d34dc                __data_start = ABSOLUTE (.)
 *(.data)
 .data          0x00000000020d34dc        0x0 /home/nrikee/devkitPro/devkitARM/bin/../lib/gcc/arm-none-eabi/4.9.2/../../../../arm-none-eabi/lib/ds_arm9_crt0.o
 .data          0x00000000020d34dc        0x0 /home/nrikee/devkitPro/devkitARM/bin/../lib/gcc/arm-none-eabi/4.9.2/crti.o
 .data          0x00000000020d34dc        0x4 /home/nrikee/devkitPro/devkitARM/bin/../lib/gcc/arm-none-eabi/4.9.2/crtbegin.o
                0x00000000020d34dc                __dso_handle
 .data          0x00000000020d34e0        0x0 soundbank.bin.o
 .data          0x00000000020d34e0        0x0 back.o
 .data          0x00000000020d34e0        0x0 blue.o
 .data          0x00000000020d34e0        0x0 chromeP2.o
 .data          0x00000000020d34e0        0x0 green.o
 .data          0x00000000020d34e0        0x0 lose.o
 .data          0x00000000020d34e0        0x0 menu.o
 .data          0x00000000020d34e0        0x0 portada.o
 .data          0x00000000020d34e0        0x0 red.o
 .data          0x00000000020d34e0        0x0 topScreen.o
 .data          0x00000000020d34e0        0x0 win.o
 .data          0x00000000020d34e0        0x0 yellow.o
 .data          0x00000000020d34e0        0x0 font.o
 .data          0x00000000020d34e0        0xc main.o
                0x00000000020d34e0                minutes
                0x00000000020d34e4                length
                0x00000000020d34e8                correct
 .data          0x00000000020d34ec        0x0 mainMenu.o
 .data          0x00000000020d34ec        0x0 /home/nrikee/devkitPro/libnds/lib/libmm9.a(mm_comms.o)
 .data          0x00000000020d34ec        0x0 /home/nrikee/devkitPro/libnds/lib/libmm9.a(mm_main9.o)
 .data          0x00000000020d34ec        0x0 /home/nrikee/devkitPro/libnds/lib/libmm9.a(mm_memory.o)
 .data          0x00000000020d34ec        0x0 /home/nrikee/devkitPro/libnds/lib/libmm9.a(mm_soundbank.o)
 .data          0x00000000020d34ec        0x0 /home/nrikee/devkitPro/libnds/lib/libmm9.a(mm_flusher.o)
 .data          0x00000000020d34ec       0x60 /home/nrikee/devkitPro/libnds/lib/libnds9.a(background.o)
                0x00000000020d34ec                bgScrollTable
                0x00000000020d350c                bgTransform
                0x00000000020d352c                bgControl
 .data          0x00000000020d354c       0x64 /home/nrikee/devkitPro/libnds/lib/libnds9.a(console.o)
                0x00000000020d354c                currentConsole
                0x00000000020d3550                defaultConsole
 .data          0x00000000020d35b0        0xc /home/nrikee/devkitPro/libnds/lib/libnds9.a(decompress.o)
                0x00000000020d35b0                decomStream
 .data          0x00000000020d35bc        0x3 /home/nrikee/devkitPro/libnds/lib/libnds9.a(keys.o)
 .data          0x00000000020d35bf        0x0 /home/nrikee/devkitPro/libnds/lib/libnds9.a(touch.o)
 .data          0x00000000020d35bf        0x0 /home/nrikee/devkitPro/libnds/lib/libnds9.a(trig.o)
 .data          0x00000000020d35bf        0x0 /home/nrikee/devkitPro/libnds/lib/libnds9.a(initSystem.o)
 *fill*         0x00000000020d35bf        0x1 ff
 .data          0x00000000020d35c0       0x10 /home/nrikee/devkitPro/libnds/lib/libnds9.a(fifosystem.o)
                0x00000000020d35c0                fifo_buffer_free
                0x00000000020d35c4                fifo_freewords
                0x00000000020d35c8                fifo_send_queue
                0x00000000020d35cc                fifo_receive_queue
 .data          0x00000000020d35d0        0x0 /home/nrikee/devkitPro/libnds/lib/libnds9.a(interrupts.o)
 .data          0x00000000020d35d0        0x0 /home/nrikee/devkitPro/libnds/lib/libnds9.a(libnds_exit.arm.o)
 .data          0x00000000020d35d0        0x0 /home/nrikee/devkitPro/libnds/lib/libnds9.a(syscalls.o)
 .data          0x00000000020d35d0        0x0 /home/nrikee/devkitPro/libnds/lib/libnds9.a(timers.o)
 .data          0x00000000020d35d0        0x0 /home/nrikee/devkitPro/libnds/lib/libnds9.a(mpu_setup.o)
 .data          0x00000000020d35d0        0x0 /home/nrikee/devkitPro/libnds/lib/libnds9.a(biosCalls.o)
 .data          0x00000000020d35d0        0x0 /home/nrikee/devkitPro/libnds/lib/libnds9.a(debugprint.o)
 .data          0x00000000020d35d0        0x0 /home/nrikee/devkitPro/libnds/lib/libnds9.a(interruptDispatcher.o)
 .data          0x00000000020d35d0        0x0 /home/nrikee/devkitPro/libnds/lib/libnds9.a(swiSoftReset.o)
 .data          0x00000000020d35d0        0x0 /home/nrikee/devkitPro/libnds/lib/libnds9.a(default_font.bin.o)
 .data          0x00000000020d35d0        0x0 /home/nrikee/devkitPro/libnds/lib/libnds9.a(system.o)
 .data          0x00000000020d35d0        0x0 /home/nrikee/devkitPro/libnds/lib/libnds9.a(video.o)
 .data          0x00000000020d35d0        0x0 /home/nrikee/devkitPro/devkitARM/bin/../lib/gcc/arm-none-eabi/4.9.2/libgcc.a(_divsi3.o)
 .data          0x00000000020d35d0        0x0 /home/nrikee/devkitPro/devkitARM/bin/../lib/gcc/arm-none-eabi/4.9.2/libgcc.a(_dvmd_tls.o)
 .data          0x00000000020d35d0        0x0 /home/nrikee/devkitPro/devkitARM/bin/../lib/gcc/arm-none-eabi/4.9.2/../../../../arm-none-eabi/lib/libg.a(lib_a-bsearch.o)
 .data          0x00000000020d35d0        0x0 /home/nrikee/devkitPro/devkitARM/bin/../lib/gcc/arm-none-eabi/4.9.2/../../../../arm-none-eabi/lib/libg.a(lib_a-fclose.o)
 .data          0x00000000020d35d0        0x0 /home/nrikee/devkitPro/devkitARM/bin/../lib/gcc/arm-none-eabi/4.9.2/../../../../arm-none-eabi/lib/libg.a(lib_a-fflush.o)
 .data          0x00000000020d35d0        0x0 /home/nrikee/devkitPro/devkitARM/bin/../lib/gcc/arm-none-eabi/4.9.2/../../../../arm-none-eabi/lib/libg.a(lib_a-findfp.o)
 .data          0x00000000020d35d0        0x0 /home/nrikee/devkitPro/devkitARM/bin/../lib/gcc/arm-none-eabi/4.9.2/../../../../arm-none-eabi/lib/libg.a(lib_a-fopen.o)
 .data          0x00000000020d35d0        0x0 /home/nrikee/devkitPro/devkitARM/bin/../lib/gcc/arm-none-eabi/4.9.2/../../../../arm-none-eabi/lib/libg.a(lib_a-fread.o)
 .data          0x00000000020d35d0        0x0 /home/nrikee/devkitPro/devkitARM/bin/../lib/gcc/arm-none-eabi/4.9.2/../../../../arm-none-eabi/lib/libg.a(lib_a-freer.o)
 .data          0x00000000020d35d0        0x0 /home/nrikee/devkitPro/devkitARM/bin/../lib/gcc/arm-none-eabi/4.9.2/../../../../arm-none-eabi/lib/libg.a(lib_a-fseek.o)
 .data          0x00000000020d35d0        0x0 /home/nrikee/devkitPro/devkitARM/bin/../lib/gcc/arm-none-eabi/4.9.2/../../../../arm-none-eabi/lib/libg.a(lib_a-fseeko.o)
 .data          0x00000000020d35d0        0x0 /home/nrikee/devkitPro/devkitARM/bin/../lib/gcc/arm-none-eabi/4.9.2/../../../../arm-none-eabi/lib/libg.a(lib_a-fwalk.o)
 *fill*         0x00000000020d35d0        0x0 ff
 .data          0x00000000020d35d0      0x430 /home/nrikee/devkitPro/devkitARM/bin/../lib/gcc/arm-none-eabi/4.9.2/../../../../arm-none-eabi/lib/libg.a(lib_a-impure.o)
                0x00000000020d35d0                _impure_ptr
 .data          0x00000000020d3a00        0x0 /home/nrikee/devkitPro/devkitARM/bin/../lib/gcc/arm-none-eabi/4.9.2/../../../../arm-none-eabi/lib/libg.a(lib_a-init.o)
 .data          0x00000000020d3a00        0x0 /home/nrikee/devkitPro/devkitARM/bin/../lib/gcc/arm-none-eabi/4.9.2/../../../../arm-none-eabi/lib/libg.a(lib_a-iprintf.o)
 .data          0x00000000020d3a00        0x0 /home/nrikee/devkitPro/devkitARM/bin/../lib/gcc/arm-none-eabi/4.9.2/../../../../arm-none-eabi/lib/libg.a(lib_a-makebuf.o)
 .data          0x00000000020d3a00        0x0 /home/nrikee/devkitPro/devkitARM/bin/../lib/gcc/arm-none-eabi/4.9.2/../../../../arm-none-eabi/lib/libg.a(lib_a-malloc.o)
 .data          0x00000000020d3a00      0x410 /home/nrikee/devkitPro/devkitARM/bin/../lib/gcc/arm-none-eabi/4.9.2/../../../../arm-none-eabi/lib/libg.a(lib_a-mallocr.o)
                0x00000000020d3a00                __malloc_av_
                0x00000000020d3e08                __malloc_sbrk_base
                0x00000000020d3e0c                __malloc_trim_threshold
 .data          0x00000000020d3e10        0x0 /home/nrikee/devkitPro/devkitARM/bin/../lib/gcc/arm-none-eabi/4.9.2/../../../../arm-none-eabi/lib/libg.a(lib_a-memcpy-stub.o)
 .data          0x00000000020d3e10        0x0 /home/nrikee/devkitPro/devkitARM/bin/../lib/gcc/arm-none-eabi/4.9.2/../../../../arm-none-eabi/lib/libg.a(lib_a-memset.o)
 .data          0x00000000020d3e10        0x0 /home/nrikee/devkitPro/devkitARM/bin/../lib/gcc/arm-none-eabi/4.9.2/../../../../arm-none-eabi/lib/libg.a(lib_a-mlock.o)
 .data          0x00000000020d3e10        0x0 /home/nrikee/devkitPro/devkitARM/bin/../lib/gcc/arm-none-eabi/4.9.2/../../../../arm-none-eabi/lib/libg.a(lib_a-rand.o)
 .data          0x00000000020d3e10        0x0 /home/nrikee/devkitPro/devkitARM/bin/../lib/gcc/arm-none-eabi/4.9.2/../../../../arm-none-eabi/lib/libg.a(lib_a-refill.o)
 .data          0x00000000020d3e10        0x0 /home/nrikee/devkitPro/devkitARM/bin/../lib/gcc/arm-none-eabi/4.9.2/../../../../arm-none-eabi/lib/libg.a(lib_a-setvbuf.o)
 .data          0x00000000020d3e10        0x0 /home/nrikee/devkitPro/devkitARM/bin/../lib/gcc/arm-none-eabi/4.9.2/../../../../arm-none-eabi/lib/libg.a(lib_a-siscanf.o)
 .data          0x00000000020d3e10        0x0 /home/nrikee/devkitPro/devkitARM/bin/../lib/gcc/arm-none-eabi/4.9.2/../../../../arm-none-eabi/lib/libg.a(lib_a-stdio.o)
 .data          0x00000000020d3e10        0x0 /home/nrikee/devkitPro/devkitARM/bin/../lib/gcc/arm-none-eabi/4.9.2/../../../../arm-none-eabi/lib/libg.a(lib_a-strlen.o)
 .data          0x00000000020d3e10        0x0 /home/nrikee/devkitPro/devkitARM/bin/../lib/gcc/arm-none-eabi/4.9.2/../../../../arm-none-eabi/lib/libg.a(lib_a-svfiscanf.o)
 .data          0x00000000020d3e10        0x0 /home/nrikee/devkitPro/devkitARM/bin/../lib/gcc/arm-none-eabi/4.9.2/../../../../arm-none-eabi/lib/libg.a(lib_a-ungetc.o)
 .data          0x00000000020d3e10        0x0 /home/nrikee/devkitPro/devkitARM/bin/../lib/gcc/arm-none-eabi/4.9.2/../../../../arm-none-eabi/lib/libg.a(lib_a-vfiprintf.o)
 .data          0x00000000020d3e10        0x0 /home/nrikee/devkitPro/devkitARM/bin/../lib/gcc/arm-none-eabi/4.9.2/../../../../arm-none-eabi/lib/libg.a(lib_a-wcrtomb.o)
 .data          0x00000000020d3e10        0x0 /home/nrikee/devkitPro/devkitARM/bin/../lib/gcc/arm-none-eabi/4.9.2/../../../../arm-none-eabi/lib/libg.a(lib_a-wcsrtombs.o)
 .data          0x00000000020d3e10        0x4 /home/nrikee/devkitPro/devkitARM/bin/../lib/gcc/arm-none-eabi/4.9.2/../../../../arm-none-eabi/lib/libg.a(lib_a-wctomb_r.o)
                0x00000000020d3e10                __wctomb
 .data          0x00000000020d3e14        0x0 /home/nrikee/devkitPro/devkitARM/bin/../lib/gcc/arm-none-eabi/4.9.2/../../../../arm-none-eabi/lib/libg.a(lib_a-wsetup.o)
 .data          0x00000000020d3e14        0x4 /home/nrikee/devkitPro/devkitARM/bin/../lib/gcc/arm-none-eabi/4.9.2/../../../../arm-none-eabi/lib/libg.a(lib_a-ctype_.o)
                0x00000000020d3e14                __ctype_ptr__
 .data          0x00000000020d3e18        0x0 /home/nrikee/devkitPro/devkitARM/bin/../lib/gcc/arm-none-eabi/4.9.2/../../../../arm-none-eabi/lib/libg.a(lib_a-flags.o)
 .data          0x00000000020d3e18        0x0 /home/nrikee/devkitPro/devkitARM/bin/../lib/gcc/arm-none-eabi/4.9.2/../../../../arm-none-eabi/lib/libg.a(lib_a-fputwc.o)
 .data          0x00000000020d3e18        0x0 /home/nrikee/devkitPro/devkitARM/bin/../lib/gcc/arm-none-eabi/4.9.2/../../../../arm-none-eabi/lib/libg.a(lib_a-fvwrite.o)
 .data          0x00000000020d3e18        0x0 /home/nrikee/devkitPro/devkitARM/bin/../lib/gcc/arm-none-eabi/4.9.2/../../../../arm-none-eabi/lib/libg.a(lib_a-iswspace.o)
 .data          0x00000000020d3e18        0x0 /home/nrikee/devkitPro/devkitARM/bin/../lib/gcc/arm-none-eabi/4.9.2/../../../../arm-none-eabi/lib/libg.a(lib_a-jp2uc.o)
 .data          0x00000000020d3e18      0x17c /home/nrikee/devkitPro/devkitARM/bin/../lib/gcc/arm-none-eabi/4.9.2/../../../../arm-none-eabi/lib/libg.a(lib_a-locale.o)
                0x00000000020d3e18                __default_locale
                0x00000000020d3f38                __mb_cur_max
 .data          0x00000000020d3f94        0x0 /home/nrikee/devkitPro/devkitARM/bin/../lib/gcc/arm-none-eabi/4.9.2/../../../../arm-none-eabi/lib/libg.a(lib_a-mbrtowc.o)
 .data          0x00000000020d3f94        0x4 /home/nrikee/devkitPro/devkitARM/bin/../lib/gcc/arm-none-eabi/4.9.2/../../../../arm-none-eabi/lib/libg.a(lib_a-mbtowc_r.o)
                0x00000000020d3f94                __mbtowc
 .data          0x00000000020d3f98        0x0 /home/nrikee/devkitPro/devkitARM/bin/../lib/gcc/arm-none-eabi/4.9.2/../../../../arm-none-eabi/lib/libg.a(lib_a-memchr-stub.o)
 .data          0x00000000020d3f98        0x0 /home/nrikee/devkitPro/devkitARM/bin/../lib/gcc/arm-none-eabi/4.9.2/../../../../arm-none-eabi/lib/libg.a(lib_a-memmove.o)
 .data          0x00000000020d3f98        0x0 /home/nrikee/devkitPro/devkitARM/bin/../lib/gcc/arm-none-eabi/4.9.2/../../../../arm-none-eabi/lib/libg.a(lib_a-reallocr.o)
 .data          0x00000000020d3f98        0x0 /home/nrikee/devkitPro/devkitARM/bin/../lib/gcc/arm-none-eabi/4.9.2/../../../../arm-none-eabi/lib/libg.a(lib_a-sccl.o)
 .data          0x00000000020d3f98        0x0 /home/nrikee/devkitPro/devkitARM/bin/../lib/gcc/arm-none-eabi/4.9.2/../../../../arm-none-eabi/lib/libg.a(lib_a-strcasecmp.o)
 .data          0x00000000020d3f98        0x0 /home/nrikee/devkitPro/devkitARM/bin/../lib/gcc/arm-none-eabi/4.9.2/../../../../arm-none-eabi/lib/libg.a(lib_a-strcat.o)
 .data          0x00000000020d3f98        0x0 /home/nrikee/devkitPro/devkitARM/bin/../lib/gcc/arm-none-eabi/4.9.2/../../../../arm-none-eabi/lib/libg.a(lib_a-strchr.o)
 .data          0x00000000020d3f98        0x0 /home/nrikee/devkitPro/devkitARM/bin/../lib/gcc/arm-none-eabi/4.9.2/../../../../arm-none-eabi/lib/libg.a(lib_a-strcmp.o)
 .data          0x00000000020d3f98        0x0 /home/nrikee/devkitPro/devkitARM/bin/../lib/gcc/arm-none-eabi/4.9.2/../../../../arm-none-eabi/lib/libg.a(lib_a-strcpy.o)
 .data          0x00000000020d3f98        0x0 /home/nrikee/devkitPro/devkitARM/bin/../lib/gcc/arm-none-eabi/4.9.2/../../../../arm-none-eabi/lib/libg.a(lib_a-strlcpy.o)
 .data          0x00000000020d3f98        0x0 /home/nrikee/devkitPro/devkitARM/bin/../lib/gcc/arm-none-eabi/4.9.2/../../../../arm-none-eabi/lib/libg.a(lib_a-strncasecmp.o)
 .data          0x00000000020d3f98        0x0 /home/nrikee/devkitPro/devkitARM/bin/../lib/gcc/arm-none-eabi/4.9.2/../../../../arm-none-eabi/lib/libg.a(lib_a-strncmp.o)
 .data          0x00000000020d3f98        0x0 /home/nrikee/devkitPro/devkitARM/bin/../lib/gcc/arm-none-eabi/4.9.2/../../../../arm-none-eabi/lib/libg.a(lib_a-strncpy.o)
 .data          0x00000000020d3f98        0x0 /home/nrikee/devkitPro/devkitARM/bin/../lib/gcc/arm-none-eabi/4.9.2/../../../../arm-none-eabi/lib/libg.a(lib_a-strtoll_r.o)
 .data          0x00000000020d3f98        0x0 /home/nrikee/devkitPro/devkitARM/bin/../lib/gcc/arm-none-eabi/4.9.2/../../../../arm-none-eabi/lib/libg.a(lib_a-strtol.o)
 .data          0x00000000020d3f98        0x0 /home/nrikee/devkitPro/devkitARM/bin/../lib/gcc/arm-none-eabi/4.9.2/../../../../arm-none-eabi/lib/libg.a(lib_a-strtoull_r.o)
 .data          0x00000000020d3f98        0x0 /home/nrikee/devkitPro/devkitARM/bin/../lib/gcc/arm-none-eabi/4.9.2/../../../../arm-none-eabi/lib/libg.a(lib_a-strtoul.o)
 .data          0x00000000020d3f98        0x0 /home/nrikee/devkitPro/devkitARM/bin/../lib/gcc/arm-none-eabi/4.9.2/../../../../arm-none-eabi/lib/libg.a(lib_a-svfiprintf.o)
 .data          0x00000000020d3f98        0x0 /home/nrikee/devkitPro/devkitARM/bin/../lib/gcc/arm-none-eabi/4.9.2/../../../../arm-none-eabi/lib/libg.a(lib_a-wbuf.o)
 .data          0x00000000020d3f98        0x0 /home/nrikee/devkitPro/devkitARM/bin/../lib/gcc/arm-none-eabi/4.9.2/../../../../arm-none-eabi/lib/libg.a(lib_a-wcsnrtombs.o)
 .data          0x00000000020d3f98        0x0 /home/nrikee/devkitPro/devkitARM/bin/../lib/gcc/arm-none-eabi/4.9.2/../../../../arm-none-eabi/lib/libg.a(lib_a-getenv_r.o)
 .data          0x00000000020d3f98        0x4 /home/nrikee/devkitPro/devkitARM/bin/../lib/gcc/arm-none-eabi/4.9.2/../../../../arm-none-eabi/lib/libg.a(lib_a-environ.o)
                0x00000000020d3f98                environ
 .data          0x00000000020d3f9c        0x0 /home/nrikee/devkitPro/devkitARM/bin/../lib/gcc/arm-none-eabi/4.9.2/../../../../arm-none-eabi/lib/libg.a(lib_a-envlock.o)
 .data          0x00000000020d3f9c       0x44 /home/nrikee/devkitPro/devkitARM/bin/../lib/gcc/arm-none-eabi/4.9.2/../../../../arm-none-eabi/lib/libsysbase.a(iosupport.o)
                0x00000000020d3fa0                devoptab_list
 .data          0x00000000020d3fe0        0x0 /home/nrikee/devkitPro/devkitARM/bin/../lib/gcc/arm-none-eabi/4.9.2/../../../../arm-none-eabi/lib/libsysbase.a(close.o)
 .data          0x00000000020d3fe0        0x0 /home/nrikee/devkitPro/devkitARM/bin/../lib/gcc/arm-none-eabi/4.9.2/../../../../arm-none-eabi/lib/libsysbase.a(fstat.o)
 .data          0x00000000020d3fe0        0x0 /home/nrikee/devkitPro/devkitARM/bin/../lib/gcc/arm-none-eabi/4.9.2/../../../../arm-none-eabi/lib/libsysbase.a(isatty.o)
 .data          0x00000000020d3fe0        0x0 /home/nrikee/devkitPro/devkitARM/bin/../lib/gcc/arm-none-eabi/4.9.2/../../../../arm-none-eabi/lib/libsysbase.a(lseek.o)
 .data          0x00000000020d3fe0        0x0 /home/nrikee/devkitPro/devkitARM/bin/../lib/gcc/arm-none-eabi/4.9.2/../../../../arm-none-eabi/lib/libsysbase.a(open.o)
 .data          0x00000000020d3fe0        0x0 /home/nrikee/devkitPro/devkitARM/bin/../lib/gcc/arm-none-eabi/4.9.2/../../../../arm-none-eabi/lib/libsysbase.a(read.o)
 .data          0x00000000020d3fe0        0x0 /home/nrikee/devkitPro/devkitARM/bin/../lib/gcc/arm-none-eabi/4.9.2/../../../../arm-none-eabi/lib/libsysbase.a(sbrk.o)
 .data          0x00000000020d3fe0        0x0 /home/nrikee/devkitPro/devkitARM/bin/../lib/gcc/arm-none-eabi/4.9.2/../../../../arm-none-eabi/lib/libsysbase.a(times.o)
 .data          0x00000000020d3fe0        0x0 /home/nrikee/devkitPro/devkitARM/bin/../lib/gcc/arm-none-eabi/4.9.2/../../../../arm-none-eabi/lib/libsysbase.a(write.o)
 .data          0x00000000020d3fe0        0x0 /home/nrikee/devkitPro/devkitARM/bin/../lib/gcc/arm-none-eabi/4.9.2/../../../../arm-none-eabi/lib/libsysbase.a(malloc_vars.o)
 .data          0x00000000020d3fe0        0x0 /home/nrikee/devkitPro/devkitARM/bin/../lib/gcc/arm-none-eabi/4.9.2/../../../../arm-none-eabi/lib/libsysbase.a(build_argv.o)
 .data          0x00000000020d3fe0        0x0 /home/nrikee/devkitPro/devkitARM/bin/../lib/gcc/arm-none-eabi/4.9.2/../../../../arm-none-eabi/lib/libsysbase.a(syscall_support.o)
 .data          0x00000000020d3fe0        0x0 /home/nrikee/devkitPro/devkitARM/bin/../lib/gcc/arm-none-eabi/4.9.2/../../../../arm-none-eabi/lib/libsysbase.a(handle_manager.o)
 .data          0x00000000020d3fe0        0x0 /home/nrikee/devkitPro/devkitARM/bin/../lib/gcc/arm-none-eabi/4.9.2/libgcc.a(_udivsi3.o)
 .data          0x00000000020d3fe0        0x0 /home/nrikee/devkitPro/devkitARM/bin/../lib/gcc/arm-none-eabi/4.9.2/libgcc.a(_aeabi_uldivmod.o)
 .data          0x00000000020d3fe0        0x0 /home/nrikee/devkitPro/devkitARM/bin/../lib/gcc/arm-none-eabi/4.9.2/libgcc.a(bpabi.o)
 .data          0x00000000020d3fe0        0x0 /home/nrikee/devkitPro/devkitARM/bin/../lib/gcc/arm-none-eabi/4.9.2/libgcc.a(_divdi3.o)
 .data          0x00000000020d3fe0        0x0 /home/nrikee/devkitPro/devkitARM/bin/../lib/gcc/arm-none-eabi/4.9.2/libgcc.a(_udivdi3.o)
 .data          0x00000000020d3fe0        0x0 /home/nrikee/devkitPro/devkitARM/bin/../lib/gcc/arm-none-eabi/4.9.2/libgcc.a(_clzdi2.o)
 .data          0x00000000020d3fe0        0x0 /home/nrikee/devkitPro/devkitARM/bin/../lib/gcc/arm-none-eabi/4.9.2/libgcc.a(_clzsi2.o)
 .data          0x00000000020d3fe0        0x0 /home/nrikee/devkitPro/devkitARM/bin/../lib/gcc/arm-none-eabi/4.9.2/../../../../arm-none-eabi/lib/libg.a(lib_a-errno.o)
 .data          0x00000000020d3fe0        0x0 /home/nrikee/devkitPro/devkitARM/bin/../lib/gcc/arm-none-eabi/4.9.2/crtend.o
 .data          0x00000000020d3fe0        0x0 /home/nrikee/devkitPro/devkitARM/bin/../lib/gcc/arm-none-eabi/4.9.2/crtn.o
 *(.data.*)
 *(.gnu.linkonce.d*)
                0x00000000020d3fe0                . = ALIGN (0x4)
                0x00000000020d3fe0                __data_end = ABSOLUTE (.)
                0x00000000020d3fe0                __dtcm_lma = .
                0x00000000020d3fe0                __bss_vma = .

.igot.plt       0x00000000020d3fe0        0x0
 .igot.plt      0x0000000000000000        0x0 /home/nrikee/devkitPro/devkitARM/bin/../lib/gcc/arm-none-eabi/4.9.2/../../../../arm-none-eabi/lib/ds_arm9_crt0.o

.tm_clone_table
                0x00000000020d3fe0        0x0
 .tm_clone_table
                0x00000000020d3fe0        0x0 /home/nrikee/devkitPro/devkitARM/bin/../lib/gcc/arm-none-eabi/4.9.2/crtbegin.o
 .tm_clone_table
                0x00000000020d3fe0        0x0 /home/nrikee/devkitPro/devkitARM/bin/../lib/gcc/arm-none-eabi/4.9.2/crtend.o

.dtcm           0x000000000b000000        0x0 load address 0x00000000020d3fe0
 *(.dtcm)
 *(.dtcm.*)
                0x000000000b000000                . = ALIGN (0x4)
                0x000000000b000000                __dtcm_end = ABSOLUTE (.)
                0x00000000020d3fe0                __itcm_lma = (__dtcm_lma + SIZEOF (.dtcm))

.itcm           0x0000000001000100      0x194 load address 0x00000000020d3fe0
 *(.itcm)
 .itcm          0x0000000001000100       0xc8 /home/nrikee/devkitPro/libnds/lib/libnds9.a(interrupts.o)
                0x0000000001000100                irqTable
 .itcm          0x00000000010001c8       0xcc /home/nrikee/devkitPro/libnds/lib/libnds9.a(interruptDispatcher.o)
                0x00000000010001c8                IntrMain
 *itcm.*(.text)
                0x0000000001000294                . = ALIGN (0x4)
                0x0000000001000294                __itcm_end = ABSOLUTE (.)
                0x00000000020d4174                __vectors_lma = (__itcm_lma + SIZEOF (.itcm))

.vectors        0x0000000001000000        0x0 load address 0x00000000020d4174
 *(.vectors)
 *vectors.*(.text)
                0x0000000001000000                . = ALIGN (0x4)
                0x0000000001000000                __vectors_end = ABSOLUTE (.)

.sbss           0x000000000b000000        0x0
                0x000000000b000000                __sbss_start = ABSOLUTE (.)
                0x000000000b000000                __sbss_start__ = ABSOLUTE (.)
 *(.sbss)
                0x000000000b000000                . = ALIGN (0x4)
                0x000000000b000000                __sbss_end = ABSOLUTE (.)

.bss            0x00000000020d3fe0     0x1fbc
                0x00000000020d3fe0                __bss_start = ABSOLUTE (.)
                0x00000000020d3fe0                __bss_start__ = ABSOLUTE (.)
 *(.dynbss)
 *(.gnu.linkonce.b*)
 *(.bss*)
 .bss           0x00000000020d3fe0        0x0 /home/nrikee/devkitPro/devkitARM/bin/../lib/gcc/arm-none-eabi/4.9.2/../../../../arm-none-eabi/lib/ds_arm9_crt0.o
 .bss           0x00000000020d3fe0        0x0 /home/nrikee/devkitPro/devkitARM/bin/../lib/gcc/arm-none-eabi/4.9.2/crti.o
 .bss           0x00000000020d3fe0       0x1c /home/nrikee/devkitPro/devkitARM/bin/../lib/gcc/arm-none-eabi/4.9.2/crtbegin.o
 .bss           0x00000000020d3ffc        0x0 soundbank.bin.o
 .bss           0x00000000020d3ffc        0x0 back.o
 .bss           0x00000000020d3ffc        0x0 blue.o
 .bss           0x00000000020d3ffc        0x0 chromeP2.o
 .bss           0x00000000020d3ffc        0x0 green.o
 .bss           0x00000000020d3ffc        0x0 lose.o
 .bss           0x00000000020d3ffc        0x0 menu.o
 .bss           0x00000000020d3ffc        0x0 portada.o
 .bss           0x00000000020d3ffc        0x0 red.o
 .bss           0x00000000020d3ffc        0x0 topScreen.o
 .bss           0x00000000020d3ffc        0x0 win.o
 .bss           0x00000000020d3ffc        0x0 yellow.o
 .bss           0x00000000020d3ffc        0x0 font.o
 .bss           0x00000000020d3ffc        0xc main.o
                0x00000000020d3ffc                seconds
                0x00000000020d4000                end
                0x00000000020d4004                last
 .bss           0x00000000020d4008        0x0 mainMenu.o
 .bss           0x00000000020d4008       0x18 /home/nrikee/devkitPro/libnds/lib/libmm9.a(mm_comms.o)
 .bss           0x00000000020d4020       0x1c /home/nrikee/devkitPro/libnds/lib/libmm9.a(mm_main9.o)
                0x00000000020d4020                mmcbMemory
                0x00000000020d4024                mmModuleCount
                0x00000000020d4028                mmSampleCount
                0x00000000020d402c                mmModuleBank
                0x00000000020d402c                mmMemoryBank
                0x00000000020d4030                mmSampleBank
                0x00000000020d4034                mmCallback
                0x00000000020d4038                mmActiveStatus
 .bss           0x00000000020d403c        0x0 /home/nrikee/devkitPro/libnds/lib/libmm9.a(mm_memory.o)
 .bss           0x00000000020d403c       0x44 /home/nrikee/devkitPro/libnds/lib/libmm9.a(mm_soundbank.o)
 .bss           0x00000000020d4080        0x0 /home/nrikee/devkitPro/libnds/lib/libmm9.a(mm_flusher.o)
 .bss           0x00000000020d4080        0x0 /home/nrikee/devkitPro/libnds/lib/libnds9.a(background.o)
 .bss           0x00000000020d4080        0x0 /home/nrikee/devkitPro/libnds/lib/libnds9.a(console.o)
 .bss           0x00000000020d4080        0x0 /home/nrikee/devkitPro/libnds/lib/libnds9.a(decompress.o)
 .bss           0x00000000020d4080        0x6 /home/nrikee/devkitPro/libnds/lib/libnds9.a(keys.o)
 .bss           0x00000000020d4086        0x0 /home/nrikee/devkitPro/libnds/lib/libnds9.a(touch.o)
 .bss           0x00000000020d4086        0x0 /home/nrikee/devkitPro/libnds/lib/libnds9.a(trig.o)
 .bss           0x00000000020d4086        0x0 /home/nrikee/devkitPro/libnds/lib/libnds9.a(initSystem.o)
 *fill*         0x00000000020d4086        0x2 
 .bss           0x00000000020d4088        0x8 /home/nrikee/devkitPro/libnds/lib/libnds9.a(fifosystem.o)
                0x00000000020d408c                processing
 .bss           0x00000000020d4090        0x0 /home/nrikee/devkitPro/libnds/lib/libnds9.a(interrupts.o)
 .bss           0x00000000020d4090        0x0 /home/nrikee/devkitPro/libnds/lib/libnds9.a(libnds_exit.arm.o)
 .bss           0x00000000020d4090        0x0 /home/nrikee/devkitPro/libnds/lib/libnds9.a(syscalls.o)
 .bss           0x00000000020d4090        0xc /home/nrikee/devkitPro/libnds/lib/libnds9.a(timers.o)
                0x00000000020d4090                elapsed
 .bss           0x00000000020d409c        0x0 /home/nrikee/devkitPro/libnds/lib/libnds9.a(mpu_setup.o)
 .bss           0x00000000020d409c        0x0 /home/nrikee/devkitPro/libnds/lib/libnds9.a(biosCalls.o)
 .bss           0x00000000020d409c        0x0 /home/nrikee/devkitPro/libnds/lib/libnds9.a(debugprint.o)
 .bss           0x00000000020d409c        0x0 /home/nrikee/devkitPro/libnds/lib/libnds9.a(interruptDispatcher.o)
 .bss           0x00000000020d409c        0x0 /home/nrikee/devkitPro/libnds/lib/libnds9.a(swiSoftReset.o)
 .bss           0x00000000020d409c        0x0 /home/nrikee/devkitPro/libnds/lib/libnds9.a(default_font.bin.o)
 .bss           0x00000000020d409c        0x4 /home/nrikee/devkitPro/libnds/lib/libnds9.a(system.o)
 .bss           0x00000000020d40a0        0x0 /home/nrikee/devkitPro/libnds/lib/libnds9.a(video.o)
 .bss           0x00000000020d40a0        0x0 /home/nrikee/devkitPro/devkitARM/bin/../lib/gcc/arm-none-eabi/4.9.2/libgcc.a(_divsi3.o)
 .bss           0x00000000020d40a0        0x0 /home/nrikee/devkitPro/devkitARM/bin/../lib/gcc/arm-none-eabi/4.9.2/libgcc.a(_dvmd_tls.o)
 .bss           0x00000000020d40a0        0x0 /home/nrikee/devkitPro/devkitARM/bin/../lib/gcc/arm-none-eabi/4.9.2/../../../../arm-none-eabi/lib/libg.a(lib_a-bsearch.o)
 .bss           0x00000000020d40a0        0x0 /home/nrikee/devkitPro/devkitARM/bin/../lib/gcc/arm-none-eabi/4.9.2/../../../../arm-none-eabi/lib/libg.a(lib_a-fclose.o)
 .bss           0x00000000020d40a0        0x0 /home/nrikee/devkitPro/devkitARM/bin/../lib/gcc/arm-none-eabi/4.9.2/../../../../arm-none-eabi/lib/libg.a(lib_a-fflush.o)
 .bss           0x00000000020d40a0        0x0 /home/nrikee/devkitPro/devkitARM/bin/../lib/gcc/arm-none-eabi/4.9.2/../../../../arm-none-eabi/lib/libg.a(lib_a-findfp.o)
 .bss           0x00000000020d40a0        0x0 /home/nrikee/devkitPro/devkitARM/bin/../lib/gcc/arm-none-eabi/4.9.2/../../../../arm-none-eabi/lib/libg.a(lib_a-fopen.o)
 .bss           0x00000000020d40a0        0x0 /home/nrikee/devkitPro/devkitARM/bin/../lib/gcc/arm-none-eabi/4.9.2/../../../../arm-none-eabi/lib/libg.a(lib_a-fread.o)
 .bss           0x00000000020d40a0        0x0 /home/nrikee/devkitPro/devkitARM/bin/../lib/gcc/arm-none-eabi/4.9.2/../../../../arm-none-eabi/lib/libg.a(lib_a-freer.o)
 .bss           0x00000000020d40a0        0x0 /home/nrikee/devkitPro/devkitARM/bin/../lib/gcc/arm-none-eabi/4.9.2/../../../../arm-none-eabi/lib/libg.a(lib_a-fseek.o)
 .bss           0x00000000020d40a0        0x0 /home/nrikee/devkitPro/devkitARM/bin/../lib/gcc/arm-none-eabi/4.9.2/../../../../arm-none-eabi/lib/libg.a(lib_a-fseeko.o)
 .bss           0x00000000020d40a0        0x0 /home/nrikee/devkitPro/devkitARM/bin/../lib/gcc/arm-none-eabi/4.9.2/../../../../arm-none-eabi/lib/libg.a(lib_a-fwalk.o)
 .bss           0x00000000020d40a0        0x0 /home/nrikee/devkitPro/devkitARM/bin/../lib/gcc/arm-none-eabi/4.9.2/../../../../arm-none-eabi/lib/libg.a(lib_a-impure.o)
 .bss           0x00000000020d40a0        0x0 /home/nrikee/devkitPro/devkitARM/bin/../lib/gcc/arm-none-eabi/4.9.2/../../../../arm-none-eabi/lib/libg.a(lib_a-init.o)
 .bss           0x00000000020d40a0        0x0 /home/nrikee/devkitPro/devkitARM/bin/../lib/gcc/arm-none-eabi/4.9.2/../../../../arm-none-eabi/lib/libg.a(lib_a-iprintf.o)
 .bss           0x00000000020d40a0        0x0 /home/nrikee/devkitPro/devkitARM/bin/../lib/gcc/arm-none-eabi/4.9.2/../../../../arm-none-eabi/lib/libg.a(lib_a-makebuf.o)
 .bss           0x00000000020d40a0        0x0 /home/nrikee/devkitPro/devkitARM/bin/../lib/gcc/arm-none-eabi/4.9.2/../../../../arm-none-eabi/lib/libg.a(lib_a-malloc.o)
 .bss           0x00000000020d40a0       0x34 /home/nrikee/devkitPro/devkitARM/bin/../lib/gcc/arm-none-eabi/4.9.2/../../../../arm-none-eabi/lib/libg.a(lib_a-mallocr.o)
                0x00000000020d40a0                __malloc_top_pad
                0x00000000020d40a4                __malloc_current_mallinfo
                0x00000000020d40cc                __malloc_max_sbrked_mem
                0x00000000020d40d0                __malloc_max_total_mem
 .bss           0x00000000020d40d4        0x0 /home/nrikee/devkitPro/devkitARM/bin/../lib/gcc/arm-none-eabi/4.9.2/../../../../arm-none-eabi/lib/libg.a(lib_a-memcpy-stub.o)
 .bss           0x00000000020d40d4        0x0 /home/nrikee/devkitPro/devkitARM/bin/../lib/gcc/arm-none-eabi/4.9.2/../../../../arm-none-eabi/lib/libg.a(lib_a-memset.o)
 .bss           0x00000000020d40d4        0x0 /home/nrikee/devkitPro/devkitARM/bin/../lib/gcc/arm-none-eabi/4.9.2/../../../../arm-none-eabi/lib/libg.a(lib_a-mlock.o)
 .bss           0x00000000020d40d4        0x0 /home/nrikee/devkitPro/devkitARM/bin/../lib/gcc/arm-none-eabi/4.9.2/../../../../arm-none-eabi/lib/libg.a(lib_a-rand.o)
 .bss           0x00000000020d40d4        0x0 /home/nrikee/devkitPro/devkitARM/bin/../lib/gcc/arm-none-eabi/4.9.2/../../../../arm-none-eabi/lib/libg.a(lib_a-refill.o)
 .bss           0x00000000020d40d4        0x0 /home/nrikee/devkitPro/devkitARM/bin/../lib/gcc/arm-none-eabi/4.9.2/../../../../arm-none-eabi/lib/libg.a(lib_a-setvbuf.o)
 .bss           0x00000000020d40d4        0x0 /home/nrikee/devkitPro/devkitARM/bin/../lib/gcc/arm-none-eabi/4.9.2/../../../../arm-none-eabi/lib/libg.a(lib_a-siscanf.o)
 .bss           0x00000000020d40d4        0x0 /home/nrikee/devkitPro/devkitARM/bin/../lib/gcc/arm-none-eabi/4.9.2/../../../../arm-none-eabi/lib/libg.a(lib_a-stdio.o)
 .bss           0x00000000020d40d4        0x0 /home/nrikee/devkitPro/devkitARM/bin/../lib/gcc/arm-none-eabi/4.9.2/../../../../arm-none-eabi/lib/libg.a(lib_a-strlen.o)
 .bss           0x00000000020d40d4        0x0 /home/nrikee/devkitPro/devkitARM/bin/../lib/gcc/arm-none-eabi/4.9.2/../../../../arm-none-eabi/lib/libg.a(lib_a-svfiscanf.o)
 .bss           0x00000000020d40d4        0x0 /home/nrikee/devkitPro/devkitARM/bin/../lib/gcc/arm-none-eabi/4.9.2/../../../../arm-none-eabi/lib/libg.a(lib_a-ungetc.o)
 .bss           0x00000000020d40d4        0x0 /home/nrikee/devkitPro/devkitARM/bin/../lib/gcc/arm-none-eabi/4.9.2/../../../../arm-none-eabi/lib/libg.a(lib_a-vfiprintf.o)
 .bss           0x00000000020d40d4        0x0 /home/nrikee/devkitPro/devkitARM/bin/../lib/gcc/arm-none-eabi/4.9.2/../../../../arm-none-eabi/lib/libg.a(lib_a-wcrtomb.o)
 .bss           0x00000000020d40d4        0x0 /home/nrikee/devkitPro/devkitARM/bin/../lib/gcc/arm-none-eabi/4.9.2/../../../../arm-none-eabi/lib/libg.a(lib_a-wcsrtombs.o)
 .bss           0x00000000020d40d4        0x0 /home/nrikee/devkitPro/devkitARM/bin/../lib/gcc/arm-none-eabi/4.9.2/../../../../arm-none-eabi/lib/libg.a(lib_a-wctomb_r.o)
 .bss           0x00000000020d40d4        0x0 /home/nrikee/devkitPro/devkitARM/bin/../lib/gcc/arm-none-eabi/4.9.2/../../../../arm-none-eabi/lib/libg.a(lib_a-wsetup.o)
 .bss           0x00000000020d40d4        0x0 /home/nrikee/devkitPro/devkitARM/bin/../lib/gcc/arm-none-eabi/4.9.2/../../../../arm-none-eabi/lib/libg.a(lib_a-ctype_.o)
 .bss           0x00000000020d40d4        0x0 /home/nrikee/devkitPro/devkitARM/bin/../lib/gcc/arm-none-eabi/4.9.2/../../../../arm-none-eabi/lib/libg.a(lib_a-flags.o)
 .bss           0x00000000020d40d4        0x0 /home/nrikee/devkitPro/devkitARM/bin/../lib/gcc/arm-none-eabi/4.9.2/../../../../arm-none-eabi/lib/libg.a(lib_a-fputwc.o)
 .bss           0x00000000020d40d4        0x0 /home/nrikee/devkitPro/devkitARM/bin/../lib/gcc/arm-none-eabi/4.9.2/../../../../arm-none-eabi/lib/libg.a(lib_a-fvwrite.o)
 .bss           0x00000000020d40d4        0x0 /home/nrikee/devkitPro/devkitARM/bin/../lib/gcc/arm-none-eabi/4.9.2/../../../../arm-none-eabi/lib/libg.a(lib_a-iswspace.o)
 .bss           0x00000000020d40d4        0x0 /home/nrikee/devkitPro/devkitARM/bin/../lib/gcc/arm-none-eabi/4.9.2/../../../../arm-none-eabi/lib/libg.a(lib_a-jp2uc.o)
 .bss           0x00000000020d40d4      0x2b8 /home/nrikee/devkitPro/devkitARM/bin/../lib/gcc/arm-none-eabi/4.9.2/../../../../arm-none-eabi/lib/libg.a(lib_a-locale.o)
                0x00000000020d4380                _PathLocale
                0x00000000020d4384                __mlocale_changed
                0x00000000020d4388                __nlocale_changed
 .bss           0x00000000020d438c        0x0 /home/nrikee/devkitPro/devkitARM/bin/../lib/gcc/arm-none-eabi/4.9.2/../../../../arm-none-eabi/lib/libg.a(lib_a-mbrtowc.o)
 .bss           0x00000000020d438c        0x0 /home/nrikee/devkitPro/devkitARM/bin/../lib/gcc/arm-none-eabi/4.9.2/../../../../arm-none-eabi/lib/libg.a(lib_a-mbtowc_r.o)
 .bss           0x00000000020d438c        0x0 /home/nrikee/devkitPro/devkitARM/bin/../lib/gcc/arm-none-eabi/4.9.2/../../../../arm-none-eabi/lib/libg.a(lib_a-memchr-stub.o)
 .bss           0x00000000020d438c        0x0 /home/nrikee/devkitPro/devkitARM/bin/../lib/gcc/arm-none-eabi/4.9.2/../../../../arm-none-eabi/lib/libg.a(lib_a-memmove.o)
 .bss           0x00000000020d438c        0x0 /home/nrikee/devkitPro/devkitARM/bin/../lib/gcc/arm-none-eabi/4.9.2/../../../../arm-none-eabi/lib/libg.a(lib_a-reallocr.o)
 .bss           0x00000000020d438c        0x0 /home/nrikee/devkitPro/devkitARM/bin/../lib/gcc/arm-none-eabi/4.9.2/../../../../arm-none-eabi/lib/libg.a(lib_a-sccl.o)
 .bss           0x00000000020d438c        0x0 /home/nrikee/devkitPro/devkitARM/bin/../lib/gcc/arm-none-eabi/4.9.2/../../../../arm-none-eabi/lib/libg.a(lib_a-strcasecmp.o)
 .bss           0x00000000020d438c        0x0 /home/nrikee/devkitPro/devkitARM/bin/../lib/gcc/arm-none-eabi/4.9.2/../../../../arm-none-eabi/lib/libg.a(lib_a-strcat.o)
 .bss           0x00000000020d438c        0x0 /home/nrikee/devkitPro/devkitARM/bin/../lib/gcc/arm-none-eabi/4.9.2/../../../../arm-none-eabi/lib/libg.a(lib_a-strchr.o)
 .bss           0x00000000020d438c        0x0 /home/nrikee/devkitPro/devkitARM/bin/../lib/gcc/arm-none-eabi/4.9.2/../../../../arm-none-eabi/lib/libg.a(lib_a-strcmp.o)
 .bss           0x00000000020d438c        0x0 /home/nrikee/devkitPro/devkitARM/bin/../lib/gcc/arm-none-eabi/4.9.2/../../../../arm-none-eabi/lib/libg.a(lib_a-strcpy.o)
 .bss           0x00000000020d438c        0x0 /home/nrikee/devkitPro/devkitARM/bin/../lib/gcc/arm-none-eabi/4.9.2/../../../../arm-none-eabi/lib/libg.a(lib_a-strlcpy.o)
 .bss           0x00000000020d438c        0x0 /home/nrikee/devkitPro/devkitARM/bin/../lib/gcc/arm-none-eabi/4.9.2/../../../../arm-none-eabi/lib/libg.a(lib_a-strncasecmp.o)
 .bss           0x00000000020d438c        0x0 /home/nrikee/devkitPro/devkitARM/bin/../lib/gcc/arm-none-eabi/4.9.2/../../../../arm-none-eabi/lib/libg.a(lib_a-strncmp.o)
 .bss           0x00000000020d438c        0x0 /home/nrikee/devkitPro/devkitARM/bin/../lib/gcc/arm-none-eabi/4.9.2/../../../../arm-none-eabi/lib/libg.a(lib_a-strncpy.o)
 .bss           0x00000000020d438c        0x0 /home/nrikee/devkitPro/devkitARM/bin/../lib/gcc/arm-none-eabi/4.9.2/../../../../arm-none-eabi/lib/libg.a(lib_a-strtoll_r.o)
 .bss           0x00000000020d438c        0x0 /home/nrikee/devkitPro/devkitARM/bin/../lib/gcc/arm-none-eabi/4.9.2/../../../../arm-none-eabi/lib/libg.a(lib_a-strtol.o)
 .bss           0x00000000020d438c        0x0 /home/nrikee/devkitPro/devkitARM/bin/../lib/gcc/arm-none-eabi/4.9.2/../../../../arm-none-eabi/lib/libg.a(lib_a-strtoull_r.o)
 .bss           0x00000000020d438c        0x0 /home/nrikee/devkitPro/devkitARM/bin/../lib/gcc/arm-none-eabi/4.9.2/../../../../arm-none-eabi/lib/libg.a(lib_a-strtoul.o)
 .bss           0x00000000020d438c        0x0 /home/nrikee/devkitPro/devkitARM/bin/../lib/gcc/arm-none-eabi/4.9.2/../../../../arm-none-eabi/lib/libg.a(lib_a-svfiprintf.o)
 .bss           0x00000000020d438c        0x0 /home/nrikee/devkitPro/devkitARM/bin/../lib/gcc/arm-none-eabi/4.9.2/../../../../arm-none-eabi/lib/libg.a(lib_a-wbuf.o)
 .bss           0x00000000020d438c        0x0 /home/nrikee/devkitPro/devkitARM/bin/../lib/gcc/arm-none-eabi/4.9.2/../../../../arm-none-eabi/lib/libg.a(lib_a-wcsnrtombs.o)
 .bss           0x00000000020d438c        0x0 /home/nrikee/devkitPro/devkitARM/bin/../lib/gcc/arm-none-eabi/4.9.2/../../../../arm-none-eabi/lib/libg.a(lib_a-getenv_r.o)
 .bss           0x00000000020d438c        0x4 /home/nrikee/devkitPro/devkitARM/bin/../lib/gcc/arm-none-eabi/4.9.2/../../../../arm-none-eabi/lib/libg.a(lib_a-environ.o)
 .bss           0x00000000020d4390        0x0 /home/nrikee/devkitPro/devkitARM/bin/../lib/gcc/arm-none-eabi/4.9.2/../../../../arm-none-eabi/lib/libg.a(lib_a-envlock.o)
 .bss           0x00000000020d4390        0x0 /home/nrikee/devkitPro/devkitARM/bin/../lib/gcc/arm-none-eabi/4.9.2/../../../../arm-none-eabi/lib/libsysbase.a(iosupport.o)
 .bss           0x00000000020d4390        0x0 /home/nrikee/devkitPro/devkitARM/bin/../lib/gcc/arm-none-eabi/4.9.2/../../../../arm-none-eabi/lib/libsysbase.a(close.o)
 .bss           0x00000000020d4390        0x0 /home/nrikee/devkitPro/devkitARM/bin/../lib/gcc/arm-none-eabi/4.9.2/../../../../arm-none-eabi/lib/libsysbase.a(fstat.o)
 .bss           0x00000000020d4390        0x0 /home/nrikee/devkitPro/devkitARM/bin/../lib/gcc/arm-none-eabi/4.9.2/../../../../arm-none-eabi/lib/libsysbase.a(isatty.o)
 .bss           0x00000000020d4390        0x0 /home/nrikee/devkitPro/devkitARM/bin/../lib/gcc/arm-none-eabi/4.9.2/../../../../arm-none-eabi/lib/libsysbase.a(lseek.o)
 .bss           0x00000000020d4390        0x0 /home/nrikee/devkitPro/devkitARM/bin/../lib/gcc/arm-none-eabi/4.9.2/../../../../arm-none-eabi/lib/libsysbase.a(open.o)
 .bss           0x00000000020d4390        0x0 /home/nrikee/devkitPro/devkitARM/bin/../lib/gcc/arm-none-eabi/4.9.2/../../../../arm-none-eabi/lib/libsysbase.a(read.o)
 .bss           0x00000000020d4390        0x4 /home/nrikee/devkitPro/devkitARM/bin/../lib/gcc/arm-none-eabi/4.9.2/../../../../arm-none-eabi/lib/libsysbase.a(sbrk.o)
 .bss           0x00000000020d4394        0x0 /home/nrikee/devkitPro/devkitARM/bin/../lib/gcc/arm-none-eabi/4.9.2/../../../../arm-none-eabi/lib/libsysbase.a(times.o)
 .bss           0x00000000020d4394        0x0 /home/nrikee/devkitPro/devkitARM/bin/../lib/gcc/arm-none-eabi/4.9.2/../../../../arm-none-eabi/lib/libsysbase.a(write.o)
 .bss           0x00000000020d4394        0x8 /home/nrikee/devkitPro/devkitARM/bin/../lib/gcc/arm-none-eabi/4.9.2/../../../../arm-none-eabi/lib/libsysbase.a(malloc_vars.o)
                0x00000000020d4394                fake_heap_start
                0x00000000020d4398                fake_heap_end
 .bss           0x00000000020d439c        0x0 /home/nrikee/devkitPro/devkitARM/bin/../lib/gcc/arm-none-eabi/4.9.2/../../../../arm-none-eabi/lib/libsysbase.a(build_argv.o)
 .bss           0x00000000020d439c        0x8 /home/nrikee/devkitPro/devkitARM/bin/../lib/gcc/arm-none-eabi/4.9.2/../../../../arm-none-eabi/lib/libsysbase.a(syscall_support.o)
                0x00000000020d439c                __syscalls
 .bss           0x00000000020d43a4     0x1000 /home/nrikee/devkitPro/devkitARM/bin/../lib/gcc/arm-none-eabi/4.9.2/../../../../arm-none-eabi/lib/libsysbase.a(handle_manager.o)
 .bss           0x00000000020d53a4        0x0 /home/nrikee/devkitPro/devkitARM/bin/../lib/gcc/arm-none-eabi/4.9.2/libgcc.a(_udivsi3.o)
 .bss           0x00000000020d53a4        0x0 /home/nrikee/devkitPro/devkitARM/bin/../lib/gcc/arm-none-eabi/4.9.2/libgcc.a(_aeabi_uldivmod.o)