Archive member included because of file (symbol)

d:/devkitPro/libnds/lib\libnds9.a(console.o)
                              main.o (consoleInit)
d:/devkitPro/libnds/lib\libnds9.a(keys.o)
                              main.o (scanKeys)
d:/devkitPro/libnds/lib\libnds9.a(touch.o)
                              main.o (touchReadXY)
d:/devkitPro/libnds/lib\libnds9.a(initSystem.o)
                              d:/devkitpro/devkitarm/bin/../lib/gcc/arm-none-eabi/4.9.2/../../../../arm-none-eabi/lib/thumb/ds_arm9_crt0.o (initSystem)
d:/devkitPro/libnds/lib\libnds9.a(fifosystem.o)
                              d:/devkitPro/libnds/lib\libnds9.a(initSystem.o) (fifoSetValue32Handler)
d:/devkitPro/libnds/lib\libnds9.a(interrupts.o)
                              d:/devkitPro/libnds/lib\libnds9.a(fifosystem.o) (irqSet)
d:/devkitPro/libnds/lib\libnds9.a(libnds_exit.arm.o)
                              d:/devkitpro/devkitarm/bin/../lib/gcc/arm-none-eabi/4.9.2/../../../../arm-none-eabi/lib/thumb/ds_arm9_crt0.o (__libnds_exit)
d:/devkitPro/libnds/lib\libnds9.a(mpu_setup.o)
                              d:/devkitpro/devkitarm/bin/../lib/gcc/arm-none-eabi/4.9.2/../../../../arm-none-eabi/lib/thumb/ds_arm9_crt0.o (__libnds_mpu_setup)
d:/devkitPro/libnds/lib\libnds9.a(biosCalls.o)
                              d:/devkitPro/libnds/lib\libnds9.a(fifosystem.o) (swiIntrWait)
d:/devkitPro/libnds/lib\libnds9.a(debugprint.o)
                              d:/devkitPro/libnds/lib\libnds9.a(console.o) (nocashWrite)
d:/devkitPro/libnds/lib\libnds9.a(interruptDispatcher.o)
                              d:/devkitPro/libnds/lib\libnds9.a(interrupts.o) (IntrMain)
d:/devkitPro/libnds/lib\libnds9.a(swiSoftReset.o)
                              d:/devkitPro/libnds/lib\libnds9.a(fifosystem.o) (swiSoftReset)
d:/devkitPro/libnds/lib\libnds9.a(default_font.bin.o)
                              d:/devkitPro/libnds/lib\libnds9.a(console.o) (default_font_bin)
d:/devkitPro/libnds/lib\libnds9.a(background.o)
                              d:/devkitPro/libnds/lib\libnds9.a(console.o) (bgState)
d:/devkitPro/libnds/lib\libnds9.a(system.o)
                              d:/devkitPro/libnds/lib\libnds9.a(initSystem.o) (systemValueHandler)
d:/devkitPro/libnds/lib\libnds9.a(trig.o)
                              d:/devkitPro/libnds/lib\libnds9.a(background.o) (sinLerp)
d:/devkitPro/libnds/lib\libnds9.a(video.o)
                              d:/devkitPro/libnds/lib\libnds9.a(initSystem.o) (vramDefault)
d:/devkitpro/devkitarm/bin/../lib/gcc/arm-none-eabi/4.9.2/thumb\libgcc.a(_divsi3.o)
                              d:/devkitPro/libnds/lib\libnds9.a(console.o) (__aeabi_idivmod)
d:/devkitpro/devkitarm/bin/../lib/gcc/arm-none-eabi/4.9.2/thumb\libgcc.a(_dvmd_tls.o)
                              d:/devkitpro/devkitarm/bin/../lib/gcc/arm-none-eabi/4.9.2/thumb\libgcc.a(_divsi3.o) (__aeabi_idiv0)
d:/devkitpro/devkitarm/bin/../lib/gcc/arm-none-eabi/4.9.2/../../../../arm-none-eabi/lib/thumb\libg.a(lib_a-bsearch.o)
                              d:/devkitPro/libnds/lib\libnds9.a(trig.o) (bsearch)
d:/devkitpro/devkitarm/bin/../lib/gcc/arm-none-eabi/4.9.2/../../../../arm-none-eabi/lib/thumb\libg.a(lib_a-impure.o)
                              d:/devkitPro/libnds/lib\libnds9.a(console.o) (_impure_ptr)
d:/devkitpro/devkitarm/bin/../lib/gcc/arm-none-eabi/4.9.2/../../../../arm-none-eabi/lib/thumb\libg.a(lib_a-init.o)
                              d:/devkitpro/devkitarm/bin/../lib/gcc/arm-none-eabi/4.9.2/../../../../arm-none-eabi/lib/thumb/ds_arm9_crt0.o (__libc_init_array)
d:/devkitpro/devkitarm/bin/../lib/gcc/arm-none-eabi/4.9.2/../../../../arm-none-eabi/lib/thumb\libg.a(lib_a-iprintf.o)
                              main.o (iprintf)
d:/devkitpro/devkitarm/bin/../lib/gcc/arm-none-eabi/4.9.2/../../../../arm-none-eabi/lib/thumb\libg.a(lib_a-memcpy-stub.o)
                              d:/devkitPro/libnds/lib\libnds9.a(console.o) (memcpy)
d:/devkitpro/devkitarm/bin/../lib/gcc/arm-none-eabi/4.9.2/../../../../arm-none-eabi/lib/thumb\libg.a(lib_a-puts.o)
                              main.o (puts)
d:/devkitpro/devkitarm/bin/../lib/gcc/arm-none-eabi/4.9.2/../../../../arm-none-eabi/lib/thumb\libg.a(lib_a-setvbuf.o)
                              d:/devkitPro/libnds/lib\libnds9.a(console.o) (setvbuf)
d:/devkitpro/devkitarm/bin/../lib/gcc/arm-none-eabi/4.9.2/../../../../arm-none-eabi/lib/thumb\libg.a(lib_a-siscanf.o)
                              d:/devkitPro/libnds/lib\libnds9.a(console.o) (siscanf)
d:/devkitpro/devkitarm/bin/../lib/gcc/arm-none-eabi/4.9.2/../../../../arm-none-eabi/lib/thumb\libg.a(lib_a-stdio.o)
                              d:/devkitpro/devkitarm/bin/../lib/gcc/arm-none-eabi/4.9.2/../../../../arm-none-eabi/lib/thumb\libg.a(lib_a-siscanf.o) (__seofread)
d:/devkitpro/devkitarm/bin/../lib/gcc/arm-none-eabi/4.9.2/../../../../arm-none-eabi/lib/thumb\libg.a(lib_a-strlen.o)
[...]
Memory Configuration

Name             Origin             Length             Attributes
rom              0x08000000         0x02000000
ewram            0x02000000         0x003ff000
dtcm             0x0b000000         0x00004000
vectors          0x01000000         0x00000100
itcm             0x01000100         0x00007f00
*default*        0x00000000         0xffffffff

Linker script and memory map

                0x01000000                __vectors_start = ORIGIN (vectors)
                0x01000100                __itcm_start = ORIGIN (itcm)
                0x023ff000                __ewram_end = (ORIGIN (ewram) + 0x3ff000)
                0x023ff000                __eheap_end = (ORIGIN (ewram) + 0x3ff000)
                0x0b000000                __dtcm_start = ORIGIN (dtcm)
                0x0b004000                __dtcm_top = (ORIGIN (dtcm) + 0x4000)
                0x0b003ff8                __irq_flags = (__dtcm_top - 0x8)
                0x0b003ffc                __irq_vector = (__dtcm_top - 0x4)
                0x0b003f00                __sp_svc = (__dtcm_top - 0x100)
                0x0b003e00                __sp_irq = (__sp_svc - 0x100)
                0x0b003d00                __sp_usr = (__sp_irq - 0x100)

.init           0x02000000      0x23c
                0x02000000                __text_start = .
 *(.init)
 .init          0x02000000      0x230 d:/devkitpro/devkitarm/bin/../lib/gcc/arm-none-eabi/4.9.2/../../../../arm-none-eabi/lib/thumb/ds_arm9_crt0.o
                0x02000000                _start
 .init          0x02000230        0x4 d:/devkitpro/devkitarm/bin/../lib/gcc/arm-none-eabi/4.9.2/thumb/crti.o
                0x02000230                _init
 .init          0x02000234        0x8 d:/devkitpro/devkitarm/bin/../lib/gcc/arm-none-eabi/4.9.2/thumb/crtn.o
                0x0200023c                . = ALIGN (0x4)

.plt
 *(.plt)

.text           0x02000240     0xe408
 *(EXCLUDE_FILE(*.itcm*) .text)
 .text          0x02000240        0x0 d:/devkitpro/devkitarm/bin/../lib/gcc/arm-none-eabi/4.9.2/../../../../arm-none-eabi/lib/thumb/ds_arm9_crt0.o
 .text          0x02000240        0x0 d:/devkitpro/devkitarm/bin/../lib/gcc/arm-none-eabi/4.9.2/thumb/crti.o
 .text          0x02000240       0xd4 d:/devkitpro/devkitarm/bin/../lib/gcc/arm-none-eabi/4.9.2/thumb/crtbegin.o
 .text          0x02000314      0x1bc main.o
                0x02000314                logica
 .text          0x020004d0     0x116c d:/devkitPro/libnds/lib\libnds9.a(console.o)
                0x0200073c                nocash_write
                0x020007b4                con_write
                0x02000ce8                consoleGetDefault
                0x02000cf4                consoleLoadFont
                0x0200105c                consoleInit
                0x02001288                consoleSelect
                0x02001298                consoleSetFont
                0x020012b8                consoleDebugInit
                0x0200130c                consoleDemoInit
                0x02001514                consolePrintChar
                0x0200160c                consoleClear
                0x0200161c                consoleSetWindow
 .text          0x0200163c       0xf4 d:/devkitPro/libnds/lib\libnds9.a(keys.o)
                0x0200163c                scanKeys
                0x020016a8                keysHeld
                0x020016b4                keysDown
                0x020016c4                keysDownRepeat
                0x020016d4                keysSetRepeat
                0x020016ec                keysUp
                0x020016fc                keysCurrent
 .text          0x02001730       0x48 d:/devkitPro/libnds/lib\libnds9.a(touch.o)
                0x02001730                touchRead
                0x02001754                touchReadXY
 .text          0x02001778      0x19c d:/devkitPro/libnds/lib\libnds9.a(initSystem.o)
                0x02001778                initSystem
 .text          0x02001914      0xcb8 d:/devkitPro/libnds/lib\libnds9.a(fifosystem.o)
                0x02001bd8                fifoSetValue32Handler
                0x02001c4c                fifoSendAddress
                0x02001c78                fifoSendValue32
                0x02001cb4                fifoSendDatamsg
                0x02001d28                fifoGetAddress
                0x02001d94                fifoSetAddressHandler
                0x02001e08                fifoGetValue32
                0x02001e1c                fifoGetDatamsg
                0x020022d0                fifoSetDatamsgHandler
                0x02002364                fifoCheckAddress
                0x02002388                fifoCheckDatamsg
                0x020023ac                fifoCheckDatamsgLength
                0x020023dc                fifoCheckValue32
                0x02002400                fifoInit
 .text          0x020025cc      0x244 d:/devkitPro/libnds/lib\libnds9.a(interrupts.o)
                0x020025cc                irqDummy
                0x020025d0                irqSet
                0x0200263c                irqInit
                0x02002688                irqInitHandler
                0x020026b8                irqEnable
                0x0200271c                irqDisable
                0x02002780                irqClear
 .text          0x02002810       0x5c d:/devkitPro/libnds/lib\libnds9.a(libnds_exit.arm.o)
                0x02002810                systemErrorExit
                0x02002814                __libnds_exit
 .text          0x0200286c      0x1b4 d:/devkitPro/libnds/lib\libnds9.a(mpu_setup.o)
                0x0200286c                __libnds_mpu_setup
                0x020029ac                memCached
                0x020029c4                memUncached
 .text          0x02002a20       0x70 d:/devkitPro/libnds/lib\libnds9.a(biosCalls.o)
                0x02002a20                swiDelay
                0x02002a24                swiIntrWait
                0x02002a28                swiWaitForVBlank
                0x02002a2c                swiSleep
                0x02002a30                swiChangeSoundBias
                0x02002a34                swiDivide
                0x02002a38                swiRemainder
                0x02002a3e                swiDivMod
                0x02002a4a                swiCopy
                0x02002a4e                swiFastCopy
                0x02002a52                swiSqrt
                0x02002a56                swiCRC16
                0x02002a5a                swiIsDebugger
                0x02002a5e                swiUnpackBits
                0x02002a62                swiDecompressLZSSWram
                0x02002a66                swiDecompressLZSSVramNTR
                0x02002a6a                swiDecompressLZSSVramTWL
                0x02002a6e                swiDecompressHuffman
                0x02002a72                swiDecompressRLEWram
                0x02002a76                swiDecompressRLEVram
                0x02002a7a                swiWaitForIRQ
                0x02002a7e                swiDecodeDelta8
                0x02002a82                swiDecodeDelta16
                0x02002a86                swiSetHaltCR
 .text          0x02002a90       0xa4 d:/devkitPro/libnds/lib\libnds9.a(debugprint.o)
                0x02002a90                nocashWrite
                0x02002a92                nocashMessage
 .text          0x02002b34        0x0 d:/devkitPro/libnds/lib\libnds9.a(interruptDispatcher.o)
 *fill*         0x02002b34        0xc ff
 .text          0x02002b40       0x30 d:/devkitPro/libnds/lib\libnds9.a(swiSoftReset.o)
                0x02002b40                swiSoftReset
 .text          0x02002b70        0x0 d:/devkitPro/libnds/lib\libnds9.a(default_font.bin.o)
 .text          0x02002b70      0x3bc d:/devkitPro/libnds/lib\libnds9.a(background.o)
                0x02002b70                bgIsText
                0x02002b7c                checkIfText
                0x02002bd4                bgUpdate
                0x02002cc8                bgInit_call
                0x02002df0                bgInitSub_call
 .text          0x02002f2c      0x140 d:/devkitPro/libnds/lib\libnds9.a(system.o)
                0x02002f2c                setSDcallback
                0x02002f38                systemValueHandler
                0x02002f80                systemMsgHandler
                0x02002fd0                systemSleep
                0x02002fe8                powerOn
                0x02003014                powerOff
                0x0200303c                ledBlink
                0x0200304c                getBatteryLevel
 .text          0x0200306c      0x3a8 d:/devkitPro/libnds/lib\libnds9.a(trig.o)
                0x0200306c                asinComp
                0x02003090                sinLutLookup
                0x020030c8                sinLerp
                0x02003158                cosLerp
                0x02003214                tanLutLookup
                0x0200324c                tanLerp
                0x020032f4                asinLerp
                0x02003370                acosLerp
                0x020033ec                atanComp
 .text          0x02003414      0x1f8 d:/devkitPro/libnds/lib\libnds9.a(video.o)
                0x02003414                vramSetPrimaryBanks
                0x02003458                vramSetMainBanks
                0x0200349c                vramSetBanks_EFG
                0x020034d4                vramRestorePrimaryBanks
                0x020034e0                vramRestoreMainBanks
                0x020034ec                vramRestoreBanks_EFG
                0x020034f8                setBrightness
                0x02003538                vramDefault
 .text          0x0200360c      0x150 d:/devkitpro/devkitarm/bin/../lib/gcc/arm-none-eabi/4.9.2/thumb\libgcc.a(_divsi3.o)
                0x0200360c                __divsi3
                0x0200360c                __aeabi_idiv
                0x0200373c                __aeabi_idivmod
 .text          0x0200375c        0x4 d:/devkitpro/devkitarm/bin/../lib/gcc/arm-none-eabi/4.9.2/thumb\libgcc.a(_dvmd_tls.o)
                0x0200375c                __aeabi_idiv0
                0x0200375c                __aeabi_ldiv0
 .text          0x02003760       0x64 d:/devkitpro/devkitarm/bin/../lib/gcc/arm-none-eabi/4.9.2/../../../../arm-none-eabi/lib/thumb\libg.a(lib_a-bsearch.o)
                0x02003760                bsearch
 .text          0x020037c4        0x0 d:/devkitpro/devkitarm/bin/../lib/gcc/arm-none-eabi/4.9.2/../../../../arm-none-eabi/lib/thumb\libg.a(lib_a-impure.o)
 .text          0x020037c4       0x58 d:/devkitpro/devkitarm/bin/../lib/gcc/arm-none-eabi/4.9.2/../../../../arm-none-eabi/lib/thumb\libg.a(lib_a-init.o)
                0x020037c4                __libc_init_array
 .text          0x0200381c       0x40 d:/devkitpro/devkitarm/bin/../lib/gcc/arm-none-eabi/4.9.2/../../../../arm-none-eabi/lib/thumb\libg.a(lib_a-iprintf.o)
                0x0200381c                iprintf
                0x02003840                _iprintf_r
 .text          0x0200385c       0x84 d:/devkitpro/devkitarm/bin/../lib/gcc/arm-none-eabi/4.9.2/../../../../arm-none-eabi/lib/thumb\libg.a(lib_a-memcpy-stub.o)
                0x0200385c                memcpy
 .text          0x020038e0       0x78 d:/devkitpro/devkitarm/bin/../lib/gcc/arm-none-eabi/4.9.2/../../../../arm-none-eabi/lib/thumb\libg.a(lib_a-puts.o)
                0x020038e0                _puts_r
                0x02003940                puts
 .text          0x02003958      0x10c d:/devkitpro/devkitarm/bin/../lib/gcc/arm-none-eabi/4.9.2/../../../../arm-none-eabi/lib/thumb\libg.a(lib_a-setvbuf.o)
                0x02003958                setvbuf
 .text          0x02003a64       0xa0 d:/devkitpro/devkitarm/bin/../lib/gcc/arm-none-eabi/4.9.2/../../../../arm-none-eabi/lib/thumb\libg.a(lib_a-siscanf.o)
                0x02003a64                siscanf
                0x02003ab4                _siscanf_r
 .text          0x02003b04       0xb4 d:/devkitpro/devkitarm/bin/../lib/gcc/arm-none-eabi/4.9.2/../../../../arm-none-eabi/lib/thumb\libg.a(lib_a-stdio.o)
                0x02003b04                __sread
                0x02003b30                __seofread
                0x02003b34                __swrite
                0x02003b78                __sseek
                0x02003ba8                __sclose
 .text          0x02003bb8       0x10 d:/devkitpro/devkitarm/bin/../lib/gcc/arm-none-eabi/4.9.2/../../../../arm-none-eabi/lib/thumb\libg.a(lib_a-strlen.o)
                0x02003bb8                strlen
 .text          0x02003bc8     0x1608 d:/devkitpro/devkitarm/bin/../lib/gcc/arm-none-eabi/4.9.2/../../../../arm-none-eabi/lib/thumb\libg.a(lib_a-svfiscanf.o)
                0x02003bc8                _sungetc_r
                0x02003c50                __ssrefill_r
                0x02003c94                _sfread_r
                0x02003d20                __ssvfiscanf_r
 .text          0x020051d0      0x180 d:/devkitpro/devkitarm/bin/../lib/gcc/arm-none-eabi/4.9.2/../../../../arm-none-eabi/lib/thumb\libg.a(lib_a-ungetc.o)
                0x020051d0                __submore
                0x02005258                _ungetc_r
                0x02005334                ungetc
 .text          0x02005350     0x2558 d:/devkitpro/devkitarm/bin/../lib/gcc/arm-none-eabi/4.9.2/../../../../arm-none-eabi/lib/thumb\libg.a(lib_a-vfiprintf.o)
                0x02005874                __sprint_r
                0x0200588c                _vfiprintf_r
                0x0200780c                vfiprintf
 .text          0x020078a8       0xdc d:/devkitpro/devkitarm/bin/../lib/gcc/arm-none-eabi/4.9.2/../../../../arm-none-eabi/lib/thumb\libg.a(lib_a-wcrtomb.o)
                0x020078a8                _wcrtomb_r
                0x02007910                wcrtomb
 .text          0x02007984       0x40 d:/devkitpro/devkitarm/bin/../lib/gcc/arm-none-eabi/4.9.2/../../../../arm-none-eabi/lib/thumb\libg.a(lib_a-wcsrtombs.o)
                0x02007984                _wcsrtombs_r
                0x0200799c                wcsrtombs
 .text          0x020079c4      0x29c d:/devkitpro/devkitarm/bin/../lib/gcc/arm-none-eabi/4.9.2/../../../../arm-none-eabi/lib/thumb\libg.a(lib_a-wctomb_r.o)
                0x020079c4                __utf8_wctomb
                0x02007a84                _wctomb_r
                0x02007abc                __ascii_wctomb
                0x02007ad8                __sjis_wctomb
                0x02007b58                __eucjp_wctomb
                0x02007be0                __jis_wctomb
 .text          0x02007c60       0xd4 d:/devkitpro/devkitarm/bin/../lib/gcc/arm-none-eabi/4.9.2/../../../../arm-none-eabi/lib/thumb\libg.a(lib_a-wsetup.o)
                0x02007c60                __swsetup_r
 .text          0x02007d34       0x10 d:/devkitpro/devkitarm/bin/../lib/gcc/arm-none-eabi/4.9.2/../../../../arm-none-eabi/lib/thumb\libg.a(lib_a-ctype_.o)
                0x02007d34                __set_ctype
 .text          0x02007d44      0x1c4 d:/devkitpro/devkitarm/bin/../lib/gcc/arm-none-eabi/4.9.2/../../../../arm-none-eabi/lib/thumb\libg.a(lib_a-fflush.o)
                0x02007d44                __sflush_r
                0x02007ea8                _fflush_r
                0x02007ed8                fflush
 .text          0x02007f08      0x258 d:/devkitpro/devkitarm/bin/../lib/gcc/arm-none-eabi/4.9.2/../../../../arm-none-eabi/lib/thumb\libg.a(lib_a-findfp.o)
                0x02007f10                _cleanup_r
                0x02008020                __sfmoreglue
                0x02008054                __sfp
                0x020080e8                _cleanup
                0x02008104                __sinit
                0x02008118                __sfp_lock_acquire
                0x0200811c                __sfp_lock_release
                0x02008120                __sinit_lock_acquire
                0x02008124                __sinit_lock_release
                0x02008128                __fp_lock_all
                0x02008144                __fp_unlock_all
 .text          0x02008160      0x104 d:/devkitpro/devkitarm/bin/../lib/gcc/arm-none-eabi/4.9.2/../../../../arm-none-eabi/lib/thumb\libg.a(lib_a-fputwc.o)
                0x02008160                _fputwc_r
                0x02008234                fputwc
 .text          0x02008264      0x254 d:/devkitpro/devkitarm/bin/../lib/gcc/arm-none-eabi/4.9.2/../../../../arm-none-eabi/lib/thumb\libg.a(lib_a-freer.o)
                0x02008264                _malloc_trim_r
                0x02008308                _free_r
 .text          0x020084b8      0x340 d:/devkitpro/devkitarm/bin/../lib/gcc/arm-none-eabi/4.9.2/../../../../arm-none-eabi/lib/thumb\libg.a(lib_a-fvwrite.o)
                0x020084b8                __sfvwrite_r
 .text          0x020087f8       0xac d:/devkitpro/devkitarm/bin/../lib/gcc/arm-none-eabi/4.9.2/../../../../arm-none-eabi/lib/thumb\libg.a(lib_a-fwalk.o)
                0x020087f8                _fwalk
                0x02008848                _fwalk_reent
 .text          0x020088a4       0x78 d:/devkitpro/devkitarm/bin/../lib/gcc/arm-none-eabi/4.9.2/../../../../arm-none-eabi/lib/thumb\libg.a(lib_a-iswspace.o)
                0x020088a4                iswspace
 .text          0x0200891c      0x204 d:/devkitpro/devkitarm/bin/../lib/gcc/arm-none-eabi/4.9.2/../../../../arm-none-eabi/lib/thumb\libg.a(lib_a-jp2uc.o)
                0x02008abc                _jp2uc
 .text          0x02008b20      0x96c d:/devkitpro/devkitarm/bin/../lib/gcc/arm-none-eabi/4.9.2/../../../../arm-none-eabi/lib/thumb\libg.a(lib_a-locale.o)
                0x02009204                _setlocale_r
                0x0200942c                __locale_charset
                0x02009434                __locale_mb_cur_max
                0x02009440                __locale_msgcharset
                0x0200944c                __locale_cjk_lang
                0x02009458                _localeconv_r
                0x02009464                setlocale
                0x02009480                localeconv
 .text          0x0200948c      0x100 d:/devkitpro/devkitarm/bin/../lib/gcc/arm-none-eabi/4.9.2/../../../../arm-none-eabi/lib/thumb\libg.a(lib_a-makebuf.o)
                0x0200948c                __smakebuf_r
 .text          0x0200958c       0x30 d:/devkitpro/devkitarm/bin/../lib/gcc/arm-none-eabi/4.9.2/../../../../arm-none-eabi/lib/thumb\libg.a(lib_a-malloc.o)
                0x0200958c                malloc
                0x020095a4                free
 .text          0x020095bc      0x540 d:/devkitpro/devkitarm/bin/../lib/gcc/arm-none-eabi/4.9.2/../../../../arm-none-eabi/lib/thumb\libg.a(lib_a-mallocr.o)
                0x020095bc                _malloc_r
 .text          0x02009afc       0xf8 d:/devkitpro/devkitarm/bin/../lib/gcc/arm-none-eabi/4.9.2/../../../../arm-none-eabi/lib/thumb\libg.a(lib_a-mbrtowc.o)
                0x02009afc                _mbrtowc_r
                0x02009b74                mbrtowc
 .text          0x02009bf4      0x5f0 d:/devkitpro/devkitarm/bin/../lib/gcc/arm-none-eabi/4.9.2/../../../../arm-none-eabi/lib/thumb\libg.a(lib_a-mbtowc_r.o)
                0x02009bf4                __utf8_mbtowc
                0x02009eb0                _mbtowc_r
                0x02009eec                __ascii_mbtowc
                0x02009f18                __sjis_mbtowc
                0x02009fcc                __eucjp_mbtowc
                0x0200a09c                __jis_mbtowc
 .text          0x0200a1e4       0x8c d:/devkitpro/devkitarm/bin/../lib/gcc/arm-none-eabi/4.9.2/../../../../arm-none-eabi/lib/thumb\libg.a(lib_a-memchr-stub.o)
                0x0200a1e4                memchr
 .text          0x0200a270       0x9c d:/devkitpro/devkitarm/bin/../lib/gcc/arm-none-eabi/4.9.2/../../../../arm-none-eabi/lib/thumb\libg.a(lib_a-memmove.o)
                0x0200a270                memmove
 .text          0x0200a30c       0x98 d:/devkitpro/devkitarm/bin/../lib/gcc/arm-none-eabi/4.9.2/../../../../arm-none-eabi/lib/thumb\libg.a(lib_a-memset.o)
                0x0200a30c                memset
 .text          0x0200a3a4        0x8 d:/devkitpro/devkitarm/bin/../lib/gcc/arm-none-eabi/4.9.2/../../../../arm-none-eabi/lib/thumb\libg.a(lib_a-mlock.o)
                0x0200a3a4                __malloc_lock
                0x0200a3a8                __malloc_unlock
 .text          0x0200a3ac      0x3dc d:/devkitpro/devkitarm/bin/../lib/gcc/arm-none-eabi/4.9.2/../../../../arm-none-eabi/lib/thumb\libg.a(lib_a-reallocr.o)
                0x0200a3ac                _realloc_r
 .text          0x0200a788       0x7c d:/devkitpro/devkitarm/bin/../lib/gcc/arm-none-eabi/4.9.2/../../../../arm-none-eabi/lib/thumb\libg.a(lib_a-sccl.o)
                0x0200a788                __sccl
 .text          0x0200a804       0x58 d:/devkitpro/devkitarm/bin/../lib/gcc/arm-none-eabi/4.9.2/../../../../arm-none-eabi/lib/thumb\libg.a(lib_a-strcasecmp.o)
                0x0200a804                strcasecmp
 .text          0x0200a85c       0x54 d:/devkitpro/devkitarm/bin/../lib/gcc/arm-none-eabi/4.9.2/../../../../arm-none-eabi/lib/thumb\libg.a(lib_a-strcat.o)
                0x0200a85c                strcat
 .text          0x0200a8b0       0xdc d:/devkitpro/devkitarm/bin/../lib/gcc/arm-none-eabi/4.9.2/../../../../arm-none-eabi/lib/thumb\libg.a(lib_a-strchr.o)
                0x0200a8b0                strchr
 .text          0x0200a98c       0x14 d:/devkitpro/devkitarm/bin/../lib/gcc/arm-none-eabi/4.9.2/../../../../arm-none-eabi/lib/thumb\libg.a(lib_a-strcmp.o)
                0x0200a98c                strcmp
 .text          0x0200a9a0       0x10 d:/devkitpro/devkitarm/bin/../lib/gcc/arm-none-eabi/4.9.2/../../../../arm-none-eabi/lib/thumb\libg.a(lib_a-strcpy.o)
                0x0200a9a0                strcpy
 .text          0x0200a9b0       0x4c d:/devkitpro/devkitarm/bin/../lib/gcc/arm-none-eabi/4.9.2/../../../../arm-none-eabi/lib/thumb\libg.a(lib_a-strlcpy.o)
                0x0200a9b0                strlcpy
 .text          0x0200a9fc       0x5c d:/devkitpro/devkitarm/bin/../lib/gcc/arm-none-eabi/4.9.2/../../../../arm-none-eabi/lib/thumb\libg.a(lib_a-strncasecmp.o)
                0x0200a9fc                strncasecmp
 .text          0x0200aa58       0x98 d:/devkitpro/devkitarm/bin/../lib/gcc/arm-none-eabi/4.9.2/../../../../arm-none-eabi/lib/thumb\libg.a(lib_a-strncmp.o)
                0x0200aa58                strncmp
 .text          0x0200aaf0       0x7c d:/devkitpro/devkitarm/bin/../lib/gcc/arm-none-eabi/4.9.2/../../../../arm-none-eabi/lib/thumb\libg.a(lib_a-strncpy.o)
                0x0200aaf0                strncpy
 *fill*         0x0200ab6c        0x4 ff
 .text          0x0200ab70      0x228 d:/devkitpro/devkitarm/bin/../lib/gcc/arm-none-eabi/4.9.2/../../../../arm-none-eabi/lib/thumb\libg.a(lib_a-strtoll_r.o)
                0x0200ab70                _strtoll_r
 .text          0x0200ad98      0x17c d:/devkitpro/devkitarm/bin/../lib/gcc/arm-none-eabi/4.9.2/../../../../arm-none-eabi/lib/thumb\libg.a(lib_a-strtol.o)
                0x0200ad98                _strtol_r
                0x0200aef4                strtol
 .text          0x0200af14      0x20c d:/devkitpro/devkitarm/bin/../lib/gcc/arm-none-eabi/4.9.2/../../../../arm-none-eabi/lib/thumb\libg.a(lib_a-strtoull_r.o)
                0x0200af14                _strtoull_r
 .text          0x0200b120      0x198 d:/devkitpro/devkitarm/bin/../lib/gcc/arm-none-eabi/4.9.2/../../../../arm-none-eabi/lib/thumb\libg.a(lib_a-strtoul.o)
                0x0200b120                _strtoul_r
                0x0200b298                strtoul
 .text          0x0200b2b8     0x2368 d:/devkitpro/devkitarm/bin/../lib/gcc/arm-none-eabi/4.9.2/../../../../arm-none-eabi/lib/thumb\libg.a(lib_a-svfiprintf.o)
                0x0200b768                __ssprint_r
                0x0200b89c                _svfiprintf_r
 .text          0x0200d620       0xd4 d:/devkitpro/devkitarm/bin/../lib/gcc/arm-none-eabi/4.9.2/../../../../arm-none-eabi/lib/thumb\libg.a(lib_a-wbuf.o)
                0x0200d620                __swbuf_r
                0x0200d6d8                __swbuf
 .text          0x0200d6f4      0x13c d:/devkitpro/devkitarm/bin/../lib/gcc/arm-none-eabi/4.9.2/../../../../arm-none-eabi/lib/thumb\libg.a(lib_a-wcsnrtombs.o)
                0x0200d6f4                _wcsnrtombs_r
                0x0200d800                wcsnrtombs
 .text          0x0200d830       0xb0 d:/devkitpro/devkitarm/bin/../lib/gcc/arm-none-eabi/4.9.2/../../../../arm-none-eabi/lib/thumb\libg.a(lib_a-fclose.o)
                0x0200d830                _fclose_r
                0x0200d8c4                fclose
 .text          0x0200d8e0       0xa8 d:/devkitpro/devkitarm/bin/../lib/gcc/arm-none-eabi/4.9.2/../../../../arm-none-eabi/lib/thumb\libg.a(lib_a-getenv_r.o)
                0x0200d8e0                _findenv_r
                0x0200d978                _getenv_r
 .text          0x0200d988        0x0 d:/devkitpro/devkitarm/bin/../lib/gcc/arm-none-eabi/4.9.2/../../../../arm-none-eabi/lib/thumb\libg.a(lib_a-environ.o)
 .text          0x0200d988        0x8 d:/devkitpro/devkitarm/bin/../lib/gcc/arm-none-eabi/4.9.2/../../../../arm-none-eabi/lib/thumb\libg.a(lib_a-envlock.o)
                0x0200d988                __env_lock
                0x0200d98c                __env_unlock
 .text          0x0200d990      0x140 d:/devkitpro/devkitarm/bin/../lib/gcc/arm-none-eabi/4.9.2/../../../../arm-none-eabi/lib/thumb\libsysbase.a(iosupport.o)
                0x0200d990                setDefaultDevice
                0x0200d9a0                FindDevice
                0x0200da10                RemoveDevice
                0x0200da34                AddDevice
                0x0200dab0                GetDeviceOpTab
 .text          0x0200dad0       0x50 d:/devkitpro/devkitarm/bin/../lib/gcc/arm-none-eabi/4.9.2/../../../../arm-none-eabi/lib/thumb\libsysbase.a(close.o)
                0x0200dad0                _close_r
 .text          0x0200db20       0x50 d:/devkitpro/devkitarm/bin/../lib/gcc/arm-none-eabi/4.9.2/../../../../arm-none-eabi/lib/thumb\libsysbase.a(fstat.o)
                0x0200db20                _fstat_r
 .text          0x0200db70        0x4 d:/devkitpro/devkitarm/bin/../lib/gcc/arm-none-eabi/4.9.2/../../../../arm-none-eabi/lib/thumb\libsysbase.a(isatty.o)
                0x0200db70                _isatty_r
 .text          0x0200db74       0x50 d:/devkitpro/devkitarm/bin/../lib/gcc/arm-none-eabi/4.9.2/../../../../arm-none-eabi/lib/thumb\libsysbase.a(lseek.o)
                0x0200db74                _lseek_r
 .text          0x0200dbc4       0x50 d:/devkitpro/devkitarm/bin/../lib/gcc/arm-none-eabi/4.9.2/../../../../arm-none-eabi/lib/thumb\libsysbase.a(read.o)
                0x0200dbc4                _read_r
 .text          0x0200dc14       0x54 d:/devkitpro/devkitarm/bin/../lib/gcc/arm-none-eabi/4.9.2/../../../../arm-none-eabi/lib/thumb\libsysbase.a(sbrk.o)
                0x0200dc14                _sbrk_r
 .text          0x0200dc68       0x40 d:/devkitpro/devkitarm/bin/../lib/gcc/arm-none-eabi/4.9.2/../../../../arm-none-eabi/lib/thumb\libsysbase.a(times.o)
                0x0200dc68                _times
                0x0200dc7c                _times_r
                0x0200dc84                _gettimeofday_r
 .text          0x0200dca8       0x58 d:/devkitpro/devkitarm/bin/../lib/gcc/arm-none-eabi/4.9.2/../../../../arm-none-eabi/lib/thumb\libsysbase.a(write.o)
                0x0200dca8                _write_r
 .text          0x0200dd00        0x0 d:/devkitpro/devkitarm/bin/../lib/gcc/arm-none-eabi/4.9.2/../../../../arm-none-eabi/lib/thumb\libsysbase.a(malloc_vars.o)
 .text          0x0200dd00       0x50 d:/devkitpro/devkitarm/bin/../lib/gcc/arm-none-eabi/4.9.2/../../../../arm-none-eabi/lib/thumb\libsysbase.a(build_argv.o)
                0x0200dd00                build_argv
 .text          0x0200dd50        0x0 d:/devkitpro/devkitarm/bin/../lib/gcc/arm-none-eabi/4.9.2/../../../../arm-none-eabi/lib/thumb\libsysbase.a(syscall_support.o)
 .text          0x0200dd50       0x84 d:/devkitpro/devkitarm/bin/../lib/gcc/arm-none-eabi/4.9.2/../../../../arm-none-eabi/lib/thumb\libsysbase.a(handle_manager.o)
                0x0200dd50                __release_handle
                0x0200dd7c                __alloc_handle
                0x0200ddb8                __get_handle
 .text          0x0200ddd4      0x11c d:/devkitpro/devkitarm/bin/../lib/gcc/arm-none-eabi/4.9.2/thumb\libgcc.a(_udivsi3.o)
                0x0200ddd4                __aeabi_uidiv
                0x0200ddd4                __udivsi3
                0x0200ded0                __aeabi_uidivmod
 .text          0x0200def0       0x3c d:/devkitpro/devkitarm/bin/../lib/gcc/arm-none-eabi/4.9.2/thumb\libgcc.a(_aeabi_uldivmod.o)
                0x0200def0                __aeabi_uldivmod
 .text          0x0200df2c       0x60 d:/devkitpro/devkitarm/bin/../lib/gcc/arm-none-eabi/4.9.2/thumb\libgcc.a(_muldi3.o)
                0x0200df2c                __muldi3
                0x0200df2c                __aeabi_lmul
 .text          0x0200df8c       0x74 d:/devkitpro/devkitarm/bin/../lib/gcc/arm-none-eabi/4.9.2/thumb\libgcc.a(bpabi.o)
                0x0200df8c                __gnu_ldivmod_helper
                0x0200dfc8                __gnu_uldivmod_helper
 .text          0x0200e000      0x1f4 d:/devkitpro/devkitarm/bin/../lib/gcc/arm-none-eabi/4.9.2/thumb\libgcc.a(_divdi3.o)
                0x0200e000                __divdi3
 .text          0x0200e1f4      0x15c d:/devkitpro/devkitarm/bin/../lib/gcc/arm-none-eabi/4.9.2/thumb\libgcc.a(_udivdi3.o)
                0x0200e1f4                __udivdi3
 .text          0x0200e350       0x28 d:/devkitpro/devkitarm/bin/../lib/gcc/arm-none-eabi/4.9.2/thumb\libgcc.a(_clzdi2.o)
                0x0200e350                __clzdi2
 .text          0x0200e378       0x48 d:/devkitpro/devkitarm/bin/../lib/gcc/arm-none-eabi/4.9.2/thumb\libgcc.a(_clzsi2.o)
                0x0200e378                __clzsi2
 .text          0x0200e3c0        0xc d:/devkitpro/devkitarm/bin/../lib/gcc/arm-none-eabi/4.9.2/../../../../arm-none-eabi/lib/thumb\libg.a(lib_a-errno.o)
                0x0200e3c0                __errno
 .text          0x0200e3cc        0x0 d:/devkitpro/devkitarm/bin/../lib/gcc/arm-none-eabi/4.9.2/thumb/crtend.o
 .text          0x0200e3cc        0x0 d:/devkitpro/devkitarm/bin/../lib/gcc/arm-none-eabi/4.9.2/thumb/crtn.o
 *(.text.*)
 .text.startup  0x0200e3cc      0x1fc main.o
                0x0200e3cc                main
 .text.startup.__stub
                0x0200e5c8       0x70 linker stubs
 *(.stub)
 *(.gnu.warning)
 *(.gnu.linkonce.t*)
 *(.glue_7)
 .glue_7        0x00000000        0x0 linker stubs
 *(.glue_7t)
 .glue_7t       0x00000000        0x0 linker stubs
                0x0200e638                . = ALIGN (0x4)

.vfp11_veneer   0x0200e648        0x0
 .vfp11_veneer  0x00000000        0x0 linker stubs

.v4_bx          0x0200e648        0x0
 .v4_bx         0x00000000        0x0 linker stubs

.iplt           0x0200e648        0x0
 .iplt          0x00000000        0x0 d:/devkitpro/devkitarm/bin/../lib/gcc/arm-none-eabi/4.9.2/../../../../arm-none-eabi/lib/thumb/ds_arm9_crt0.o

.fini           0x0200e648        0xc
 *(.fini)
 .fini          0x0200e648        0x4 d:/devkitpro/devkitarm/bin/../lib/gcc/arm-none-eabi/4.9.2/thumb/crti.o
                0x0200e648                _fini
 .fini          0x0200e64c        0x8 d:/devkitpro/devkitarm/bin/../lib/gcc/arm-none-eabi/4.9.2/thumb/crtn.o
                0x0200e654                __text_end = .

.rodata         0x0200e654     0x6f78
 *(.rodata)
 .rodata        0x0200e654      0x200 d:/devkitPro/libnds/lib\libnds9.a(console.o)
 .rodata        0x0200e854     0x2004 d:/devkitPro/libnds/lib\libnds9.a(default_font.bin.o)
                0x0200e854                default_font_bin
                0x02010854                default_font_bin_size
                0x02010854                default_font_bin_end
 .rodata        0x02010858      0x308 d:/devkitPro/libnds/lib\libnds9.a(trig.o)
                0x02010858                SIN_LUT
                0x0201095c                TAN_LUT
 .rodata        0x02010b60        0x4 d:/devkitpro/devkitarm/bin/../lib/gcc/arm-none-eabi/4.9.2/../../../../arm-none-eabi/lib/thumb\libg.a(lib_a-impure.o)
                0x02010b60                _global_impure_ptr
 .rodata        0x02010b64      0x348 d:/devkitpro/devkitarm/bin/../lib/gcc/arm-none-eabi/4.9.2/../../../../arm-none-eabi/lib/thumb\libg.a(lib_a-svfiscanf.o)
 .rodata        0x02010eac      0x384 d:/devkitpro/devkitarm/bin/../lib/gcc/arm-none-eabi/4.9.2/../../../../arm-none-eabi/lib/thumb\libg.a(lib_a-vfiprintf.o)
 .rodata        0x02011230      0x104 d:/devkitpro/devkitarm/bin/../lib/gcc/arm-none-eabi/4.9.2/../../../../arm-none-eabi/lib/thumb\libg.a(lib_a-ctype_.o)
                0x02011230                _ctype_
 .rodata        0x02011334     0x34f0 d:/devkitpro/devkitarm/bin/../lib/gcc/arm-none-eabi/4.9.2/../../../../arm-none-eabi/lib/thumb\libg.a(lib_a-jp2uc.o)
 .rodata        0x02014824       0xf0 d:/devkitpro/devkitarm/bin/../lib/gcc/arm-none-eabi/4.9.2/../../../../arm-none-eabi/lib/thumb\libg.a(lib_a-locale.o)
 .rodata        0x02014914       0xa8 d:/devkitpro/devkitarm/bin/../lib/gcc/arm-none-eabi/4.9.2/../../../../arm-none-eabi/lib/thumb\libg.a(lib_a-mbtowc_r.o)
 .rodata        0x020149bc      0x55c d:/devkitpro/devkitarm/bin/../lib/gcc/arm-none-eabi/4.9.2/../../../../arm-none-eabi/lib/thumb\libg.a(lib_a-svfiprintf.o)
                0x02014d20                __chclass
                0x02014e20                __state_table
                0x02014e8c                __action_table
 .rodata        0x02014f18       0x64 d:/devkitpro/devkitarm/bin/../lib/gcc/arm-none-eabi/4.9.2/../../../../arm-none-eabi/lib/thumb\libsysbase.a(iosupport.o)
                0x02014f18                dotab_stdnull
 *all.rodata*(*)
 *(.roda)
 *(.rodata.*)
 .rodata.str1.4
                0x02014f7c      0x49d main.o
                                0x4a0 (size before relaxing)
 *fill*         0x02015419        0x3 ff
 .rodata.str1.4
                0x0201541c       0x4c d:/devkitPro/libnds/lib\libnds9.a(console.o)
 .rodata.str1.4
                0x02015468        0x2 d:/devkitpro/devkitarm/bin/../lib/gcc/arm-none-eabi/4.9.2/../../../../arm-none-eabi/lib/thumb\libg.a(lib_a-impure.o)
                                  0x4 (size before relaxing)
 .rodata.str1.4
                0x00000000        0x2 d:/devkitpro/devkitarm/bin/../lib/gcc/arm-none-eabi/4.9.2/../../../../arm-none-eabi/lib/thumb\libg.a(lib_a-puts.o)
                                  0x4 (size before relaxing)
 *fill*         0x0201546a        0x2 ff
 .rodata.str1.4
                0x0201546c       0x2f d:/devkitpro/devkitarm/bin/../lib/gcc/arm-none-eabi/4.9.2/../../../../arm-none-eabi/lib/thumb\libg.a(lib_a-vfiprintf.o)
                                 0x30 (size before relaxing)
 *fill*         0x0201549b        0x1 ff
 .rodata.str1.4
                0x0201549c       0x12 d:/devkitpro/devkitarm/bin/../lib/gcc/arm-none-eabi/4.9.2/../../../../arm-none-eabi/lib/thumb\libg.a(lib_a-jp2uc.o)
                                 0x14 (size before relaxing)
 *fill*         0x020154ae        0x2 ff
 .rodata.str1.4
                0x020154b0      0x112 d:/devkitpro/devkitarm/bin/../lib/gcc/arm-none-eabi/4.9.2/../../../../arm-none-eabi/lib/thumb\libg.a(lib_a-locale.o)
                                0x130 (size before relaxing)
 .rodata.str1.4
                0x00000000        0x4 d:/devkitpro/devkitarm/bin/../lib/gcc/arm-none-eabi/4.9.2/../../../../arm-none-eabi/lib/thumb\libg.a(lib_a-mbrtowc.o)
 .rodata.str1.4
                0x00000000       0x30 d:/devkitpro/devkitarm/bin/../lib/gcc/arm-none-eabi/4.9.2/../../../../arm-none-eabi/lib/thumb\libg.a(lib_a-svfiprintf.o)
 *fill*         0x020155c2        0x2 ff
 .rodata.str1.4
                0x020155c4        0x8 d:/devkitpro/devkitarm/bin/../lib/gcc/arm-none-eabi/4.9.2/../../../../arm-none-eabi/lib/thumb\libsysbase.a(iosupport.o)
 *(.gnu.linkonce.r*)
                0x020155cc                . = ALIGN (0x4)

.rel.dyn        0x020155cc        0x0
 .rel.iplt      0x00000000        0x0 d:/devkitpro/devkitarm/bin/../lib/gcc/arm-none-eabi/4.9.2/../../../../arm-none-eabi/lib/thumb/ds_arm9_crt0.o

.ARM.extab
 *(.ARM.extab* .gnu.linkonce.armextab.*)
                0x020155cc                __exidx_start = .

ARM.exidx
 *(.ARM.exidx* .gnu.linkonce.armexidx.*)
                0x020155cc                __exidx_end = .
                0x020155cc                . = ALIGN (0x4)
                0x020155cc                PROVIDE (__preinit_array_start, .)

.preinit_array
 *(.preinit_array)
                0x020155cc                PROVIDE (__preinit_array_end, .)
                0x020155cc                PROVIDE (__init_array_start, .)

.init_array     0x020155cc        0x4
 *(SORT(.init_array.*))
 *(.init_array)
 .init_array    0x020155cc        0x4 d:/devkitpro/devkitarm/bin/../lib/gcc/arm-none-eabi/4.9.2/thumb/crtbegin.o
                0x020155d0                PROVIDE (__init_array_end, .)
                0x020155d0                PROVIDE (__fini_array_start, .)

.fini_array     0x020155d0        0x4
 *(.fini_array)
 .fini_array    0x020155d0        0x4 d:/devkitpro/devkitarm/bin/../lib/gcc/arm-none-eabi/4.9.2/thumb/crtbegin.o
 *(SORT(.fini_array.*))
                0x020155d4                PROVIDE (__fini_array_end, .)

.ctors          0x020155d4        0x0
 *crtbegin.o(.ctors)
 *(EXCLUDE_FILE(*crtend.o) .ctors)
 *(SORT(.ctors.*))
 *(.ctors)
                0x020155d4                . = ALIGN (0x4)

.dtors          0x020155d4        0x0
 *crtbegin.o(.dtors)
 *(EXCLUDE_FILE(*crtend.o) .dtors)
 *(SORT(.dtors.*))
 *(.dtors)
                0x020155d4                . = ALIGN (0x4)

.eh_frame       0x020155d4        0x4
 *(.eh_frame)
 .eh_frame      0x020155d4        0x0 d:/devkitpro/devkitarm/bin/../lib/gcc/arm-none-eabi/4.9.2/thumb/crtbegin.o
 .eh_frame      0x020155d4        0x4 d:/devkitpro/devkitarm/bin/../lib/gcc/arm-none-eabi/4.9.2/thumb/crtend.o
                0x020155d8                . = ALIGN (0x4)

.gcc_except_table
                0x020155d8        0x0
 *(.gcc_except_table)
                0x020155d8                . = ALIGN (0x4)

.jcr            0x020155d8        0x4
 *(.jcr)
 .jcr           0x020155d8        0x0 d:/devkitpro/devkitarm/bin/../lib/gcc/arm-none-eabi/4.9.2/thumb/crtbegin.o
 .jcr           0x020155d8        0x4 d:/devkitpro/devkitarm/bin/../lib/gcc/arm-none-eabi/4.9.2/thumb/crtend.o

.got
 *(.got.plt)
 *(.got)
 *(.rel.got)

.ewram          0x020155dc        0x0
                0x020155dc                __ewram_start = ABSOLUTE (.)
 *(.ewram)
 *ewram.*(.text)
                0x020155dc                . = ALIGN (0x4)

.data           0x020155dc      0xaec
                0x020155dc                __data_start = ABSOLUTE (.)
 *(.data)
 .data          0x020155dc        0x0 d:/devkitpro/devkitarm/bin/../lib/gcc/arm-none-eabi/4.9.2/../../../../arm-none-eabi/lib/thumb/ds_arm9_crt0.o
 .data          0x020155dc        0x0 d:/devkitpro/devkitarm/bin/../lib/gcc/arm-none-eabi/4.9.2/thumb/crti.o
 .data          0x020155dc        0x4 d:/devkitpro/devkitarm/bin/../lib/gcc/arm-none-eabi/4.9.2/thumb/crtbegin.o
                0x020155dc                __dso_handle
 .data          0x020155e0        0x0 main.o
 .data          0x020155e0       0x64 d:/devkitPro/libnds/lib\libnds9.a(console.o)
                0x020155e0                currentConsole
                0x020155e4                defaultConsole
 .data          0x02015644        0x3 d:/devkitPro/libnds/lib\libnds9.a(keys.o)
 .data          0x02015647        0x0 d:/devkitPro/libnds/lib\libnds9.a(touch.o)
 .data          0x02015647        0x0 d:/devkitPro/libnds/lib\libnds9.a(initSystem.o)
 *fill*         0x02015647        0x1 ff
 .data          0x02015648       0x10 d:/devkitPro/libnds/lib\libnds9.a(fifosystem.o)
                0x02015648                fifo_buffer_free
                0x0201564c                fifo_freewords
                0x02015650                fifo_send_queue
                0x02015654                fifo_receive_queue
 .data          0x02015658        0x0 d:/devkitPro/libnds/lib\libnds9.a(interrupts.o)
 .data          0x02015658        0x0 d:/devkitPro/libnds/lib\libnds9.a(libnds_exit.arm.o)
 .data          0x02015658        0x0 d:/devkitPro/libnds/lib\libnds9.a(mpu_setup.o)
 .data          0x02015658        0x0 d:/devkitPro/libnds/lib\libnds9.a(biosCalls.o)
 .data          0x02015658        0x0 d:/devkitPro/libnds/lib\libnds9.a(debugprint.o)
 .data          0x02015658        0x0 d:/devkitPro/libnds/lib\libnds9.a(interruptDispatcher.o)
 .data          0x02015658        0x0 d:/devkitPro/libnds/lib\libnds9.a(swiSoftReset.o)
 .data          0x02015658        0x0 d:/devkitPro/libnds/lib\libnds9.a(default_font.bin.o)
 .data          0x02015658       0x60 d:/devkitPro/libnds/lib\libnds9.a(background.o)
                0x02015658                bgScrollTable
                0x02015678                bgTransform
                0x02015698                bgControl
 .data          0x020156b8        0x0 d:/devkitPro/libnds/lib\libnds9.a(system.o)
 .data          0x020156b8        0x0 d:/devkitPro/libnds/lib\libnds9.a(trig.o)
 .data          0x020156b8        0x0 d:/devkitPro/libnds/lib\libnds9.a(video.o)
 .data          0x020156b8        0x0 d:/devkitpro/devkitarm/bin/../lib/gcc/arm-none-eabi/4.9.2/thumb\libgcc.a(_divsi3.o)
 .data          0x020156b8        0x0 d:/devkitpro/devkitarm/bin/../lib/gcc/arm-none-eabi/4.9.2/thumb\libgcc.a(_dvmd_tls.o)
 .data          0x020156b8        0x0 d:/devkitpro/devkitarm/bin/../lib/gcc/arm-none-eabi/4.9.2/../../../../arm-none-eabi/lib/thumb\libg.a(lib_a-bsearch.o)
 .data          0x020156b8      0x430 d:/devkitpro/devkitarm/bin/../lib/gcc/arm-none-eabi/4.9.2/../../../../arm-none-eabi/lib/thumb\libg.a(lib_a-impure.o)
                0x020156b8                _impure_ptr
 .data          0x02015ae8        0x0 d:/devkitpro/devkitarm/bin/../lib/gcc/arm-none-eabi/4.9.2/../../../../arm-none-eabi/lib/thumb\libg.a(lib_a-init.o)
 .data          0x02015ae8        0x0 d:/devkitpro/devkitarm/bin/../lib/gcc/arm-none-eabi/4.9.2/../../../../arm-none-eabi/lib/thumb\libg.a(lib_a-iprintf.o)
 .data          0x02015ae8        0x0 d:/devkitpro/devkitarm/bin/../lib/gcc/arm-none-eabi/4.9.2/../../../../arm-none-eabi/lib/thumb\libg.a(lib_a-memcpy-stub.o)
 .data          0x02015ae8        0x0 d:/devkitpro/devkitarm/bin/../lib/gcc/arm-none-eabi/4.9.2/../../../../arm-none-eabi/lib/thumb\libg.a(lib_a-puts.o)
 .data          0x02015ae8        0x0 d:/devkitpro/devkitarm/bin/../lib/gcc/arm-none-eabi/4.9.2/../../../../arm-none-eabi/lib/thumb\libg.a(lib_a-setvbuf.o)
 .data          0x02015ae8        0x0 d:/devkitpro/devkitarm/bin/../lib/gcc/arm-none-eabi/4.9.2/../../../../arm-none-eabi/lib/thumb\libg.a(lib_a-siscanf.o)
 .data          0x02015ae8        0x0 d:/devkitpro/devkitarm/bin/../lib/gcc/arm-none-eabi/4.9.2/../../../../arm-none-eabi/lib/thumb\libg.a(lib_a-stdio.o)
 .data          0x02015ae8        0x0 d:/devkitpro/devkitarm/bin/../lib/gcc/arm-none-eabi/4.9.2/../../../../arm-none-eabi/lib/thumb\libg.a(lib_a-strlen.o)
 .data          0x02015ae8        0x0 d:/devkitpro/devkitarm/bin/../lib/gcc/arm-none-eabi/4.9.2/../../../../arm-none-eabi/lib/thumb\libg.a(lib_a-svfiscanf.o)
 .data          0x02015ae8        0x0 d:/devkitpro/devkitarm/bin/../lib/gcc/arm-none-eabi/4.9.2/../../../../arm-none-eabi/lib/thumb\libg.a(lib_a-ungetc.o)
 .data          0x02015ae8        0x0 d:/devkitpro/devkitarm/bin/../lib/gcc/arm-none-eabi/4.9.2/../../../../arm-none-eabi/lib/thumb\libg.a(lib_a-vfiprintf.o)
 .data          0x02015ae8        0x0 d:/devkitpro/devkitarm/bin/../lib/gcc/arm-none-eabi/4.9.2/../../../../arm-none-eabi/lib/thumb\libg.a(lib_a-wcrtomb.o)
 .data          0x02015ae8        0x0 d:/devkitpro/devkitarm/bin/../lib/gcc/arm-none-eabi/4.9.2/../../../../arm-none-eabi/lib/thumb\libg.a(lib_a-wcsrtombs.o)
 .data          0x02015ae8        0x4 d:/devkitpro/devkitarm/bin/../lib/gcc/arm-none-eabi/4.9.2/../../../../arm-none-eabi/lib/thumb\libg.a(lib_a-wctomb_r.o)
                0x02015ae8                __wctomb
 .data          0x02015aec        0x0 d:/devkitpro/devkitarm/bin/../lib/gcc/arm-none-eabi/4.9.2/../../../../arm-none-eabi/lib/thumb\libg.a(lib_a-wsetup.o)
 .data          0x02015aec        0x4 d:/devkitpro/devkitarm/bin/../lib/gcc/arm-none-eabi/4.9.2/../../../../arm-none-eabi/lib/thumb\libg.a(lib_a-ctype_.o)
                0x02015aec                __ctype_ptr__
 .data          0x02015af0        0x0 d:/devkitpro/devkitarm/bin/../lib/gcc/arm-none-eabi/4.9.2/../../../../arm-none-eabi/lib/thumb\libg.a(lib_a-fflush.o)
 .data          0x02015af0        0x0 d:/devkitpro/devkitarm/bin/../lib/gcc/arm-none-eabi/4.9.2/../../../../arm-none-eabi/lib/thumb\libg.a(lib_a-findfp.o)
 .data          0x02015af0        0x0 d:/devkitpro/devkitarm/bin/../lib/gcc/arm-none-eabi/4.9.2/../../../../arm-none-eabi/lib/thumb\libg.a(lib_a-fputwc.o)
 .data          0x02015af0        0x0 d:/devkitpro/devkitarm/bin/../lib/gcc/arm-none-eabi/4.9.2/../../../../arm-none-eabi/lib/thumb\libg.a(lib_a-freer.o)
 .data          0x02015af0        0x0 d:/devkitpro/devkitarm/bin/../lib/gcc/arm-none-eabi/4.9.2/../../../../arm-none-eabi/lib/thumb\libg.a(lib_a-fvwrite.o)
 .data          0x02015af0        0x0 d:/devkitpro/devkitarm/bin/../lib/gcc/arm-none-eabi/4.9.2/../../../../arm-none-eabi/lib/thumb\libg.a(lib_a-fwalk.o)
 .data          0x02015af0        0x0 d:/devkitpro/devkitarm/bin/../lib/gcc/arm-none-eabi/4.9.2/../../../../arm-none-eabi/lib/thumb\libg.a(lib_a-iswspace.o)
 .data          0x02015af0        0x0 d:/devkitpro/devkitarm/bin/../lib/gcc/arm-none-eabi/4.9.2/../../../../arm-none-eabi/lib/thumb\libg.a(lib_a-jp2uc.o)
 .data          0x02015af0      0x17c d:/devkitpro/devkitarm/bin/../lib/gcc/arm-none-eabi/4.9.2/../../../../arm-none-eabi/lib/thumb\libg.a(lib_a-locale.o)
                0x02015af0                __default_locale
                0x02015c10                __mb_cur_max
 .data          0x02015c6c        0x0 d:/devkitpro/devkitarm/bin/../lib/gcc/arm-none-eabi/4.9.2/../../../../arm-none-eabi/lib/thumb\libg.a(lib_a-makebuf.o)
 .data          0x02015c6c        0x0 d:/devkitpro/devkitarm/bin/../lib/gcc/arm-none-eabi/4.9.2/../../../../arm-none-eabi/lib/thumb\libg.a(lib_a-malloc.o)
 .data          0x02015c6c      0x410 d:/devkitpro/devkitarm/bin/../lib/gcc/arm-none-eabi/4.9.2/../../../../arm-none-eabi/lib/thumb\libg.a(lib_a-mallocr.o)
                0x02015c6c                __malloc_av_
                0x02016074                __malloc_sbrk_base
                0x02016078                __malloc_trim_threshold
 .data          0x0201607c        0x0 d:/devkitpro/devkitarm/bin/../lib/gcc/arm-none-eabi/4.9.2/../../../../arm-none-eabi/lib/thumb\libg.a(lib_a-mbrtowc.o)
 .data          0x0201607c        0x4 d:/devkitpro/devkitarm/bin/../lib/gcc/arm-none-eabi/4.9.2/../../../../arm-none-eabi/lib/thumb\libg.a(lib_a-mbtowc_r.o)
                0x0201607c                __mbtowc
 .data          0x02016080        0x0 d:/devkitpro/devkitarm/bin/../lib/gcc/arm-none-eabi/4.9.2/../../../../arm-none-eabi/lib/thumb\libg.a(lib_a-memchr-stub.o)
 .data          0x02016080        0x0 d:/devkitpro/devkitarm/bin/../lib/gcc/arm-none-eabi/4.9.2/../../../../arm-none-eabi/lib/thumb\libg.a(lib_a-memmove.o)
 .data          0x02016080        0x0 d:/devkitpro/devkitarm/bin/../lib/gcc/arm-none-eabi/4.9.2/../../../../arm-none-eabi/lib/thumb\libg.a(lib_a-memset.o)
 .data          0x02016080        0x0 d:/devkitpro/devkitarm/bin/../lib/gcc/arm-none-eabi/4.9.2/../../../../arm-none-eabi/lib/thumb\libg.a(lib_a-mlock.o)
 .data          0x02016080        0x0 d:/devkitpro/devkitarm/bin/../lib/gcc/arm-none-eabi/4.9.2/../../../../arm-none-eabi/lib/thumb\libg.a(lib_a-reallocr.o)
 .data          0x02016080        0x0 d:/devkitpro/devkitarm/bin/../lib/gcc/arm-none-eabi/4.9.2/../../../../arm-none-eabi/lib/thumb\libg.a(lib_a-sccl.o)
 .data          0x02016080        0x0 d:/devkitpro/devkitarm/bin/../lib/gcc/arm-none-eabi/4.9.2/../../../../arm-none-eabi/lib/thumb\libg.a(lib_a-strcasecmp.o)
 .data          0x02016080        0x0 d:/devkitpro/devkitarm/bin/../lib/gcc/arm-none-eabi/4.9.2/../../../../arm-none-eabi/lib/thumb\libg.a(lib_a-strcat.o)
 .data          0x02016080        0x0 d:/devkitpro/devkitarm/bin/../lib/gcc/arm-none-eabi/4.9.2/../../../../arm-none-eabi/lib/thumb\libg.a(lib_a-strchr.o)
 .data          0x02016080        0x0 d:/devkitpro/devkitarm/bin/../lib/gcc/arm-none-eabi/4.9.2/../../../../arm-none-eabi/lib/thumb\libg.a(lib_a-strcmp.o)
 .data          0x02016080        0x0 d:/devkitpro/devkitarm/bin/../lib/gcc/arm-none-eabi/4.9.2/../../../../arm-none-eabi/lib/thumb\libg.a(lib_a-strcpy.o)
 .data          0x02016080        0x0 d:/devkitpro/devkitarm/bin/../lib/gcc/arm-none-eabi/4.9.2/../../../../arm-none-eabi/lib/thumb\libg.a(lib_a-strlcpy.o)
 .data          0x02016080        0x0 d:/devkitpro/devkitarm/bin/../lib/gcc/arm-none-eabi/4.9.2/../../../../arm-none-eabi/lib/thumb\libg.a(lib_a-strncasecmp.o)
 .data          0x02016080        0x0 d:/devkitpro/devkitarm/bin/../lib/gcc/arm-none-eabi/4.9.2/../../../../arm-none-eabi/lib/thumb\libg.a(lib_a-strncmp.o)
 .data          0x02016080        0x0 d:/devkitpro/devkitarm/bin/../lib/gcc/arm-none-eabi/4.9.2/../../../../arm-none-eabi/lib/thumb\libg.a(lib_a-strncpy.o)
 .data          0x02016080        0x0 d:/devkitpro/devkitarm/bin/../lib/gcc/arm-none-eabi/4.9.2/../../../../arm-none-eabi/lib/thumb\libg.a(lib_a-strtoll_r.o)
 .data          0x02016080        0x0 d:/devkitpro/devkitarm/bin/../lib/gcc/arm-none-eabi/4.9.2/../../../../arm-none-eabi/lib/thumb\libg.a(lib_a-strtol.o)
 .data          0x02016080        0x0 d:/devkitpro/devkitarm/bin/../lib/gcc/arm-none-eabi/4.9.2/../../../../arm-none-eabi/lib/thumb\libg.a(lib_a-strtoull_r.o)
 .data          0x02016080        0x0 d:/devkitpro/devkitarm/bin/../lib/gcc/arm-none-eabi/4.9.2/../../../../arm-none-eabi/lib/thumb\libg.a(lib_a-strtoul.o)
 .data          0x02016080        0x0 d:/devkitpro/devkitarm/bin/../lib/gcc/arm-none-eabi/4.9.2/../../../../arm-none-eabi/lib/thumb\libg.a(lib_a-svfiprintf.o)
 .data          0x02016080        0x0 d:/devkitpro/devkitarm/bin/../lib/gcc/arm-none-eabi/4.9.2/../../../../arm-none-eabi/lib/thumb\libg.a(lib_a-wbuf.o)
 .data          0x02016080        0x0 d:/devkitpro/devkitarm/bin/../lib/gcc/arm-none-eabi/4.9.2/../../../../arm-none-eabi/lib/thumb\libg.a(lib_a-wcsnrtombs.o)
 .data          0x02016080        0x0 d:/devkitpro/devkitarm/bin/../lib/gcc/arm-none-eabi/4.9.2/../../../../arm-none-eabi/lib/thumb\libg.a(lib_a-fclose.o)
 .data          0x02016080        0x0 d:/devkitpro/devkitarm/bin/../lib/gcc/arm-none-eabi/4.9.2/../../../../arm-none-eabi/lib/thumb\libg.a(lib_a-getenv_r.o)
 .data          0x02016080        0x4 d:/devkitpro/devkitarm/bin/../lib/gcc/arm-none-eabi/4.9.2/../../../../arm-none-eabi/lib/thumb\libg.a(lib_a-environ.o)
                0x02016080                environ
 .data          0x02016084        0x0 d:/devkitpro/devkitarm/bin/../lib/gcc/arm-none-eabi/4.9.2/../../../../arm-none-eabi/lib/thumb\libg.a(lib_a-envlock.o)
 .data          0x02016084       0x44 d:/devkitpro/devkitarm/bin/../lib/gcc/arm-none-eabi/4.9.2/../../../../arm-none-eabi/lib/thumb\libsysbase.a(iosupport.o)
                0x02016088                devoptab_list
 .data          0x020160c8        0x0 d:/devkitpro/devkitarm/bin/../lib/gcc/arm-none-eabi/4.9.2/../../../../arm-none-eabi/lib/thumb\libsysbase.a(close.o)
 .data          0x020160c8        0x0 d:/devkitpro/devkitarm/bin/../lib/gcc/arm-none-eabi/4.9.2/../../../../arm-none-eabi/lib/thumb\libsysbase.a(fstat.o)
 .data          0x020160c8        0x0 d:/devkitpro/devkitarm/bin/../lib/gcc/arm-none-eabi/4.9.2/../../../../arm-none-eabi/lib/thumb\libsysbase.a(isatty.o)
 .data          0x020160c8        0x0 d:/devkitpro/devkitarm/bin/../lib/gcc/arm-none-eabi/4.9.2/../../../../arm-none-eabi/lib/thumb\libsysbase.a(lseek.o)
 .data          0x020160c8        0x0 d:/devkitpro/devkitarm/bin/../lib/gcc/arm-none-eabi/4.9.2/../../../../arm-none-eabi/lib/thumb\libsysbase.a(read.o)
 .data          0x020160c8        0x0 d:/devkitpro/devkitarm/bin/../lib/gcc/arm-none-eabi/4.9.2/../../../../arm-none-eabi/lib/thumb\libsysbase.a(sbrk.o)
 .data          0x020160c8        0x0 d:/devkitpro/devkitarm/bin/../lib/gcc/arm-none-eabi/4.9.2/../../../../arm-none-eabi/lib/thumb\libsysbase.a(times.o)
 .data          0x020160c8        0x0 d:/devkitpro/devkitarm/bin/../lib/gcc/arm-none-eabi/4.9.2/../../../../arm-none-eabi/lib/thumb\libsysbase.a(write.o)
 .data          0x020160c8        0x0 d:/devkitpro/devkitarm/bin/../lib/gcc/arm-none-eabi/4.9.2/../../../../arm-none-eabi/lib/thumb\libsysbase.a(malloc_vars.o)
 .data          0x020160c8        0x0 d:/devkitpro/devkitarm/bin/../lib/gcc/arm-none-eabi/4.9.2/../../../../arm-none-eabi/lib/thumb\libsysbase.a(build_argv.o)
 .data          0x020160c8        0x0 d:/devkitpro/devkitarm/bin/../lib/gcc/arm-none-eabi/4.9.2/../../../../arm-none-eabi/lib/thumb\libsysbase.a(syscall_support.o)
 .data          0x020160c8        0x0 d:/devkitpro/devkitarm/bin/../lib/gcc/arm-none-eabi/4.9.2/../../../../arm-none-eabi/lib/thumb\libsysbase.a(handle_manager.o)
 .data          0x020160c8        0x0 d:/devkitpro/devkitarm/bin/../lib/gcc/arm-none-eabi/4.9.2/thumb\libgcc.a(_udivsi3.o)
 .data          0x020160c8        0x0 d:/devkitpro/devkitarm/bin/../lib/gcc/arm-none-eabi/4.9.2/thumb\libgcc.a(_aeabi_uldivmod.o)
 .data          0x020160c8        0x0 d:/devkitpro/devkitarm/bin/../lib/gcc/arm-none-eabi/4.9.2/thumb\libgcc.a(_muldi3.o)
 .data          0x020160c8        0x0 d:/devkitpro/devkitarm/bin/../lib/gcc/arm-none-eabi/4.9.2/thumb\libgcc.a(bpabi.o)
 .data          0x020160c8        0x0 d:/devkitpro/devkitarm/bin/../lib/gcc/arm-none-eabi/4.9.2/thumb\libgcc.a(_divdi3.o)
 .data          0x020160c8        0x0 d:/devkitpro/devkitarm/bin/../lib/gcc/arm-none-eabi/4.9.2/thumb\libgcc.a(_udivdi3.o)
 .data          0x020160c8        0x0 d:/devkitpro/devkitarm/bin/../lib/gcc/arm-none-eabi/4.9.2/thumb\libgcc.a(_clzdi2.o)
 .data          0x020160c8        0x0 d:/devkitpro/devkitarm/bin/../lib/gcc/arm-none-eabi/4.9.2/thumb\libgcc.a(_clzsi2.o)
 .data          0x020160c8        0x0 d:/devkitpro/devkitarm/bin/../lib/gcc/arm-none-eabi/4.9.2/../../../../arm-none-eabi/lib/thumb\libg.a(lib_a-errno.o)
 .data          0x020160c8        0x0 d:/devkitpro/devkitarm/bin/../lib/gcc/arm-none-eabi/4.9.2/thumb/crtend.o
 .data          0x020160c8        0x0 d:/devkitpro/devkitarm/bin/../lib/gcc/arm-none-eabi/4.9.2/thumb/crtn.o
 *(.data.*)
 *(.gnu.linkonce.d*)
                0x020160c8                . = ALIGN (0x4)
                0x020160c8                __data_end = ABSOLUTE (.)
                0x020160c8                __dtcm_lma = .
                0x020160c8                __bss_vma = .

.igot.plt       0x020160c8        0x0
 .igot.plt      0x00000000        0x0 d:/devkitpro/devkitarm/bin/../lib/gcc/arm-none-eabi/4.9.2/../../../../arm-none-eabi/lib/thumb/ds_arm9_crt0.o

.tm_clone_table
                0x020160c8        0x0
 .tm_clone_table
                0x020160c8        0x0 d:/devkitpro/devkitarm/bin/../lib/gcc/arm-none-eabi/4.9.2/thumb/crtbegin.o
 .tm_clone_table
                0x020160c8        0x0 d:/devkitpro/devkitarm/bin/../lib/gcc/arm-none-eabi/4.9.2/thumb/crtend.o

.dtcm           0x0b000000        0x0 load address 0x020160c8
 *(.dtcm)
 *(.dtcm.*)
                0x0b000000                . = ALIGN (0x4)
                0x0b000000                __dtcm_end = ABSOLUTE (.)
                0x020160c8                __itcm_lma = (__dtcm_lma + SIZEOF (.dtcm))

.itcm           0x01000100      0x194 load address 0x020160c8
 *(.itcm)
 .itcm          0x01000100       0xc8 d:/devkitPro/libnds/lib\libnds9.a(interrupts.o)
                0x01000100                irqTable
 .itcm          0x010001c8       0xcc d:/devkitPro/libnds/lib\libnds9.a(interruptDispatcher.o)
                0x010001c8                IntrMain
 *itcm.*(.text)
                0x01000294                . = ALIGN (0x4)
                0x01000294                __itcm_end = ABSOLUTE (.)
                0x0201625c                __vectors_lma = (__itcm_lma + SIZEOF (.itcm))

.vectors        0x01000000        0x0 load address 0x0201625c
 *(.vectors)
 *vectors.*(.text)
                0x01000000                . = ALIGN (0x4)
                0x01000000                __vectors_end = ABSOLUTE (.)

.sbss           0x0b000000        0x0
                0x0b000000                __sbss_start = ABSOLUTE (.)
                0x0b000000                __sbss_start__ = ABSOLUTE (.)
 *(.sbss)
                0x0b000000                . = ALIGN (0x4)
                0x0b000000                __sbss_end = ABSOLUTE (.)

.bss            0x020160c8     0x1f58
                0x020160c8                __bss_start = ABSOLUTE (.)
                0x020160c8                __bss_start__ = ABSOLUTE (.)
 *(.dynbss)
 *(.gnu.linkonce.b*)
 *(.bss*)
 .bss           0x020160c8        0x0 d:/devkitpro/devkitarm/bin/../lib/gcc/arm-none-eabi/4.9.2/../../../../arm-none-eabi/lib/thumb/ds_arm9_crt0.o
 .bss           0x020160c8        0x0 d:/devkitpro/devkitarm/bin/../lib/gcc/arm-none-eabi/4.9.2/thumb/crti.o
 .bss           0x020160c8       0x1c d:/devkitpro/devkitarm/bin/../lib/gcc/arm-none-eabi/4.9.2/thumb/crtbegin.o
 .bss           0x020160e4       0x38 main.o
                0x020160e4                teclaA
                0x020160e8                teclaB
                0x020160ec                teclaX
                0x020160f0                teclaY
                0x020160f4                teclaUp
                0x020160f8                teclaDown
                0x020160fc                teclaLeft
                0x02016100                teclaRight
                0x02016104                teclaStart
                0x02016108                teclaSelect
                0x0201610c                pantallaC
                0x02016110                pantallaA
                0x02016114                teclaL
                0x02016118                teclaR
 .bss           0x0201611c        0x0 d:/devkitPro/libnds/lib\libnds9.a(console.o)
 .bss           0x0201611c        0x6 d:/devkitPro/libnds/lib\libnds9.a(keys.o)
 .bss           0x02016122        0x0 d:/devkitPro/libnds/lib\libnds9.a(touch.o)
 .bss           0x02016122        0x0 d:/devkitPro/libnds/lib\libnds9.a(initSystem.o)
 *fill*         0x02016122        0x2 
 .bss           0x02016124        0x8 d:/devkitPro/libnds/lib\libnds9.a(fifosystem.o)
                0x02016128                processing
 .bss           0x0201612c        0x0 d:/devkitPro/libnds/lib\libnds9.a(interrupts.o)
 .bss           0x0201612c        0x0 d:/devkitPro/libnds/lib\libnds9.a(libnds_exit.arm.o)
 .bss           0x0201612c        0x0 d:/devkitPro/libnds/lib\libnds9.a(mpu_setup.o)
 .bss           0x0201612c        0x0 d:/devkitPro/libnds/lib\libnds9.a(biosCalls.o)
 .bss           0x0201612c        0x0 d:/devkitPro/libnds/lib\libnds9.a(debugprint.o)
 .bss           0x0201612c        0x0 d:/devkitPro/libnds/lib\libnds9.a(interruptDispatcher.o)
 .bss           0x0201612c        0x0 d:/devkitPro/libnds/lib\libnds9.a(swiSoftReset.o)
 .bss           0x0201612c        0x0 d:/devkitPro/libnds/lib\libnds9.a(default_font.bin.o)
 .bss           0x0201612c        0x0 d:/devkitPro/libnds/lib\libnds9.a(background.o)
 .bss           0x0201612c        0x4 d:/devkitPro/libnds/lib\libnds9.a(system.o)
 .bss           0x02016130        0x0 d:/devkitPro/libnds/lib\libnds9.a(trig.o)
 .bss           0x02016130        0x0 d:/devkitPro/libnds/lib\libnds9.a(video.o)
 .bss           0x02016130        0x0 d:/devkitpro/devkitarm/bin/../lib/gcc/arm-none-eabi/4.9.2/thumb\libgcc.a(_divsi3.o)
 .bss           0x02016130        0x0 d:/devkitpro/devkitarm/bin/../lib/gcc/arm-none-eabi/4.9.2/thumb\libgcc.a(_dvmd_tls.o)
 .bss           0x02016130        0x0 d:/devkitpro/devkitarm/bin/../lib/gcc/arm-none-eabi/4.9.2/../../../../arm-none-eabi/lib/thumb\libg.a(lib_a-bsearch.o)
 .bss           0x02016130        0x0 d:/devkitpro/devkitarm/bin/../lib/gcc/arm-none-eabi/4.9.2/../../../../arm-none-eabi/lib/thumb\libg.a(lib_a-impure.o)
 .bss           0x02016130        0x0 d:/devkitpro/devkitarm/bin/../lib/gcc/arm-none-eabi/4.9.2/../../../../arm-none-eabi/lib/thumb\libg.a(lib_a-init.o)
 .bss           0x02016130        0x0 d:/devkitpro/devkitarm/bin/../lib/gcc/arm-none-eabi/4.9.2/../../../../arm-none-eabi/lib/thumb\libg.a(lib_a-iprintf.o)
 .bss           0x02016130        0x0 d:/devkitpro/devkitarm/bin/../lib/gcc/arm-none-eabi/4.9.2/../../../../arm-none-eabi/lib/thumb\libg.a(lib_a-memcpy-stub.o)
 .bss           0x02016130        0x0 d:/devkitpro/devkitarm/bin/../lib/gcc/arm-none-eabi/4.9.2/../../../../arm-none-eabi/lib/thumb\libg.a(lib_a-puts.o)
 .bss           0x02016130        0x0 d:/devkitpro/devkitarm/bin/../lib/gcc/arm-none-eabi/4.9.2/../../../../arm-none-eabi/lib/thumb\libg.a(lib_a-setvbuf.o)
 .bss           0x02016130        0x0 d:/devkitpro/devkitarm/bin/../lib/gcc/arm-none-eabi/4.9.2/../../../../arm-none-eabi/lib/thumb\libg.a(lib_a-siscanf.o)
 .bss           0x02016130        0x0 d:/devkitpro/devkitarm/bin/../lib/gcc/arm-none-eabi/4.9.2/../../../../arm-none-eabi/lib/thumb\libg.a(lib_a-stdio.o)
 .bss           0x02016130        0x0 d:/devkitpro/devkitarm/bin/../lib/gcc/arm-none-eabi/4.9.2/../../../../arm-none-eabi/lib/thumb\libg.a(lib_a-strlen.o)
 .bss           0x02016130        0x0 d:/devkitpro/devkitarm/bin/../lib/gcc/arm-none-eabi/4.9.2/../../../../arm-none-eabi/lib/thumb\libg.a(lib_a-svfiscanf.o)
 .bss           0x02016130        0x0 d:/devkitpro/devkitarm/bin/../lib/gcc/arm-none-eabi/4.9.2/../../../../arm-none-eabi/lib/thumb\libg.a(lib_a-ungetc.o)
 .bss           0x02016130        0x0 d:/devkitpro/devkitarm/bin/../lib/gcc/arm-none-eabi/4.9.2/../../../../arm-none-eabi/lib/thumb\libg.a(lib_a-vfiprintf.o)
 .bss           0x02016130        0x0 d:/devkitpro/devkitarm/bin/../lib/gcc/arm-none-eabi/4.9.2/../../../../arm-none-eabi/lib/thumb\libg.a(lib_a-wcrtomb.o)
 .bss           0x02016130        0x0 d:/devkitpro/devkitarm/bin/../lib/gcc/arm-none-eabi/4.9.2/../../../../arm-none-eabi/lib/thumb\libg.a(lib_a-wcsrtombs.o)
 .bss           0x02016130        0x0 d:/devkitpro/devkitarm/bin/../lib/gcc/arm-none-eabi/4.9.2/../../../../arm-none-eabi/lib/thumb\libg.a(lib_a-wctomb_r.o)
 .bss           0x02016130        0x0 d:/devkitpro/devkitarm/bin/../lib/gcc/arm-none-eabi/4.9.2/../../../../arm-none-eabi/lib/thumb\libg.a(lib_a-wsetup.o)
 .bss           0x02016130        0x0 d:/devkitpro/devkitarm/bin/../lib/gcc/arm-none-eabi/4.9.2/../../../../arm-none-eabi/lib/thumb\libg.a(lib_a-ctype_.o)
 .bss           0x02016130        0x0 d:/devkitpro/devkitarm/bin/../lib/gcc/arm-none-eabi/4.9.2/../../../../arm-none-eabi/lib/thumb\libg.a(lib_a-fflush.o)
 .bss           0x02016130        0x0 d:/devkitpro/devkitarm/bin/../lib/gcc/arm-none-eabi/4.9.2/../../../../arm-none-eabi/lib/thumb\libg.a(lib_a-findfp.o)
 .bss           0x02016130        0x0 d:/devkitpro/devkitarm/bin/../lib/gcc/arm-none-eabi/4.9.2/../../../../arm-none-eabi/lib/thumb\libg.a(lib_a-fputwc.o)
 .bss           0x02016130        0x0 d:/devkitpro/devkitarm/bin/../lib/gcc/arm-none-eabi/4.9.2/../../../../arm-none-eabi/lib/thumb\libg.a(lib_a-freer.o)
 .bss           0x02016130        0x0 d:/devkitpro/devkitarm/bin/../lib/gcc/arm-none-eabi/4.9.2/../../../../arm-none-eabi/lib/thumb\libg.a(lib_a-fvwrite.o)
 .bss           0x02016130        0x0 d:/devkitpro/devkitarm/bin/../lib/gcc/arm-none-eabi/4.9.2/../../../../arm-none-eabi/lib/thumb\libg.a(lib_a-fwalk.o)
 .bss           0x02016130        0x0 d:/devkitpro/devkitarm/bin/../lib/gcc/arm-none-eabi/4.9.2/../../../../arm-none-eabi/lib/thumb\libg.a(lib_a-iswspace.o)
 .bss           0x02016130        0x0 d:/devkitpro/devkitarm/bin/../lib/gcc/arm-none-eabi/4.9.2/../../../../arm-none-eabi/lib/thumb\libg.a(lib_a-jp2uc.o)
 .bss           0x02016130      0x2b8 d:/devkitpro/devkitarm/bin/../lib/gcc/arm-none-eabi/4.9.2/../../../../arm-none-eabi/lib/thumb\libg.a(lib_a-locale.o)
                0x020163dc                _PathLocale
                0x020163e0                __mlocale_changed
                0x020163e4                __nlocale_changed
 .bss           0x020163e8        0x0 d:/devkitpro/devkitarm/bin/../lib/gcc/arm-none-eabi/4.9.2/../../../../arm-none-eabi/lib/thumb\libg.a(lib_a-makebuf.o)
 .bss           0x020163e8        0x0 d:/devkitpro/devkitarm/bin/../lib/gcc/arm-none-eabi/4.9.2/../../../../arm-none-eabi/lib/thumb\libg.a(lib_a-malloc.o)
 .bss           0x020163e8       0x34 d:/devkitpro/devkitarm/bin/../lib/gcc/arm-none-eabi/4.9.2/../../../../arm-none-eabi/lib/thumb\libg.a(lib_a-mallocr.o)
                0x020163e8                __malloc_top_pad
                0x020163ec                __malloc_current_mallinfo
                0x02016414                __malloc_max_sbrked_mem
                0x02016418                __malloc_max_total_mem
 .bss           0x0201641c        0x0 d:/devkitpro/devkitarm/bin/../lib/gcc/arm-none-eabi/4.9.2/../../../../arm-none-eabi/lib/thumb\libg.a(lib_a-mbrtowc.o)
 .bss           0x0201641c        0x0 d:/devkitpro/devkitarm/bin/../lib/gcc/arm-none-eabi/4.9.2/../../../../arm-none-eabi/lib/thumb\libg.a(lib_a-mbtowc_r.o)
 .bss           0x0201641c        0x0 d:/devkitpro/devkitarm/bin/../lib/gcc/arm-none-eabi/4.9.2/../../../../arm-none-eabi/lib/thumb\libg.a(lib_a-memchr-stub.o)
 .bss           0x0201641c        0x0 d:/devkitpro/devkitarm/bin/../lib/gcc/arm-none-eabi/4.9.2/../../../../arm-none-eabi/lib/thumb\libg.a(lib_a-memmove.o)
 .bss           0x0201641c        0x0 d:/devkitpro/devkitarm/bin/../lib/gcc/arm-none-eabi/4.9.2/../../../../arm-none-eabi/lib/thumb\libg.a(lib_a-memset.o)
 .bss           0x0201641c        0x0 d:/devkitpro/devkitarm/bin/../lib/gcc/arm-none-eabi/4.9.2/../../../../arm-none-eabi/lib/thumb\libg.a(lib_a-mlock.o)
 .bss           0x0201641c        0x0 d:/devkitpro/devkitarm/bin/../lib/gcc/arm-none-eabi/4.9.2/../../../../arm-none-eabi/lib/thumb\libg.a(lib_a-reallocr.o)
 .bss           0x0201641c        0x0 d:/devkitpro/devkitarm/bin/../lib/gcc/arm-none-eabi/4.9.2/../../../../arm-none-eabi/lib/thumb\libg.a(lib_a-sccl.o)
 .bss           0x0201641c        0x0 d:/devkitpro/devkitarm/bin/../lib/gcc/arm-none-eabi/4.9.2/../../../../arm-none-eabi/lib/thumb\libg.a(lib_a-strcasecmp.o)
 .bss           0x0201641c        0x0 d:/devkitpro/devkitarm/bin/../lib/gcc/arm-none-eabi/4.9.2/../../../../arm-none-eabi/lib/thumb\libg.a(lib_a-strcat.o)
 .bss           0x0201641c        0x0 d:/devkitpro/devkitarm/bin/../lib/gcc/arm-none-eabi/4.9.2/../../../../arm-none-eabi/lib/thumb\libg.a(lib_a-strchr.o)
 .bss           0x0201641c        0x0 d:/devkitpro/devkitarm/bin/../lib/gcc/arm-none-eabi/4.9.2/../../../../arm-none-eabi/lib/thumb\libg.a(lib_a-strcmp.o)
 .bss           0x0201641c        0x0 d:/devkitpro/devkitarm/bin/../lib/gcc/arm-none-eabi/4.9.2/../../../../arm-none-eabi/lib/thumb\libg.a(lib_a-strcpy.o)
 .bss           0x0201641c        0x0 d:/devkitpro/devkitarm/bin/../lib/gcc/arm-none-eabi/4.9.2/../../../../arm-none-eabi/lib/thumb\libg.a(lib_a-strlcpy.o)
 .bss           0x0201641c        0x0 d:/devkitpro/devkitarm/bin/../lib/gcc/arm-none-eabi/4.9.2/../../../../arm-none-eabi/lib/thumb\libg.a(lib_a-strncasecmp.o)
 .bss           0x0201641c        0x0 d:/devkitpro/devkitarm/bin/../lib/gcc/arm-none-eabi/4.9.2/../../../../arm-none-eabi/lib/thumb\libg.a(lib_a-strncmp.o)
 .bss           0x0201641c        0x0 d:/devkitpro/devkitarm/bin/../lib/gcc/arm-none-eabi/4.9.2/../../../../arm-none-eabi/lib/thumb\libg.a(lib_a-strncpy.o)
 .bss           0x0201641c        0x0 d:/devkitpro/devkitarm/bin/../lib/gcc/arm-none-eabi/4.9.2/../../../../arm-none-eabi/lib/thumb\libg.a(lib_a-strtoll_r.o)
 .bss           0x0201641c        0x0 d:/devkitpro/devkitarm/bin/../lib/gcc/arm-none-eabi/4.9.2/../../../../arm-none-eabi/lib/thumb\libg.a(lib_a-strtol.o)
 .bss           0x0201641c        0x0 d:/devkitpro/devkitarm/bin/../lib/gcc/arm-none-eabi/4.9.2/../../../../arm-none-eabi/lib/thumb\libg.a(lib_a-strtoull_r.o)
 .bss           0x0201641c        0x0 d:/devkitpro/devkitarm/bin/../lib/gcc/arm-none-eabi/4.9.2/../../../../arm-none-eabi/lib/thumb\libg.a(lib_a-strtoul.o)
 .bss           0x0201641c        0x0 d:/devkitpro/devkitarm/bin/../lib/gcc/arm-none-eabi/4.9.2/../../../../arm-none-eabi/lib/thumb\libg.a(lib_a-svfiprintf.o)
 .bss           0x0201641c        0x0 d:/devkitpro/devkitarm/bin/../lib/gcc/arm-none-eabi/4.9.2/../../../../arm-none-eabi/lib/thumb\libg.a(lib_a-wbuf.o)
 .bss           0x0201641c        0x0 d:/devkitpro/devkitarm/bin/../lib/gcc/arm-none-eabi/4.9.2/../../../../arm-none-eabi/lib/thumb\libg.a(lib_a-wcsnrtombs.o)
 .bss           0x0201641c        0x0 d:/devkitpro/devkitarm/bin/../lib/gcc/arm-none-eabi/4.9.2/../../../../arm-none-eabi/lib/thumb\libg.a(lib_a-fclose.o)
 .bss           0x0201641c        0x0 d:/devkitpro/devkitarm/bin/../lib/gcc/arm-none-eabi/4.9.2/../../../../arm-none-eabi/lib/thumb\libg.a(lib_a-getenv_r.o)
 .bss           0x0201641c        0x4 d:/devkitpro/devkitarm/bin/../lib/gcc/arm-none-eabi/4.9.2/../../../../arm-none-eabi/lib/thumb\libg.a(lib_a-environ.o)
 .bss           0x02016420        0x0 d:/devkitpro/devkitarm/bin/../lib/gcc/arm-none-eabi/4.9.2/../../../../arm-none-eabi/lib/thumb\libg.a(lib_a-envlock.o)
 .bss           0x02016420        0x0 d:/devkitpro/devkitarm/bin/../lib/gcc/arm-none-eabi/4.9.2/../../../../arm-none-eabi/lib/thumb\libsysbase.a(iosupport.o)
 .bss           0x02016420        0x0 d:/devkitpro/devkitarm/bin/../lib/gcc/arm-none-eabi/4.9.2/../../../../arm-none-eabi/lib/thumb\libsysbase.a(close.o)
 .bss           0x02016420        0x0 d:/devkitpro/devkitarm/bin/../lib/gcc/arm-none-eabi/4.9.2/../../../../arm-none-eabi/lib/thumb\libsysbase.a(fstat.o)
 .bss           0x02016420        0x0 d:/devkitpro/devkitarm/bin/../lib/gcc/arm-none-eabi/4.9.2/../../../../arm-none-eabi/lib/thumb\libsysbase.a(isatty.o)
 .bss           0x02016420        0x0 d:/devkitpro/devkitarm/bin/../lib/gcc/arm-none-eabi/4.9.2/../../../../arm-none-eabi/lib/thumb\libsysbase.a(lseek.o)
 .bss           0x02016420        0x0 d:/devkitpro/devkitarm/bin/../lib/gcc/arm-none-eabi/4.9.2/../../../../arm-none-eabi/lib/thumb\libsysbase.a(read.o)
 .bss           0x02016420        0x4 d:/devkitpro/devkitarm/bin/../lib/gcc/arm-none-eabi/4.9.2/../../../../arm-none-eabi/lib/thumb\libsysbase.a(sbrk.o)
 .bss           0x02016424        0x0 d:/devkitpro/devkitarm/bin/../lib/gcc/arm-none-eabi/4.9.2/../../../../arm-none-eabi/lib/thumb\libsysbase.a(times.o)
 .bss           0x02016424        0x0 d:/devkitpro/devkitarm/bin/../lib/gcc/arm-none-eabi/4.9.2/../../../../arm-none-eabi/lib/thumb\libsysbase.a(write.o)
 .bss           0x02016424        0x8 d:/devkitpro/devkitarm/bin/../lib/gcc/arm-none-eabi/4.9.2/../../../../arm-none-eabi/lib/thumb\libsysbase.a(malloc_vars.o)
                0x02016424                fake_heap_start
                0x02016428                fake_heap_end
 .bss           0x0201642c        0x0 d:/devkitpro/devkitarm/bin/../lib/gcc/arm-none-eabi/4.9.2/../../../../arm-none-eabi/lib/thumb\libsysbase.a(build_argv.o)
 .bss           0x0201642c        0x8 d:/devkitpro/devkitarm/bin/../lib/gcc/arm-none-eabi/4.9.2/../../../../arm-none-eabi/lib/thumb\libsysbase.a(syscall_support.o)
                0x0201642c                __syscalls
 .bss           0x02016434     0x1000 d:/devkitpro/devkitarm/bin/../lib/gcc/arm-none-eabi/4.9.2/../../../../arm-none-eabi/lib/thumb\libsysbase.a(handle_manager.o)
 .bss           0x02017434        0x0 d:/devkitpro/devkitarm/bin/../lib/gcc/arm-none-eabi/4.9.2/thumb\libgcc.a(_udivsi3.o)
 .bss           0x02017434        0x0 d:/devkitpro/devkitarm/bin/../lib/gcc/arm-none-eabi/4.9.2/thumb\libgcc.a(_aeabi_uldivmod.o)
 .bss           0x02017434        0x0 d:/devkitpro/devkitarm/bin/../lib/gcc/arm-none-eabi/4.9.2/thumb\libgcc.a(_muldi3.o)
 .bss           0x02017434        0x0 d:/devkitpro/devkitarm/bin/../lib/gcc/arm-none-eabi/4.9.2/thumb\libgcc.a(bpabi.o)
 .bss           0x02017434        0x0 d:/devkitpro/devkitarm/bin/../lib/gcc/arm-none-eabi/4.9.2/thumb\libgcc.a(_divdi3.o)
 .bss           0x02017434        0x0 d:/devkitpro/devkitarm/bin/../lib/gcc/arm-none-eabi/4.9.2/thumb\libgcc.a(_udivdi3.o)
 .bss           0x02017434        0x0 d:/devkitpro/devkitarm/bin/../lib/gcc/arm-none-eabi/4.9.2/thumb\libgcc.a(_clzdi2.o)
 .bss           0x02017434        0x0 d:/devkitpro/devkitarm/bin/../lib/gcc/arm-none-eabi/4.9.2/thumb\libgcc.a(_clzsi2.o)
 .bss           0x02017434        0x0 d:/devkitpro/devkitarm/bin/../lib/gcc/arm-none-eabi/4.9.2/../../../../arm-none-eabi/lib/thumb\libg.a(lib_a-errno.o)
 .bss           0x02017434        0x0 d:/devkitpro/devkitarm/bin/../lib/gcc/arm-none-eabi/4.9.2/thumb/crtend.o
 .bss           0x02017434        0x0 d:/devkitpro/devkitarm/bin/../lib/gcc/arm-none-eabi/4.9.2/thumb/crtn.o
 *(COMMON)
 COMMON         0x02017434       0x5c d:/devkitPro/libnds/lib\libnds9.a(console.o)
                0x02017434                currentCopy
 COMMON         0x02017490        0x1 d:/devkitPro/libnds/lib\libnds9.a(initSystem.o)
                0x02017490                __dsimode
 *fill*         0x02017491        0x3 
 COMMON         0x02017494      0xa40 d:/devkitPro/libnds/lib\libnds9.a(fifosystem.o)
                0x02017494                fifo_datamsg_data
                0x020174d4                fifo_buffer
                0x02017cd4                fifo_value32_func
                0x02017d14                fifo_address_func
                0x02017d54                fifo_value32_data
                0x02017d94                fifo_value32_queue
                0x02017dd4                fifo_data_queue
                0x02017e14                fifo_address_data
                0x02017e54                fifo_datamsg_func
                0x02017e94                fifo_address_queue
 COMMON         0x02017ed4      0x148 d:/devkitPro/libnds/lib\libnds9.a(background.o)
                0x02017ed4                bgState
                0x02018014                bgIsTextLut
 COMMON         0x0201801c        0x4 d:/devkitpro/devkitarm/bin/../lib/gcc/arm-none-eabi/4.9.2/../../../../arm-none-eabi/lib/thumb\libsysbase.a(times.o)
                0x0201801c                punixTime
                0x02018020                . = ALIGN (0x4)
                0x02018020                __bss_end__ = ABSOLUTE (.)
                0x02018020                __end__ = ABSOLUTE (.)

.stab
 *(.stab)

.stabstr
 *(.stabstr)

.stab.excl
 *(.stab.excl)

.stab.exclstr
 *(.stab.exclstr)

.stab.index
 *(.stab.index)

.stab.indexstr
 *(.stab.indexstr)

.comment        0x00000000       0x44
 *(.comment)
 .comment       0x00000000       0x22 d:/devkitpro/devkitarm/bin/../lib/gcc/arm-none-eabi/4.9.2/thumb/crtbegin.o
                                 0x23 (size before relaxing)
 .comment       0x00000000       0x23 main.o
 .comment       0x00000022       0x22 d:/devkitPro/libnds/lib\libnds9.a(console.o)
                                 0x23 (size before relaxing)
 .comment       0x00000000       0x23 d:/devkitPro/libnds/lib\libnds9.a(keys.o)
 .comment       0x00000000       0x23 d:/devkitPro/libnds/lib\libnds9.a(touch.o)
 .comment       0x00000000       0x23 d:/devkitPro/libnds/lib\libnds9.a(initSystem.o)
 .comment       0x00000000       0x23 d:/devkitPro/libnds/lib\libnds9.a(fifosystem.o)
 .comment       0x00000000       0x23 d:/devkitPro/libnds/lib\libnds9.a(interrupts.o)
 .comment       0x00000000       0x23 d:/devkitPro/libnds/lib\libnds9.a(libnds_exit.arm.o)
 .comment       0x00000000       0x23 d:/devkitPro/libnds/lib\libnds9.a(background.o)
 .comment       0x00000000       0x23 d:/devkitPro/libnds/lib\libnds9.a(system.o)
 .comment       0x00000000       0x23 d:/devkitPro/libnds/lib\libnds9.a(trig.o)
 .comment       0x00000000       0x23 d:/devkitPro/libnds/lib\libnds9.a(video.o)
 .comment       0x00000000       0x23 d:/devkitpro/devkitarm/bin/../lib/gcc/arm-none-eabi/4.9.2/../../../../arm-none-eabi/lib/thumb\libg.a(lib_a-bsearch.o)
 .comment       0x00000000       0x23 d:/devkitpro/devkitarm/bin/../lib/gcc/arm-none-eabi/4.9.2/../../../../arm-none-eabi/lib/thumb\libg.a(lib_a-impure.o)
 .comment       0x00000000       0x23 d:/devkitpro/devkitarm/bin/../lib/gcc/arm-none-eabi/4.9.2/../../../../arm-none-eabi/lib/thumb\libg.a(lib_a-init.o)
 .comment       0x00000000       0x23 d:/devkitpro/devkitarm/bin/../lib/gcc/arm-none-eabi/4.9.2/../../../../arm-none-eabi/lib/thumb\libg.a(lib_a-iprintf.o)
 .comment       0x00000000       0x23 d:/devkitpro/devkitarm/bin/../lib/gcc/arm-none-eabi/4.9.2/../../../../arm-none-eabi/lib/thumb\libg.a(lib_a-memcpy-stub.o)
 .comment       0x00000000       0x23 d:/devkitpro/devkitarm/bin/../lib/gcc/arm-none-eabi/4.9.2/../../../../arm-none-eabi/lib/thumb\libg.a(lib_a-puts.o)
 .comment       0x00000000       0x23 d:/devkitpro/devkitarm/bin/../lib/gcc/arm-none-eabi/4.9.2/../../../../arm-none-eabi/lib/thumb\libg.a(lib_a-setvbuf.o)
 .comment       0x00000000       0x23 d:/devkitpro/devkitarm/bin/../lib/gcc/arm-none-eabi/4.9.2/../../../../arm-none-eabi/lib/thumb\libg.a(lib_a-siscanf.o)
 .comment       0x00000000       0x23 d:/devkitpro/devkitarm/bin/../lib/gcc/arm-none-eabi/4.9.2/../../../../arm-none-eabi/lib/thumb\libg.a(lib_a-stdio.o)
 .comment       0x00000000       0x23 d:/devkitpro/devkitarm/bin/../lib/gcc/arm-none-eabi/4.9.2/../../../../arm-none-eabi/lib/thumb\libg.a(lib_a-strlen.o)
 .comment       0x00000000       0x23 d:/devkitpro/devkitarm/bin/../lib/gcc/arm-none-eabi/4.9.2/../../../../arm-none-eabi/lib/thumb\libg.a(lib_a-svfiscanf.o)
 .comment       0x00000000       0x23 d:/devkitpro/devkitarm/bin/../lib/gcc/arm-none-eabi/4.9.2/../../../../arm-none-eabi/lib/thumb\libg.a(lib_a-ungetc.o)
 .comment       0x00000000       0x23 d:/devkitpro/devkitarm/bin/../lib/gcc/arm-none-eabi/4.9.2/../../../../arm-none-eabi/lib/thumb\libg.a(lib_a-vfiprintf.o)
 .comment       0x00000000       0x23 d:/devkitpro/devkitarm/bin/../lib/gcc/arm-none-eabi/4.9.2/../../../../arm-none-eabi/lib/thumb\libg.a(lib_a-wcrtomb.o)
 .comment       0x00000000       0x23 d:/devkitpro/devkitarm/bin/../lib/gcc/arm-none-eabi/4.9.2/../../../../arm-none-eabi/lib/thumb\libg.a(lib_a-wcsrtombs.o)
 .comment       0x00000000       0x23 d:/devkitpro/devkitarm/bin/../lib/gcc/arm-none-eabi/4.9.2/../../../../arm-none-eabi/lib/thumb\libg.a(lib_a-wctomb_r.o)
 .comment       0x00000000       0x23 d:/devkitpro/devkitarm/bin/../lib/gcc/arm-none-eabi/4.9.2/../../../../arm-none-eabi/lib/thumb\libg.a(lib_a-wsetup.o)
 .comment       0x00000000       0x23 d:/devkitpro/devkitarm/bin/../lib/gcc/arm-none-eabi/4.9.2/../../../../arm-none-eabi/lib/thumb\libg.a(lib_a-ctype_.o)
 .comment       0x00000000       0x23 d:/devkitpro/devkitarm/bin/../lib/gcc/arm-none-eabi/4.9.2/../../../../arm-none-eabi/lib/thumb\libg.a(lib_a-fflush.o)
 .comment       0x00000000       0x23 d:/devkitpro/devkitarm/bin/../lib/gcc/arm-none-eabi/4.9.2/../../../../arm-none-eabi/lib/thumb\libg.a(lib_a-findfp.o)
 .comment       0x00000000       0x23 d:/devkitpro/devkitarm/bin/../lib/gcc/arm-none-eabi/4.9.2/../../../../arm-none-eabi/lib/thumb\libg.a(lib_a-fputwc.o)
 .comment       0x00000000       0x23 d:/devkitpro/devkitarm/bin/../lib/gcc/arm-none-eabi/4.9.2/../../../../arm-none-eabi/lib/thumb\libg.a(lib_a-freer.o)
 .comment       0x00000000       0x23 d:/devkitpro/devkitarm/bin/../lib/gcc/arm-none-eabi/4.9.2/../../../../arm-none-eabi/lib/thumb\libg.a(lib_a-fvwrite.o)
 .comment       0x00000000       0x23 d:/devkitpro/devkitarm/bin/../lib/gcc/arm-none-eabi/4.9.2/../../../../arm-none-eabi/lib/thumb\libg.a(lib_a-fwalk.o)
 .comment       0x00000000       0x23 d:/devkitpro/devkitarm/bin/../lib/gcc/arm-none-eabi/4.9.2/../../../../arm-none-eabi/lib/thumb\libg.a(lib_a-iswspace.o)
 .comment       0x00000000       0x23 d:/devkitpro/devkitarm/bin/../lib/gcc/arm-none-eabi/4.9.2/../../../../arm-none-eabi/lib/thumb\libg.a(lib_a-jp2uc.o)
 .comment       0x00000000       0x23 d:/devkitpro/devkitarm/bin/../lib/gcc/arm-none-eabi/4.9.2/../../../../arm-none-eabi/lib/thumb\libg.a(lib_a-locale.o)
 .comment       0x00000000       0x23 d:/devkitpro/devkitarm/bin/../lib/gcc/arm-none-eabi/4.9.2/../../../../arm-none-eabi/lib/thumb\libg.a(lib_a-makebuf.o)
 .comment       0x00000000       0x23 d:/devkitpro/devkitarm/bin/../lib/gcc/arm-none-eabi/4.9.2/../../../../arm-none-eabi/lib/thumb\libg.a(lib_a-malloc.o)
 .comment       0x00000000       0x23 d:/devkitpro/devkitarm/bin/../lib/gcc/arm-none-eabi/4.9.2/../../../../arm-none-eabi/lib/thumb\libg.a(lib_a-mallocr.o)
 .comment       0x00000000       0x23 d:/devkitpro/devkitarm/bin/../lib/gcc/arm-none-eabi/4.9.2/../../../../arm-none-eabi/lib/thumb\libg.a(lib_a-mbrtowc.o)
 .comment       0x00000000       0x23 d:/devkitpro/devkitarm/bin/../lib/gcc/arm-none-eabi/4.9.2/../../../../arm-none-eabi/lib/thumb\libg.a(lib_a-mbtowc_r.o)
 .comment       0x00000000       0x23 d:/devkitpro/devkitarm/bin/../lib/gcc/arm-none-eabi/4.9.2/../../../../arm-none-eabi/lib/thumb\libg.a(lib_a-memchr-stub.o)
 .comment       0x00000000       0x23 d:/devkitpro/devkitarm/bin/../lib/gcc/arm-none-eabi/4.9.2/../../../../arm-none-eabi/lib/thumb\libg.a(lib_a-memmove.o)
 .comment       0x00000000       0x23 d:/devkitpro/devkitarm/bin/../lib/gcc/arm-none-eabi/4.9.2/../../../../arm-none-eabi/lib/thumb\libg.a(lib_a-memset.o)
 .comment       0x00000000       0x23 d:/devkitpro/devkitarm/bin/../lib/gcc/arm-none-eabi/4.9.2/../../../../arm-none-eabi/lib/thumb\libg.a(lib_a-mlock.o)
 .comment       0x00000000       0x23 d:/devkitpro/devkitarm/bin/../lib/gcc/arm-none-eabi/4.9.2/../../../../arm-none-eabi/lib/thumb\libg.a(lib_a-reallocr.o)
 .comment       0x00000000       0x23 d:/devkitpro/devkitarm/bin/../lib/gcc/arm-none-eabi/4.9.2/../../../../arm-none-eabi/lib/thumb\libg.a(lib_a-sccl.o)
 .comment       0x00000000       0x23 d:/devkitpro/devkitarm/bin/../lib/gcc/arm-none-eabi/4.9.2/../../../../arm-none-eabi/lib/thumb\libg.a(lib_a-strcasecmp.o)
 .comment       0x00000000       0x23 d:/devkitpro/devkitarm/bin/../lib/gcc/arm-none-eabi/4.9.2/../../../../arm-none-eabi/lib/thumb\libg.a(lib_a-strcat.o)
 .comment       0x00000000       0x23 d:/devkitpro/devkitarm/bin/../lib/gcc/arm-none-eabi/4.9.2/../../../../arm-none-eabi/lib/thumb\libg.a(lib_a-strchr.o)
 .comment       0x00000000       0x23 d:/devkitpro/devkitarm/bin/../lib/gcc/arm-none-eabi/4.9.2/../../../../arm-none-eabi/lib/thumb\libg.a(lib_a-strcpy.o)
 .comment       0x00000000       0x23 d:/devkitpro/devkitarm/bin/../lib/gcc/arm-none-eabi/4.9.2/../../../../arm-none-eabi/lib/thumb\libg.a(lib_a-strlcpy.o)
 .comment       0x00000000       0x23 d:/devkitpro/devkitarm/bin/../lib/gcc/arm-none-eabi/4.9.2/../../../../arm-none-eabi/lib/thumb\libg.a(lib_a-strncasecmp.o)
 .comment       0x00000000       0x23 d:/devkitpro/devkitarm/bin/../lib/gcc/arm-none-eabi/4.9.2/../../../../arm-none-eabi/lib/thumb\libg.a(lib_a-strncmp.o)
 .comment       0x00000000       0x23 d:/devkitpro/devkitarm/bin/../lib/gcc/arm-none-eabi/4.9.2/../../../../arm-none-eabi/lib/thumb\libg.a(lib_a-strncpy.o)
 .comment       0x00000000       0x23 d:/devkitpro/devkitarm/bin/../lib/gcc/arm-none-eabi/4.9.2/../../../../arm-none-eabi/lib/thumb\libg.a(lib_a-strtoll_r.o)
 .comment       0x00000000       0x23 d:/devkitpro/devkitarm/bin/../lib/gcc/arm-none-eabi/4.9.2/../../../../arm-none-eabi/lib/thumb\libg.a(lib_a-strtol.o)
 .comment       0x00000000       0x23 d:/devkitpro/devkitarm/bin/../lib/gcc/arm-none-eabi/4.9.2/../../../../arm-none-eabi/lib/thumb\libg.a(lib_a-strtoull_r.o)
 .comment       0x00000000       0x23 d:/devkitpro/devkitarm/bin/../lib/gcc/arm-none-eabi/4.9.2/../../../../arm-none-eabi/lib/thumb\libg.a(lib_a-strtoul.o)
 .comment       0x00000000       0x23 d:/devkitpro/devkitarm/bin/../lib/gcc/arm-none-eabi/4.9.2/../../../../arm-none-eabi/lib/thumb\libg.a(lib_a-svfiprintf.o)
 .comment       0x00000000       0x23 d:/devkitpro/devkitarm/bin/../lib/gcc/arm-none-eabi/4.9.2/../../../../arm-none-eabi/lib/thumb\libg.a(lib_a-wbuf.o)
 .comment       0x00000000       0x23 d:/devkitpro/devkitarm/bin/../lib/gcc/arm-none-eabi/4.9.2/../../../../arm-none-eabi/lib/thumb\libg.a(lib_a-wcsnrtombs.o)
 .comment       0x00000000       0x23 d:/devkitpro/devkitarm/bin/../lib/gcc/arm-none-eabi/4.9.2/../../../../arm-none-eabi/lib/thumb\libg.a(lib_a-fclose.o)
 .comment       0x00000000       0x23 d:/devkitpro/devkitarm/bin/../lib/gcc/arm-none-eabi/4.9.2/../../../../arm-none-eabi/lib/thumb\libg.a(lib_a-getenv_r.o)
 .comment       0x00000000       0x23 d:/devkitpro/devkitarm/bin/../lib/gcc/arm-none-eabi/4.9.2/../../../../arm-none-eabi/lib/thumb\libg.a(lib_a-environ.o)
 .comment       0x00000000       0x23 d:/devkitpro/devkitarm/bin/../lib/gcc/arm-none-eabi/4.9.2/../../../../arm-none-eabi/lib/thumb\libg.a(lib_a-envlock.o)
 .comment       0x00000000       0x23 d:/devkitpro/devkitarm/bin/../lib/gcc/arm-none-eabi/4.9.2/../../../../arm-none-eabi/lib/thumb\libsysbase.a(iosupport.o)
 .comment       0x00000000       0x23 d:/devkitpro/devkitarm/bin/../lib/gcc/arm-none-eabi/4.9.2/../../../../arm-none-eabi/lib/thumb\libsysbase.a(close.o)
 .comment       0x00000000       0x23 d:/devkitpro/devkitarm/bin/../lib/gcc/arm-none-eabi/4.9.2/../../../../arm-none-eabi/lib/thumb\libsysbase.a(fstat.o)
 .comment       0x00000000       0x23 d:/devkitpro/devkitarm/bin/../lib/gcc/arm-none-eabi/4.9.2/../../../../arm-none-eabi/lib/thumb\libsysbase.a(isatty.o)
 .comment       0x00000000       0x23 d:/devkitpro/devkitarm/bin/../lib/gcc/arm-none-eabi/4.9.2/../../../../arm-none-eabi/lib/thumb\libsysbase.a(lseek.o)
 .comment       0x00000000       0x23 d:/devkitpro/devkitarm/bin/../lib/gcc/arm-none-eabi/4.9.2/../../../../arm-none-eabi/lib/thumb\libsysbase.a(read.o)
 .comment       0x00000000       0x23 d:/devkitpro/devkitarm/bin/../lib/gcc/arm-none-eabi/4.9.2/../../../../arm-none-eabi/lib/thumb\libsysbase.a(sbrk.o)
 .comment       0x00000000       0x23 d:/devkitpro/devkitarm/bin/../lib/gcc/arm-none-eabi/4.9.2/../../../../arm-none-eabi/lib/thumb\libsysbase.a(times.o)
 .comment       0x00000000       0x23 d:/devkitpro/devkitarm/bin/../lib/gcc/arm-none-eabi/4.9.2/../../../../arm-none-eabi/lib/thumb\libsysbase.a(write.o)
 .comment       0x00000000       0x23 d:/devkitpro/devkitarm/bin/../lib/gcc/arm-none-eabi/4.9.2/../../../../arm-none-eabi/lib/thumb\libsysbase.a(malloc_vars.o)
 .comment       0x00000000       0x23 d:/devkitpro/devkitarm/bin/../lib/gcc/arm-none-eabi/4.9.2/../../../../arm-none-eabi/lib/thumb\libsysbase.a(build_argv.o)
 .comment       0x00000000       0x23 d:/devkitpro/devkitarm/bin/../lib/gcc/arm-none-eabi/4.9.2/../../../../arm-none-eabi/lib/thumb\libsysbase.a(syscall_support.o)
 .comment       0x00000000       0x23 d:/devkitpro/devkitarm/bin/../lib/gcc/arm-none-eabi/4.9.2/../../../../arm-none-eabi/lib/thumb\libsysbase.a(handle_manager.o)
 .comment       0x00000000       0x23 d:/devkitpro/devkitarm/bin/../lib/gcc/arm-none-eabi/4.9.2/thumb\libgcc.a(_muldi3.o)
 .comment       0x00000000       0x23 d:/devkitpro/devkitarm/bin/../lib/gcc/arm-none-eabi/4.9.2/thumb\libgcc.a(bpabi.o)
 .comment       0x00000000       0x23 d:/devkitpro/devkitarm/bin/../lib/gcc/arm-none-eabi/4.9.2/thumb\libgcc.a(_divdi3.o)
 .comment       0x00000000       0x23 d:/devkitpro/devkitarm/bin/../lib/gcc/arm-none-eabi/4.9.2/thumb\libgcc.a(_udivdi3.o)
 .comment       0x00000000       0x23 d:/devkitpro/devkitarm/bin/../lib/gcc/arm-none-eabi/4.9.2/../../../../arm-none-eabi/lib/thumb\libg.a(lib_a-errno.o)
 .comment       0x00000000       0x23 d:/devkitpro/devkitarm/bin/../lib/gcc/arm-none-eabi/4.9.2/thumb/crtend.o

.ARM.attributes
                0x00000000       0x2d
 .ARM.attributes
                0x00000000       0x21 d:/devkitpro/devkitarm/bin/../lib/gcc/arm-none-eabi/4.9.2/../../../../arm-none-eabi/lib/thumb/ds_arm9_crt0.o
 .ARM.attributes
                0x00000021       0x16 d:/devkitpro/devkitarm/bin/../lib/gcc/arm-none-eabi/4.9.2/thumb/crti.o
 .ARM.attributes
                0x00000037       0x30 d:/devkitpro/devkitarm/bin/../lib/gcc/arm-none-eabi/4.9.2/thumb/crtbegin.o
 .ARM.attributes
                0x00000067       0x27 main.o
 .ARM.attributes
                0x0000008e       0x27 d:/devkitPro/libnds/lib\libnds9.a(console.o)
 .ARM.attributes
                0x000000b5       0x27 d:/devkitPro/libnds/lib\libnds9.a(keys.o)
 .ARM.attributes
                0x000000dc       0x27 d:/devkitPro/libnds/lib\libnds9.a(touch.o)
 .ARM.attributes
                0x00000103       0x27 d:/devkitPro/libnds/lib\libnds9.a(initSystem.o)
 .ARM.attributes
                0x0000012a       0x27 d:/devkitPro/libnds/lib\libnds9.a(fifosystem.o)
 .ARM.attributes
                0x00000151       0x27 d:/devkitPro/libnds/lib\libnds9.a(interrupts.o)
 .ARM.attributes
                0x00000178       0x27 d:/devkitPro/libnds/lib\libnds9.a(libnds_exit.arm.o)
 .ARM.attributes
                0x0000019f       0x21 d:/devkitPro/libnds/lib\libnds9.a(mpu_setup.o)
 .ARM.attributes
                0x000001c0       0x1b d:/devkitPro/libnds/lib\libnds9.a(biosCalls.o)
 .ARM.attributes
                0x000001db       0x1b d:/devkitPro/libnds/lib\libnds9.a(debugprint.o)
 .ARM.attributes
                0x000001f6       0x1b d:/devkitPro/libnds/lib\libnds9.a(interruptDispatcher.o)
 .ARM.attributes
                0x00000211       0x21 d:/devkitPro/libnds/lib\libnds9.a(swiSoftReset.o)
 .ARM.attributes
                0x00000232       0x14 d:/devkitPro/libnds/lib\libnds9.a(default_font.bin.o)
 .ARM.attributes
                0x00000246       0x27 d:/devkitPro/libnds/lib\libnds9.a(background.o)
 .ARM.attributes
                0x0000026d       0x27 d:/devkitPro/libnds/lib\libnds9.a(system.o)
 .ARM.attributes
                0x00000294       0x27 d:/devkitPro/libnds/lib\libnds9.a(trig.o)
 .ARM.attributes
                0x000002bb       0x27 d:/devkitPro/libnds/lib\libnds9.a(video.o)
 .ARM.attributes
                0x000002e2       0x18 d:/devkitpro/devkitarm/bin/../lib/gcc/arm-none-eabi/4.9.2/thumb\libgcc.a(_divsi3.o)
 .ARM.attributes
                0x000002fa       0x16 d:/devkitpro/devkitarm/bin/../lib/gcc/arm-none-eabi/4.9.2/thumb\libgcc.a(_dvmd_tls.o)
 .ARM.attributes
                0x00000310       0x30 d:/devkitpro/devkitarm/bin/../lib/gcc/arm-none-eabi/4.9.2/../../../../arm-none-eabi/lib/thumb\libg.a(lib_a-bsearch.o)
 .ARM.attributes
                0x00000340       0x30 d:/devkitpro/devkitarm/bin/../lib/gcc/arm-none-eabi/4.9.2/../../../../arm-none-eabi/lib/thumb\libg.a(lib_a-impure.o)
 .ARM.attributes
                0x00000370       0x30 d:/devkitpro/devkitarm/bin/../lib/gcc/arm-none-eabi/4.9.2/../../../../arm-none-eabi/lib/thumb\libg.a(lib_a-init.o)
 .ARM.attributes
                0x000003a0       0x30 d:/devkitpro/devkitarm/bin/../lib/gcc/arm-none-eabi/4.9.2/../../../../arm-none-eabi/lib/thumb\libg.a(lib_a-iprintf.o)
 .ARM.attributes
                0x000003d0       0x30 d:/devkitpro/devkitarm/bin/../lib/gcc/arm-none-eabi/4.9.2/../../../../arm-none-eabi/lib/thumb\libg.a(lib_a-memcpy-stub.o)
 .ARM.attributes
                0x00000400       0x30 d:/devkitpro/devkitarm/bin/../lib/gcc/arm-none-eabi/4.9.2/../../../../arm-none-eabi/lib/thumb\libg.a(lib_a-puts.o)
 .ARM.attributes
                0x00000430       0x30 d:/devkitpro/devkitarm/bin/../lib/gcc/arm-none-eabi/4.9.2/../../../../arm-none-eabi/lib/thumb\libg.a(lib_a-setvbuf.o)
 .ARM.attributes
                0x00000460       0x30 d:/devkitpro/devkitarm/bin/../lib/gcc/arm-none-eabi/4.9.2/../../../../arm-none-eabi/lib/thumb\libg.a(lib_a-siscanf.o)
 .ARM.attributes
                0x00000490       0x30 d:/devkitpro/devkitarm/bin/../lib/gcc/arm-none-eabi/4.9.2/../../../../arm-none-eabi/lib/thumb\libg.a(lib_a-stdio.o)
 .ARM.attributes
                0x000004c0       0x30 d:/devkitpro/devkitarm/bin/../lib/gcc/arm-none-eabi/4.9.2/../../../../arm-none-eabi/lib/thumb\libg.a(lib_a-strlen.o)
 .ARM.attributes
                0x000004f0       0x30 d:/devkitpro/devkitarm/bin/../lib/gcc/arm-none-eabi/4.9.2/../../../../arm-none-eabi/lib/thumb\libg.a(lib_a-svfiscanf.o)
 .ARM.attributes
                0x00000520       0x30 d:/devkitpro/devkitarm/bin/../lib/gcc/arm-none-eabi/4.9.2/../../../../arm-none-eabi/lib/thumb\libg.a(lib_a-ungetc.o)
 .ARM.attributes
                0x00000550       0x30 d:/devkitpro/devkitarm/bin/../lib/gcc/arm-none-eabi/4.9.2/../../../../arm-none-eabi/lib/thumb\libg.a(lib_a-vfiprintf.o)
 .ARM.attributes
                0x00000580       0x30 d:/devkitpro/devkitarm/bin/../lib/gcc/arm-none-eabi/4.9.2/../../../../arm-none-eabi/lib/thumb\libg.a(lib_a-wcrtomb.o)
 .ARM.attributes
                0x000005b0       0x30 d:/devkitpro/devkitarm/bin/../lib/gcc/arm-none-eabi/4.9.2/../../../../arm-none-eabi/lib/thumb\libg.a(lib_a-wcsrtombs.o)
 .ARM.attributes
                0x000005e0       0x30 d:/devkitpro/devkitarm/bin/../lib/gcc/arm-none-eabi/4.9.2/../../../../arm-none-eabi/lib/thumb\libg.a(lib_a-wctomb_r.o)
 .ARM.attributes
                0x00000610       0x30 d:/devkitpro/devkitarm/bin/../lib/gcc/arm-none-eabi/4.9.2/../../../../arm-none-eabi/lib/thumb\libg.a(lib_a-wsetup.o)
 .ARM.attributes
                0x00000640       0x30 d:/devkitpro/devkitarm/bin/../lib/gcc/arm-none-eabi/4.9.2/../../../../arm-none-eabi/lib/thumb\libg.a(lib_a-ctype_.o)
 .ARM.attributes
                0x00000670       0x30 d:/devkitpro/devkitarm/bin/../lib/gcc/arm-none-eabi/4.9.2/../../../../arm-none-eabi/lib/thumb\libg.a(lib_a-fflush.o)
 .ARM.attributes